ARM Linker, 5.03 [Build 76] [MDK-ARM Standard]

==============================================================================

Section Cross References

    adc.o(i.ADC_Config) refers to stm32f4xx_rcc.o(i.RCC_AHB1PeriphClockCmd) for RCC_AHB1PeriphClockCmd
    adc.o(i.ADC_Config) refers to stm32f4xx_rcc.o(i.RCC_APB2PeriphClockCmd) for RCC_APB2PeriphClockCmd
    adc.o(i.ADC_Config) refers to stm32f4xx_gpio.o(i.GPIO_Init) for GPIO_Init
    adc.o(i.ADC_Config) refers to stm32f4xx_adc.o(i.ADC_CommonInit) for ADC_CommonInit
    adc.o(i.ADC_Config) refers to stm32f4xx_adc.o(i.ADC_Init) for ADC_Init
    adc.o(i.ADC_Config) refers to stm32f4xx_adc.o(i.ADC_RegularChannelConfig) for ADC_RegularChannelConfig
    adc.o(i.ADC_Config) refers to stm32f4xx_adc.o(i.ADC_DMARequestAfterLastTransferCmd) for ADC_DMARequestAfterLastTransferCmd
    adc.o(i.ADC_Config) refers to stm32f4xx_adc.o(i.ADC_DMACmd) for ADC_DMACmd
    adc.o(i.ADC_Config) refers to stm32f4xx_adc.o(i.ADC_Cmd) for ADC_Cmd
    adc.o(i.ADC_Config) refers to stm32f4xx_adc.o(i.ADC_SoftwareStartConv) for ADC_SoftwareStartConv
    motor.o(i.fast_decay) refers to motor.o(i.motor_left_forward) for motor_left_forward
    motor.o(i.fast_decay) refers to motor.o(i.motor_right_forward) for motor_right_forward
    motor.o(i.fast_decay) refers to motor.o(i.left_fast_decay) for left_fast_decay
    motor.o(i.fast_decay) refers to motor.o(i.right_fast_decay) for right_fast_decay
    motor.o(i.fast_decay) refers to motor.o(i.motor_setSpeed) for motor_setSpeed
    motor.o(i.get_left_adcVal) refers to main.o(.bss) for ADC1ConvertedValue
    motor.o(i.get_right_adcVal) refers to main.o(.bss) for ADC1ConvertedValue
    motor.o(i.left_fast_decay) refers to stm32f4xx_gpio.o(i.GPIO_ResetBits) for GPIO_ResetBits
    motor.o(i.left_slow_decay) refers to stm32f4xx_gpio.o(i.GPIO_SetBits) for GPIO_SetBits
    motor.o(i.motor_backward) refers to motor.o(i.motor_left_backward) for motor_left_backward
    motor.o(i.motor_backward) refers to motor.o(i.motor_right_backward) for motor_right_backward
    motor.o(i.motor_backward) refers to motor.o(i.motor_setSpeed) for motor_setSpeed
    motor.o(i.motor_config) refers to stm32f4xx_rcc.o(i.RCC_AHB1PeriphClockCmd) for RCC_AHB1PeriphClockCmd
    motor.o(i.motor_config) refers to stm32f4xx_gpio.o(i.GPIO_Init) for GPIO_Init
    motor.o(i.motor_config) refers to stm32f4xx_rcc.o(i.RCC_APB1PeriphClockCmd) for RCC_APB1PeriphClockCmd
    motor.o(i.motor_config) refers to stm32f4xx_gpio.o(i.GPIO_PinAFConfig) for GPIO_PinAFConfig
    motor.o(i.motor_forward) refers to motor.o(i.motor_left_forward) for motor_left_forward
    motor.o(i.motor_forward) refers to motor.o(i.motor_right_forward) for motor_right_forward
    motor.o(i.motor_forward) refers to motor.o(i.motor_setSpeed) for motor_setSpeed
    motor.o(i.motor_left_backward) refers to stm32f4xx_gpio.o(i.GPIO_SetBits) for GPIO_SetBits
    motor.o(i.motor_left_forward) refers to stm32f4xx_gpio.o(i.GPIO_ResetBits) for GPIO_ResetBits
    motor.o(i.motor_right_backward) refers to stm32f4xx_gpio.o(i.GPIO_SetBits) for GPIO_SetBits
    motor.o(i.motor_right_forward) refers to stm32f4xx_gpio.o(i.GPIO_ResetBits) for GPIO_ResetBits
    motor.o(i.motor_sleep) refers to stm32f4xx_gpio.o(i.GPIO_ResetBits) for GPIO_ResetBits
    motor.o(i.motor_turn_left) refers to motor.o(i.motor_left_backward) for motor_left_backward
    motor.o(i.motor_turn_left) refers to motor.o(i.motor_right_forward) for motor_right_forward
    motor.o(i.motor_turn_left) refers to motor.o(i.motor_setLeftSpeed) for motor_setLeftSpeed
    motor.o(i.motor_turn_left) refers to motor.o(i.motor_setRightSpeed) for motor_setRightSpeed
    motor.o(i.motor_turn_left) refers to motor.o(i.motor_right_backward) for motor_right_backward
    motor.o(i.motor_turn_left) refers to motor.o(i.motor_left_forward) for motor_left_forward
    motor.o(i.motor_turn_right) refers to motor.o(i.motor_left_forward) for motor_left_forward
    motor.o(i.motor_turn_right) refers to motor.o(i.motor_right_backward) for motor_right_backward
    motor.o(i.motor_turn_right) refers to motor.o(i.motor_setLeftSpeed) for motor_setLeftSpeed
    motor.o(i.motor_turn_right) refers to motor.o(i.motor_setRightSpeed) for motor_setRightSpeed
    motor.o(i.motor_turn_right) refers to motor.o(i.motor_left_backward) for motor_left_backward
    motor.o(i.motor_turn_right) refers to motor.o(i.motor_right_forward) for motor_right_forward
    motor.o(i.motor_wake) refers to stm32f4xx_gpio.o(i.GPIO_SetBits) for GPIO_SetBits
    motor.o(i.right_fast_decay) refers to stm32f4xx_gpio.o(i.GPIO_ResetBits) for GPIO_ResetBits
    motor.o(i.right_slow_decay) refers to stm32f4xx_gpio.o(i.GPIO_SetBits) for GPIO_SetBits
    motor.o(i.slow_decay) refers to motor.o(i.left_slow_decay) for left_slow_decay
    motor.o(i.slow_decay) refers to motor.o(i.right_slow_decay) for right_slow_decay
    motor.o(i.slow_decay) refers to motor.o(i.slow_left_low) for slow_left_low
[...]
    Removing stm32f4xx_rcc.o(i.RCC_ClockSecuritySystemCmd), (12 bytes).
    Removing stm32f4xx_rcc.o(i.RCC_DeInit), (72 bytes).
    Removing stm32f4xx_rcc.o(i.RCC_GetFlagStatus), (64 bytes).
    Removing stm32f4xx_rcc.o(i.RCC_GetITStatus), (24 bytes).
    Removing stm32f4xx_rcc.o(i.RCC_GetSYSCLKSource), (16 bytes).
    Removing stm32f4xx_rcc.o(i.RCC_HSEConfig), (16 bytes).
    Removing stm32f4xx_rcc.o(i.RCC_HSICmd), (12 bytes).
    Removing stm32f4xx_rcc.o(i.RCC_I2SCLKConfig), (12 bytes).
    Removing stm32f4xx_rcc.o(i.RCC_ITConfig), (32 bytes).
    Removing stm32f4xx_rcc.o(i.RCC_LSEConfig), (44 bytes).
    Removing stm32f4xx_rcc.o(i.RCC_LSICmd), (12 bytes).
    Removing stm32f4xx_rcc.o(i.RCC_MCO1Config), (28 bytes).
    Removing stm32f4xx_rcc.o(i.RCC_MCO2Config), (28 bytes).
    Removing stm32f4xx_rcc.o(i.RCC_PLLCmd), (12 bytes).
    Removing stm32f4xx_rcc.o(i.RCC_PLLConfig), (36 bytes).
    Removing stm32f4xx_rcc.o(i.RCC_PLLI2SCmd), (12 bytes).
    Removing stm32f4xx_rcc.o(i.RCC_PLLI2SConfig), (16 bytes).
    Removing stm32f4xx_rcc.o(i.RCC_RTCCLKCmd), (12 bytes).
    Removing stm32f4xx_rcc.o(i.RCC_RTCCLKConfig), (60 bytes).
    Removing stm32f4xx_rcc.o(i.RCC_WaitForHSEStartUp), (56 bytes).
    Removing stm32f4xx_rng.o(.emb_text), (8 bytes).
    Removing stm32f4xx_rng.o(i.RNG_ClearFlag), (16 bytes).
    Removing stm32f4xx_rng.o(i.RNG_ClearITPendingBit), (16 bytes).
    Removing stm32f4xx_rng.o(i.RNG_Cmd), (36 bytes).
    Removing stm32f4xx_rng.o(i.RNG_DeInit), (20 bytes).
    Removing stm32f4xx_rng.o(i.RNG_GetFlagStatus), (24 bytes).
    Removing stm32f4xx_rng.o(i.RNG_GetITStatus), (24 bytes).
    Removing stm32f4xx_rng.o(i.RNG_GetRandomNumber), (12 bytes).
    Removing stm32f4xx_rng.o(i.RNG_ITConfig), (36 bytes).
    Removing stm32f4xx_rtc.o(.emb_text), (8 bytes).
    Removing stm32f4xx_rtc.o(i.RTC_AlarmCmd), (116 bytes).
    Removing stm32f4xx_rtc.o(i.RTC_AlarmStructInit), (22 bytes).
    Removing stm32f4xx_rtc.o(i.RTC_AlarmSubSecondConfig), (52 bytes).
    Removing stm32f4xx_rtc.o(i.RTC_Bcd2ToByte), (22 bytes).
    Removing stm32f4xx_rtc.o(i.RTC_BypassShadowCmd), (60 bytes).
    Removing stm32f4xx_rtc.o(i.RTC_ByteToBcd2), (28 bytes).
    Removing stm32f4xx_rtc.o(i.RTC_CalibOutputCmd), (60 bytes).
    Removing stm32f4xx_rtc.o(i.RTC_CalibOutputConfig), (48 bytes).
    Removing stm32f4xx_rtc.o(i.RTC_ClearFlag), (28 bytes).
    Removing stm32f4xx_rtc.o(i.RTC_ClearITPendingBit), (32 bytes).
    Removing stm32f4xx_rtc.o(i.RTC_CoarseCalibCmd), (80 bytes).
    Removing stm32f4xx_rtc.o(i.RTC_CoarseCalibConfig), (56 bytes).
    Removing stm32f4xx_rtc.o(i.RTC_DateStructInit), (14 bytes).
    Removing stm32f4xx_rtc.o(i.RTC_DayLightSavingConfig), (56 bytes).
    Removing stm32f4xx_rtc.o(i.RTC_DeInit), (192 bytes).
    Removing stm32f4xx_rtc.o(i.RTC_EnterInitMode), (80 bytes).
    Removing stm32f4xx_rtc.o(i.RTC_ExitInitMode), (20 bytes).
    Removing stm32f4xx_rtc.o(i.RTC_GetAlarm), (116 bytes).
    Removing stm32f4xx_rtc.o(i.RTC_GetAlarmSubSecond), (36 bytes).
    Removing stm32f4xx_rtc.o(i.RTC_GetDate), (76 bytes).
    Removing stm32f4xx_rtc.o(i.RTC_GetFlagStatus), (36 bytes).
    Removing stm32f4xx_rtc.o(i.RTC_GetITStatus), (64 bytes).
    Removing stm32f4xx_rtc.o(i.RTC_GetStoreOperation), (16 bytes).
    Removing stm32f4xx_rtc.o(i.RTC_GetSubSecond), (20 bytes).
    Removing stm32f4xx_rtc.o(i.RTC_GetTime), (80 bytes).
    Removing stm32f4xx_rtc.o(i.RTC_GetTimeStamp), (156 bytes).
    Removing stm32f4xx_rtc.o(i.RTC_GetTimeStampSubSecond), (12 bytes).
    Removing stm32f4xx_rtc.o(i.RTC_GetWakeUpCounter), (12 bytes).
    Removing stm32f4xx_rtc.o(i.RTC_ITConfig), (100 bytes).
    Removing stm32f4xx_rtc.o(i.RTC_Init), (100 bytes).
    Removing stm32f4xx_rtc.o(i.RTC_OutputConfig), (56 bytes).
    Removing stm32f4xx_rtc.o(i.RTC_OutputTypeConfig), (28 bytes).
    Removing stm32f4xx_rtc.o(i.RTC_ReadBackupRegister), (32 bytes).
    Removing stm32f4xx_rtc.o(i.RTC_RefClockCmd), (80 bytes).
    Removing stm32f4xx_rtc.o(i.RTC_SetAlarm), (236 bytes).
    Removing stm32f4xx_rtc.o(i.RTC_SetDate), (184 bytes).
    Removing stm32f4xx_rtc.o(i.RTC_SetTime), (192 bytes).
    Removing stm32f4xx_rtc.o(i.RTC_SetWakeUpCounter), (28 bytes).
    Removing stm32f4xx_rtc.o(i.RTC_SmoothCalibConfig), (96 bytes).
    Removing stm32f4xx_rtc.o(i.RTC_StructInit), (14 bytes).
    Removing stm32f4xx_rtc.o(i.RTC_SynchroShiftConfig), (124 bytes).
    Removing stm32f4xx_rtc.o(i.RTC_TamperCmd), (32 bytes).
    Removing stm32f4xx_rtc.o(i.RTC_TamperFilterConfig), (28 bytes).
    Removing stm32f4xx_rtc.o(i.RTC_TamperPinSelection), (28 bytes).
    Removing stm32f4xx_rtc.o(i.RTC_TamperPinsPrechargeDuration), (28 bytes).
    Removing stm32f4xx_rtc.o(i.RTC_TamperPullUpCmd), (36 bytes).
    Removing stm32f4xx_rtc.o(i.RTC_TamperSamplingFreqConfig), (28 bytes).
    Removing stm32f4xx_rtc.o(i.RTC_TamperTriggerConfig), (36 bytes).
    Removing stm32f4xx_rtc.o(i.RTC_TimeStampCmd), (56 bytes).
    Removing stm32f4xx_rtc.o(i.RTC_TimeStampOnTamperDetectionCmd), (36 bytes).
    Removing stm32f4xx_rtc.o(i.RTC_TimeStampPinSelection), (28 bytes).
    Removing stm32f4xx_rtc.o(i.RTC_TimeStructInit), (12 bytes).
    Removing stm32f4xx_rtc.o(i.RTC_WaitForSynchro), (96 bytes).
    Removing stm32f4xx_rtc.o(i.RTC_WakeUpClockConfig), (48 bytes).
    Removing stm32f4xx_rtc.o(i.RTC_WakeUpCmd), (120 bytes).
    Removing stm32f4xx_rtc.o(i.RTC_WriteBackupRegister), (28 bytes).
    Removing stm32f4xx_rtc.o(i.RTC_WriteProtectionCmd), (28 bytes).
    Removing stm32f4xx_sdio.o(.emb_text), (8 bytes).
    Removing stm32f4xx_sdio.o(i.SDIO_CEATAITCmd), (16 bytes).
    Removing stm32f4xx_sdio.o(i.SDIO_ClearFlag), (12 bytes).
    Removing stm32f4xx_sdio.o(i.SDIO_ClearITPendingBit), (12 bytes).
    Removing stm32f4xx_sdio.o(i.SDIO_ClockCmd), (12 bytes).
    Removing stm32f4xx_sdio.o(i.SDIO_CmdStructInit), (14 bytes).
    Removing stm32f4xx_sdio.o(i.SDIO_CommandCompletionCmd), (12 bytes).
    Removing stm32f4xx_sdio.o(i.SDIO_DMACmd), (12 bytes).
    Removing stm32f4xx_sdio.o(i.SDIO_DataConfig), (52 bytes).
    Removing stm32f4xx_sdio.o(i.SDIO_DataStructInit), (20 bytes).
    Removing stm32f4xx_sdio.o(i.SDIO_DeInit), (22 bytes).
    Removing stm32f4xx_sdio.o(i.SDIO_GetCommandResponse), (12 bytes).
    Removing stm32f4xx_sdio.o(i.SDIO_GetDataCounter), (12 bytes).
    Removing stm32f4xx_sdio.o(i.SDIO_GetFIFOCount), (12 bytes).
    Removing stm32f4xx_sdio.o(i.SDIO_GetFlagStatus), (24 bytes).
    Removing stm32f4xx_sdio.o(i.SDIO_GetITStatus), (24 bytes).
    Removing stm32f4xx_sdio.o(i.SDIO_GetPowerState), (16 bytes).
    Removing stm32f4xx_sdio.o(i.SDIO_GetResponse), (24 bytes).
    Removing stm32f4xx_sdio.o(i.SDIO_ITConfig), (32 bytes).
    Removing stm32f4xx_sdio.o(i.SDIO_Init), (48 bytes).
    Removing stm32f4xx_sdio.o(i.SDIO_ReadData), (12 bytes).
    Removing stm32f4xx_sdio.o(i.SDIO_SendCEATACmd), (12 bytes).
    Removing stm32f4xx_sdio.o(i.SDIO_SendCommand), (44 bytes).
    Removing stm32f4xx_sdio.o(i.SDIO_SendSDIOSuspendCmd), (12 bytes).
    Removing stm32f4xx_sdio.o(i.SDIO_SetPowerState), (12 bytes).
    Removing stm32f4xx_sdio.o(i.SDIO_SetSDIOOperation), (12 bytes).
    Removing stm32f4xx_sdio.o(i.SDIO_SetSDIOReadWaitMode), (12 bytes).
    Removing stm32f4xx_sdio.o(i.SDIO_StartSDIOReadWait), (12 bytes).
    Removing stm32f4xx_sdio.o(i.SDIO_StopSDIOReadWait), (12 bytes).
    Removing stm32f4xx_sdio.o(i.SDIO_StructInit), (16 bytes).
    Removing stm32f4xx_sdio.o(i.SDIO_WriteData), (12 bytes).
    Removing stm32f4xx_spi.o(.emb_text), (8 bytes).
    Removing stm32f4xx_spi.o(i.I2S_Cmd), (24 bytes).
    Removing stm32f4xx_spi.o(i.I2S_FullDuplexConfig), (80 bytes).
    Removing stm32f4xx_spi.o(i.I2S_Init), (356 bytes).
    Removing stm32f4xx_spi.o(i.I2S_StructInit), (20 bytes).
    Removing stm32f4xx_spi.o(i.SPI_BiDirectionalLineConfig), (28 bytes).
    Removing stm32f4xx_spi.o(i.SPI_CalculateCRC), (24 bytes).
    Removing stm32f4xx_spi.o(i.SPI_Cmd), (24 bytes).
    Removing stm32f4xx_spi.o(i.SPI_DataSizeConfig), (18 bytes).
    Removing stm32f4xx_spi.o(i.SPI_GetCRC), (16 bytes).
    Removing stm32f4xx_spi.o(i.SPI_GetCRCPolynomial), (6 bytes).
    Removing stm32f4xx_spi.o(i.SPI_I2S_ClearFlag), (6 bytes).
    Removing stm32f4xx_spi.o(i.SPI_I2S_ClearITPendingBit), (20 bytes).
    Removing stm32f4xx_spi.o(i.SPI_I2S_DMACmd), (18 bytes).
    Removing stm32f4xx_spi.o(i.SPI_I2S_DeInit), (88 bytes).
    Removing stm32f4xx_spi.o(i.SPI_I2S_GetFlagStatus), (18 bytes).
    Removing stm32f4xx_spi.o(i.SPI_I2S_GetITStatus), (52 bytes).
    Removing stm32f4xx_spi.o(i.SPI_I2S_ITConfig), (32 bytes).
    Removing stm32f4xx_spi.o(i.SPI_I2S_ReceiveData), (6 bytes).
    Removing stm32f4xx_spi.o(i.SPI_I2S_SendData), (4 bytes).
    Removing stm32f4xx_spi.o(i.SPI_Init), (60 bytes).
    Removing stm32f4xx_spi.o(i.SPI_NSSInternalSoftwareConfig), (30 bytes).
    Removing stm32f4xx_spi.o(i.SPI_SSOutputCmd), (24 bytes).
    Removing stm32f4xx_spi.o(i.SPI_StructInit), (24 bytes).
    Removing stm32f4xx_spi.o(i.SPI_TIModeCmd), (24 bytes).
    Removing stm32f4xx_spi.o(i.SPI_TransmitCRC), (10 bytes).
    Removing stm32f4xx_syscfg.o(.emb_text), (8 bytes).
    Removing stm32f4xx_syscfg.o(i.SYSCFG_CompensationCellCmd), (12 bytes).
    Removing stm32f4xx_syscfg.o(i.SYSCFG_DeInit), (22 bytes).
    Removing stm32f4xx_syscfg.o(i.SYSCFG_ETH_MediaInterfaceConfig), (12 bytes).
    Removing stm32f4xx_syscfg.o(i.SYSCFG_GetCompensationCellStatus), (24 bytes).
    Removing stm32f4xx_syscfg.o(i.SYSCFG_MemoryRemapConfig), (12 bytes).
    Removing stm32f4xx_tim.o(.emb_text), (8 bytes).
    Removing stm32f4xx_tim.o(i.TI1_Config), (58 bytes).
    Removing stm32f4xx_tim.o(i.TI2_Config), (80 bytes).
    Removing stm32f4xx_tim.o(i.TI3_Config), (72 bytes).
    Removing stm32f4xx_tim.o(i.TI4_Config), (80 bytes).
    Removing stm32f4xx_tim.o(i.TIM_BDTRConfig), (32 bytes).
    Removing stm32f4xx_tim.o(i.TIM_BDTRStructInit), (18 bytes).
    Removing stm32f4xx_tim.o(i.TIM_CCPreloadControl), (24 bytes).
    Removing stm32f4xx_tim.o(i.TIM_CCxCmd), (30 bytes).
    Removing stm32f4xx_tim.o(i.TIM_CCxNCmd), (30 bytes).
    Removing stm32f4xx_tim.o(i.TIM_ClearFlag), (6 bytes).
    Removing stm32f4xx_tim.o(i.TIM_ClearOC1Ref), (18 bytes).
    Removing stm32f4xx_tim.o(i.TIM_ClearOC2Ref), (24 bytes).
    Removing stm32f4xx_tim.o(i.TIM_ClearOC3Ref), (18 bytes).
    Removing stm32f4xx_tim.o(i.TIM_ClearOC4Ref), (24 bytes).
    Removing stm32f4xx_tim.o(i.TIM_CounterModeConfig), (18 bytes).
    Removing stm32f4xx_tim.o(i.TIM_DMACmd), (18 bytes).
    Removing stm32f4xx_tim.o(i.TIM_DMAConfig), (10 bytes).
    Removing stm32f4xx_tim.o(i.TIM_DeInit), (400 bytes).
    Removing stm32f4xx_tim.o(i.TIM_ETRClockMode1Config), (54 bytes).
    Removing stm32f4xx_tim.o(i.TIM_ETRClockMode2Config), (32 bytes).
    Removing stm32f4xx_tim.o(i.TIM_ETRConfig), (28 bytes).
    Removing stm32f4xx_tim.o(i.TIM_EncoderInterfaceConfig), (66 bytes).
    Removing stm32f4xx_tim.o(i.TIM_ForcedOC1Config), (18 bytes).
    Removing stm32f4xx_tim.o(i.TIM_ForcedOC2Config), (26 bytes).
    Removing stm32f4xx_tim.o(i.TIM_ForcedOC3Config), (18 bytes).
    Removing stm32f4xx_tim.o(i.TIM_ForcedOC4Config), (26 bytes).
    Removing stm32f4xx_tim.o(i.TIM_GenerateEvent), (4 bytes).
    Removing stm32f4xx_tim.o(i.TIM_GetCapture1), (6 bytes).
    Removing stm32f4xx_tim.o(i.TIM_GetCapture2), (6 bytes).
    Removing stm32f4xx_tim.o(i.TIM_GetCapture3), (6 bytes).
    Removing stm32f4xx_tim.o(i.TIM_GetCapture4), (6 bytes).
    Removing stm32f4xx_tim.o(i.TIM_GetCounter), (6 bytes).
    Removing stm32f4xx_tim.o(i.TIM_GetFlagStatus), (18 bytes).
    Removing stm32f4xx_tim.o(i.TIM_GetPrescaler), (6 bytes).
    Removing stm32f4xx_tim.o(i.TIM_ICInit), (110 bytes).
    Removing stm32f4xx_tim.o(i.TIM_ICStructInit), (18 bytes).
    Removing stm32f4xx_tim.o(i.TIM_ITRxExternalClockConfig), (24 bytes).
    Removing stm32f4xx_tim.o(i.TIM_InternalClockConfig), (12 bytes).
    Removing stm32f4xx_tim.o(i.TIM_OC1FastConfig), (18 bytes).
    Removing stm32f4xx_tim.o(i.TIM_OC1NPolarityConfig), (18 bytes).
    Removing stm32f4xx_tim.o(i.TIM_OC1PolarityConfig), (18 bytes).
    Removing stm32f4xx_tim.o(i.TIM_OC1PreloadConfig), (18 bytes).
    Removing stm32f4xx_tim.o(i.TIM_OC2FastConfig), (26 bytes).
    Removing stm32f4xx_tim.o(i.TIM_OC2NPolarityConfig), (26 bytes).
    Removing stm32f4xx_tim.o(i.TIM_OC2PolarityConfig), (26 bytes).
    Removing stm32f4xx_tim.o(i.TIM_OC2PreloadConfig), (26 bytes).
    Removing stm32f4xx_tim.o(i.TIM_OC3FastConfig), (18 bytes).
    Removing stm32f4xx_tim.o(i.TIM_OC3NPolarityConfig), (26 bytes).
    Removing stm32f4xx_tim.o(i.TIM_OC3PolarityConfig), (26 bytes).
    Removing stm32f4xx_tim.o(i.TIM_OC4FastConfig), (26 bytes).
    Removing stm32f4xx_tim.o(i.TIM_OC4Init), (120 bytes).
    Removing stm32f4xx_tim.o(i.TIM_OC4PolarityConfig), (26 bytes).
    Removing stm32f4xx_tim.o(i.TIM_OC4PreloadConfig), (26 bytes).
    Removing stm32f4xx_tim.o(i.TIM_OCStructInit), (20 bytes).
    Removing stm32f4xx_tim.o(i.TIM_PWMIConfig), (124 bytes).
    Removing stm32f4xx_tim.o(i.TIM_PrescalerConfig), (6 bytes).
    Removing stm32f4xx_tim.o(i.TIM_RemapConfig), (6 bytes).
    Removing stm32f4xx_tim.o(i.TIM_SelectCCDMA), (24 bytes).
    Removing stm32f4xx_tim.o(i.TIM_SelectCOM), (24 bytes).
    Removing stm32f4xx_tim.o(i.TIM_SelectHallSensor), (24 bytes).
    Removing stm32f4xx_tim.o(i.TIM_SelectInputTrigger), (18 bytes).
    Removing stm32f4xx_tim.o(i.TIM_SelectMasterSlaveMode), (18 bytes).
    Removing stm32f4xx_tim.o(i.TIM_SelectOCxM), (86 bytes).
    Removing stm32f4xx_tim.o(i.TIM_SelectOnePulseMode), (18 bytes).
    Removing stm32f4xx_tim.o(i.TIM_SelectOutputTrigger), (18 bytes).
    Removing stm32f4xx_tim.o(i.TIM_SelectSlaveMode), (18 bytes).
    Removing stm32f4xx_tim.o(i.TIM_SetAutoreload), (4 bytes).
    Removing stm32f4xx_tim.o(i.TIM_SetClockDivision), (18 bytes).
    Removing stm32f4xx_tim.o(i.TIM_SetCompare1), (4 bytes).
    Removing stm32f4xx_tim.o(i.TIM_SetCompare2), (4 bytes).
    Removing stm32f4xx_tim.o(i.TIM_SetCompare3), (4 bytes).
    Removing stm32f4xx_tim.o(i.TIM_SetCompare4), (4 bytes).
    Removing stm32f4xx_tim.o(i.TIM_SetCounter), (4 bytes).
    Removing stm32f4xx_tim.o(i.TIM_SetIC1Prescaler), (18 bytes).
    Removing stm32f4xx_tim.o(i.TIM_SetIC2Prescaler), (26 bytes).
    Removing stm32f4xx_tim.o(i.TIM_SetIC3Prescaler), (18 bytes).
    Removing stm32f4xx_tim.o(i.TIM_SetIC4Prescaler), (26 bytes).
    Removing stm32f4xx_tim.o(i.TIM_TIxExternalClockConfig), (62 bytes).
    Removing stm32f4xx_tim.o(i.TIM_TimeBaseStructInit), (18 bytes).
    Removing stm32f4xx_tim.o(i.TIM_UpdateDisableConfig), (24 bytes).
    Removing stm32f4xx_tim.o(i.TIM_UpdateRequestConfig), (24 bytes).
    Removing stm32f4xx_usart.o(.emb_text), (8 bytes).
    Removing stm32f4xx_usart.o(i.USART_ClearFlag), (18 bytes).
    Removing stm32f4xx_usart.o(i.USART_ClockInit), (32 bytes).
    Removing stm32f4xx_usart.o(i.USART_ClockStructInit), (12 bytes).
    Removing stm32f4xx_usart.o(i.USART_DMACmd), (18 bytes).
    Removing stm32f4xx_usart.o(i.USART_DeInit), (180 bytes).
    Removing stm32f4xx_usart.o(i.USART_GetITStatus), (84 bytes).
    Removing stm32f4xx_usart.o(i.USART_HalfDuplexCmd), (24 bytes).
    Removing stm32f4xx_usart.o(i.USART_IrDACmd), (24 bytes).
    Removing stm32f4xx_usart.o(i.USART_IrDAConfig), (18 bytes).
    Removing stm32f4xx_usart.o(i.USART_LINBreakDetectLengthConfig), (18 bytes).
    Removing stm32f4xx_usart.o(i.USART_LINCmd), (24 bytes).
    Removing stm32f4xx_usart.o(i.USART_OneBitMethodCmd), (24 bytes).
    Removing stm32f4xx_usart.o(i.USART_OverSampling8Cmd), (22 bytes).
    Removing stm32f4xx_usart.o(i.USART_ReceiverWakeUpCmd), (24 bytes).
    Removing stm32f4xx_usart.o(i.USART_SendBreak), (10 bytes).
    Removing stm32f4xx_usart.o(i.USART_SetAddress), (18 bytes).
    Removing stm32f4xx_usart.o(i.USART_SetGuardTime), (16 bytes).
    Removing stm32f4xx_usart.o(i.USART_SetPrescaler), (16 bytes).
    Removing stm32f4xx_usart.o(i.USART_SmartCardCmd), (24 bytes).
    Removing stm32f4xx_usart.o(i.USART_SmartCardNACKCmd), (24 bytes).
    Removing stm32f4xx_usart.o(i.USART_StructInit), (24 bytes).
    Removing stm32f4xx_usart.o(i.USART_WakeUpConfig), (18 bytes).
    Removing stm32f4xx_wwdg.o(.emb_text), (8 bytes).
    Removing stm32f4xx_wwdg.o(i.WWDG_ClearFlag), (12 bytes).
    Removing stm32f4xx_wwdg.o(i.WWDG_DeInit), (22 bytes).
    Removing stm32f4xx_wwdg.o(i.WWDG_Enable), (16 bytes).
    Removing stm32f4xx_wwdg.o(i.WWDG_EnableIT), (12 bytes).
    Removing stm32f4xx_wwdg.o(i.WWDG_GetFlagStatus), (20 bytes).
    Removing stm32f4xx_wwdg.o(i.WWDG_SetCounter), (16 bytes).
    Removing stm32f4xx_wwdg.o(i.WWDG_SetPrescaler), (24 bytes).
    Removing stm32f4xx_wwdg.o(i.WWDG_SetWindowValue), (40 bytes).
    Removing dadd.o(.text), (334 bytes).
    Removing dmul.o(.text), (228 bytes).
    Removing ddiv.o(.text), (222 bytes).
    Removing dfixul.o(.text), (48 bytes).
    Removing cdrcmple.o(.text), (40 bytes).
    Removing depilogue.o(.text), (190 bytes).

645 unused section(s) (total 94636 bytes) removed from the image.

==============================================================================

Image Symbol Table

    Local Symbols

    Symbol Name                              Value     Ov Type        Size  Object(Section)

    ../clib/microlib/division.c              0x00000000   Number         0  uldiv.o ABSOLUTE
    ../clib/microlib/division.c              0x00000000   Number         0  uidiv.o ABSOLUTE
    ../clib/microlib/init/entry.s            0x00000000   Number         0  entry8b.o ABSOLUTE
    ../clib/microlib/init/entry.s            0x00000000   Number         0  entry10a.o ABSOLUTE
    ../clib/microlib/init/entry.s            0x00000000   Number         0  entry9b.o ABSOLUTE
    ../clib/microlib/init/entry.s            0x00000000   Number         0  entry9a.o ABSOLUTE
    ../clib/microlib/init/entry.s            0x00000000   Number         0  entry.o ABSOLUTE
    ../clib/microlib/init/entry.s            0x00000000   Number         0  entry10b.o ABSOLUTE
    ../clib/microlib/init/entry.s            0x00000000   Number         0  entry11a.o ABSOLUTE
    ../clib/microlib/init/entry.s            0x00000000   Number         0  entry5.o ABSOLUTE
    ../clib/microlib/init/entry.s            0x00000000   Number         0  entry11b.o ABSOLUTE
    ../clib/microlib/init/entry.s            0x00000000   Number         0  entry2.o ABSOLUTE
    ../clib/microlib/init/entry.s            0x00000000   Number         0  entry7a.o ABSOLUTE
    ../clib/microlib/init/entry.s            0x00000000   Number         0  entry7b.o ABSOLUTE
    ../clib/microlib/init/entry.s            0x00000000   Number         0  entry8a.o ABSOLUTE
    ../clib/microlib/longlong.c              0x00000000   Number         0  llsshr.o ABSOLUTE
    ../clib/microlib/longlong.c              0x00000000   Number         0  llushr.o ABSOLUTE
    ../clib/microlib/longlong.c              0x00000000   Number         0  llshl.o ABSOLUTE
    ../clib/microlib/printf/printf.c         0x00000000   Number         0  printf6.o ABSOLUTE
    ../clib/microlib/printf/printf.c         0x00000000   Number         0  printf0.o ABSOLUTE
    ../clib/microlib/printf/printf.c         0x00000000   Number         0  printfb.o ABSOLUTE
    ../clib/microlib/printf/printf.c         0x00000000   Number         0  printfa.o ABSOLUTE
    ../clib/microlib/printf/printf.c         0x00000000   Number         0  printf8.o ABSOLUTE
    ../clib/microlib/printf/printf.c         0x00000000   Number         0  printf7.o ABSOLUTE
    ../clib/microlib/printf/printf.c         0x00000000   Number         0  printf5.o ABSOLUTE
    ../clib/microlib/printf/printf.c         0x00000000   Number         0  printf4.o ABSOLUTE
    ../clib/microlib/printf/printf.c         0x00000000   Number         0  printf3.o ABSOLUTE
    ../clib/microlib/printf/printf.c         0x00000000   Number         0  printf2.o ABSOLUTE
    ../clib/microlib/printf/printf.c         0x00000000   Number         0  printf1.o ABSOLUTE
    ../clib/microlib/printf/stubs.s          0x00000000   Number         0  stubs.o ABSOLUTE
    ../clib/microlib/string/memcpy.c         0x00000000   Number         0  memcpya.o ABSOLUTE
    ../clib/microlib/string/memcpy.c         0x00000000   Number         0  memcpyb.o ABSOLUTE
    ../clib/microlib/stubs.s                 0x00000000   Number         0  iusefp.o ABSOLUTE
    ../clib/microlib/stubs.s                 0x00000000   Number         0  useno.o ABSOLUTE
    ../fplib/microlib/fpadd.c                0x00000000   Number         0  dadd.o ABSOLUTE
    ../fplib/microlib/fpdiv.c                0x00000000   Number         0  ddiv.o ABSOLUTE
    ../fplib/microlib/fpepilogue.c           0x00000000   Number         0  depilogue.o ABSOLUTE
    ../fplib/microlib/fpfix.c                0x00000000   Number         0  dfixul.o ABSOLUTE
    ../fplib/microlib/fpmul.c                0x00000000   Number         0  dmul.o ABSOLUTE
    ..\..\Libraries\STM32F4xx_StdPeriph_Driver\src\misc.c 0x00000000   Number         0  misc.o ABSOLUTE
    ..\..\Libraries\STM32F4xx_StdPeriph_Driver\src\stm32f4xx_adc.c 0x00000000   Number         0  stm32f4xx_adc.o ABSOLUTE
    ..\..\Libraries\STM32F4xx_StdPeriph_Driver\src\stm32f4xx_can.c 0x00000000   Number         0  stm32f4xx_can.o ABSOLUTE
    ..\..\Libraries\STM32F4xx_StdPeriph_Driver\src\stm32f4xx_crc.c 0x00000000   Number         0  stm32f4xx_crc.o ABSOLUTE
    ..\..\Libraries\STM32F4xx_StdPeriph_Driver\src\stm32f4xx_cryp.c 0x00000000   Number         0  stm32f4xx_cryp.o ABSOLUTE
    ..\..\Libraries\STM32F4xx_StdPeriph_Driver\src\stm32f4xx_cryp_aes.c 0x00000000   Number         0  stm32f4xx_cryp_aes.o ABSOLUTE
    ..\..\Libraries\STM32F4xx_StdPeriph_Driver\src\stm32f4xx_cryp_des.c 0x00000000   Number         0  stm32f4xx_cryp_des.o ABSOLUTE
    ..\..\Libraries\STM32F4xx_StdPeriph_Driver\src\stm32f4xx_cryp_tdes.c 0x00000000   Number         0  stm32f4xx_cryp_tdes.o ABSOLUTE
    ..\..\Libraries\STM32F4xx_StdPeriph_Driver\src\stm32f4xx_dac.c 0x00000000   Number         0  stm32f4xx_dac.o ABSOLUTE
    ..\..\Libraries\STM32F4xx_StdPeriph_Driver\src\stm32f4xx_dbgmcu.c 0x00000000   Number         0  stm32f4xx_dbgmcu.o ABSOLUTE
    ..\..\Libraries\STM32F4xx_StdPeriph_Driver\src\stm32f4xx_dcmi.c 0x00000000   Number         0  stm32f4xx_dcmi.o ABSOLUTE
    ..\..\Libraries\STM32F4xx_StdPeriph_Driver\src\stm32f4xx_dma.c 0x00000000   Number         0  stm32f4xx_dma.o ABSOLUTE
    ..\..\Libraries\STM32F4xx_StdPeriph_Driver\src\stm32f4xx_exti.c 0x00000000   Number         0  stm32f4xx_exti.o ABSOLUTE
    ..\..\Libraries\STM32F4xx_StdPeriph_Driver\src\stm32f4xx_flash.c 0x00000000   Number         0  stm32f4xx_flash.o ABSOLUTE
    ..\..\Libraries\STM32F4xx_StdPeriph_Driver\src\stm32f4xx_fsmc.c 0x00000000   Number         0  stm32f4xx_fsmc.o ABSOLUTE
    ..\..\Libraries\STM32F4xx_StdPeriph_Driver\src\stm32f4xx_gpio.c 0x00000000   Number         0  stm32f4xx_gpio.o ABSOLUTE
    ..\..\Libraries\STM32F4xx_StdPeriph_Driver\src\stm32f4xx_hash.c 0x00000000   Number         0  stm32f4xx_hash.o ABSOLUTE
    ..\..\Libraries\STM32F4xx_StdPeriph_Driver\src\stm32f4xx_hash_md5.c 0x00000000   Number         0  stm32f4xx_hash_md5.o ABSOLUTE
    ..\..\Libraries\STM32F4xx_StdPeriph_Driver\src\stm32f4xx_hash_sha1.c 0x00000000   Number         0  stm32f4xx_hash_sha1.o ABSOLUTE
    ..\..\Libraries\STM32F4xx_StdPeriph_Driver\src\stm32f4xx_i2c.c 0x00000000   Number         0  stm32f4xx_i2c.o ABSOLUTE
    ..\..\Libraries\STM32F4xx_StdPeriph_Driver\src\stm32f4xx_iwdg.c 0x00000000   Number         0  stm32f4xx_iwdg.o ABSOLUTE
    ..\..\Libraries\STM32F4xx_StdPeriph_Driver\src\stm32f4xx_pwr.c 0x00000000   Number         0  stm32f4xx_pwr.o ABSOLUTE
    ..\..\Libraries\STM32F4xx_StdPeriph_Driver\src\stm32f4xx_rcc.c 0x00000000   Number         0  stm32f4xx_rcc.o ABSOLUTE
    ..\..\Libraries\STM32F4xx_StdPeriph_Driver\src\stm32f4xx_rng.c 0x00000000   Number         0  stm32f4xx_rng.o ABSOLUTE
    ..\..\Libraries\STM32F4xx_StdPeriph_Driver\src\stm32f4xx_rtc.c 0x00000000   Number         0  stm32f4xx_rtc.o ABSOLUTE
    ..\..\Libraries\STM32F4xx_StdPeriph_Driver\src\stm32f4xx_sdio.c 0x00000000   Number         0  stm32f4xx_sdio.o ABSOLUTE
    ..\..\Libraries\STM32F4xx_StdPeriph_Driver\src\stm32f4xx_spi.c 0x00000000   Number         0  stm32f4xx_spi.o ABSOLUTE
    ..\..\Libraries\STM32F4xx_StdPeriph_Driver\src\stm32f4xx_syscfg.c 0x00000000   Number         0  stm32f4xx_syscfg.o ABSOLUTE
    ..\..\Libraries\STM32F4xx_StdPeriph_Driver\src\stm32f4xx_tim.c 0x00000000   Number         0  stm32f4xx_tim.o ABSOLUTE
    ..\..\Libraries\STM32F4xx_StdPeriph_Driver\src\stm32f4xx_usart.c 0x00000000   Number         0  stm32f4xx_usart.o ABSOLUTE
    ..\..\Libraries\STM32F4xx_StdPeriph_Driver\src\stm32f4xx_wwdg.c 0x00000000   Number         0  stm32f4xx_wwdg.o ABSOLUTE
    ..\User\adc.c                            0x00000000   Number         0  adc.o ABSOLUTE
    ..\User\adc_dma.c                        0x00000000   Number         0  adc_dma.o ABSOLUTE
    ..\User\common.c                         0x00000000   Number         0  common.o ABSOLUTE
    ..\User\imu.c                            0x00000000   Number         0  imu.o ABSOLUTE
    ..\User\infrared.c                       0x00000000   Number         0  infrared.o ABSOLUTE
    ..\User\main.c                           0x00000000   Number         0  main.o ABSOLUTE
    ..\User\map.c                            0x00000000   Number         0  map.o ABSOLUTE
    ..\User\motor.c                          0x00000000   Number         0  motor.o ABSOLUTE
    ..\User\pwm.c                            0x00000000   Number         0  pwm.o ABSOLUTE
    ..\User\stm32f4xx_it.c                   0x00000000   Number         0  stm32f4xx_it.o ABSOLUTE
    ..\User\strategy.c                       0x00000000   Number         0  strategy.o ABSOLUTE
    ..\User\system_stm32f4xx.c               0x00000000   Number         0  system_stm32f4xx.o ABSOLUTE
    ..\User\timer.c                          0x00000000   Number         0  timer.o ABSOLUTE
    ..\User\usart.c                          0x00000000   Number         0  usart.o ABSOLUTE
    ..\\..\\Libraries\\STM32F4xx_StdPeriph_Driver\\src\\misc.c 0x00000000   Number         0  misc.o ABSOLUTE
    ..\\..\\Libraries\\STM32F4xx_StdPeriph_Driver\\src\\stm32f4xx_adc.c 0x00000000   Number         0  stm32f4xx_adc.o ABSOLUTE
    ..\\..\\Libraries\\STM32F4xx_StdPeriph_Driver\\src\\stm32f4xx_can.c 0x00000000   Number         0  stm32f4xx_can.o ABSOLUTE
    ..\\..\\Libraries\\STM32F4xx_StdPeriph_Driver\\src\\stm32f4xx_crc.c 0x00000000   Number         0  stm32f4xx_crc.o ABSOLUTE
    ..\\..\\Libraries\\STM32F4xx_StdPeriph_Driver\\src\\stm32f4xx_cryp.c 0x00000000   Number         0  stm32f4xx_cryp.o ABSOLUTE
    ..\\..\\Libraries\\STM32F4xx_StdPeriph_Driver\\src\\stm32f4xx_cryp_aes.c 0x00000000   Number         0  stm32f4xx_cryp_aes.o ABSOLUTE
    ..\\..\\Libraries\\STM32F4xx_StdPeriph_Driver\\src\\stm32f4xx_cryp_des.c 0x00000000   Number         0  stm32f4xx_cryp_des.o ABSOLUTE
    ..\\..\\Libraries\\STM32F4xx_StdPeriph_Driver\\src\\stm32f4xx_cryp_tdes.c 0x00000000   Number         0  stm32f4xx_cryp_tdes.o ABSOLUTE
    ..\\..\\Libraries\\STM32F4xx_StdPeriph_Driver\\src\\stm32f4xx_dac.c 0x00000000   Number         0  stm32f4xx_dac.o ABSOLUTE
    ..\\..\\Libraries\\STM32F4xx_StdPeriph_Driver\\src\\stm32f4xx_dbgmcu.c 0x00000000   Number         0  stm32f4xx_dbgmcu.o ABSOLUTE
    ..\\..\\Libraries\\STM32F4xx_StdPeriph_Driver\\src\\stm32f4xx_dcmi.c 0x00000000   Number         0  stm32f4xx_dcmi.o ABSOLUTE
    ..\\..\\Libraries\\STM32F4xx_StdPeriph_Driver\\src\\stm32f4xx_dma.c 0x00000000   Number         0  stm32f4xx_dma.o ABSOLUTE
    ..\\..\\Libraries\\STM32F4xx_StdPeriph_Driver\\src\\stm32f4xx_exti.c 0x00000000   Number         0  stm32f4xx_exti.o ABSOLUTE
    ..\\..\\Libraries\\STM32F4xx_StdPeriph_Driver\\src\\stm32f4xx_flash.c 0x00000000   Number         0  stm32f4xx_flash.o ABSOLUTE
    ..\\..\\Libraries\\STM32F4xx_StdPeriph_Driver\\src\\stm32f4xx_fsmc.c 0x00000000   Number         0  stm32f4xx_fsmc.o ABSOLUTE
    ..\\..\\Libraries\\STM32F4xx_StdPeriph_Driver\\src\\stm32f4xx_gpio.c 0x00000000   Number         0  stm32f4xx_gpio.o ABSOLUTE
    ..\\..\\Libraries\\STM32F4xx_StdPeriph_Driver\\src\\stm32f4xx_hash.c 0x00000000   Number         0  stm32f4xx_hash.o ABSOLUTE
    ..\\..\\Libraries\\STM32F4xx_StdPeriph_Driver\\src\\stm32f4xx_hash_md5.c 0x00000000   Number         0  stm32f4xx_hash_md5.o ABSOLUTE
    ..\\..\\Libraries\\STM32F4xx_StdPeriph_Driver\\src\\stm32f4xx_hash_sha1.c 0x00000000   Number         0  stm32f4xx_hash_sha1.o ABSOLUTE
    ..\\..\\Libraries\\STM32F4xx_StdPeriph_Driver\\src\\stm32f4xx_i2c.c 0x00000000   Number         0  stm32f4xx_i2c.o ABSOLUTE
    ..\\..\\Libraries\\STM32F4xx_StdPeriph_Driver\\src\\stm32f4xx_iwdg.c 0x00000000   Number         0  stm32f4xx_iwdg.o ABSOLUTE
    ..\\..\\Libraries\\STM32F4xx_StdPeriph_Driver\\src\\stm32f4xx_pwr.c 0x00000000   Number         0  stm32f4xx_pwr.o ABSOLUTE
    ..\\..\\Libraries\\STM32F4xx_StdPeriph_Driver\\src\\stm32f4xx_rcc.c 0x00000000   Number         0  stm32f4xx_rcc.o ABSOLUTE
    ..\\..\\Libraries\\STM32F4xx_StdPeriph_Driver\\src\\stm32f4xx_rng.c 0x00000000   Number         0  stm32f4xx_rng.o ABSOLUTE
    ..\\..\\Libraries\\STM32F4xx_StdPeriph_Driver\\src\\stm32f4xx_rtc.c 0x00000000   Number         0  stm32f4xx_rtc.o ABSOLUTE
    ..\\..\\Libraries\\STM32F4xx_StdPeriph_Driver\\src\\stm32f4xx_sdio.c 0x00000000   Number         0  stm32f4xx_sdio.o ABSOLUTE
    ..\\..\\Libraries\\STM32F4xx_StdPeriph_Driver\\src\\stm32f4xx_spi.c 0x00000000   Number         0  stm32f4xx_spi.o ABSOLUTE
    ..\\..\\Libraries\\STM32F4xx_StdPeriph_Driver\\src\\stm32f4xx_syscfg.c 0x00000000   Number         0  stm32f4xx_syscfg.o ABSOLUTE
    ..\\..\\Libraries\\STM32F4xx_StdPeriph_Driver\\src\\stm32f4xx_tim.c 0x00000000   Number         0  stm32f4xx_tim.o ABSOLUTE
    ..\\..\\Libraries\\STM32F4xx_StdPeriph_Driver\\src\\stm32f4xx_usart.c 0x00000000   Number         0  stm32f4xx_usart.o ABSOLUTE
    ..\\..\\Libraries\\STM32F4xx_StdPeriph_Driver\\src\\stm32f4xx_wwdg.c 0x00000000   Number         0  stm32f4xx_wwdg.o ABSOLUTE
    ..\\User\\adc.c                          0x00000000   Number         0  adc.o ABSOLUTE
    ..\\User\\adc_dma.c                      0x00000000   Number         0  adc_dma.o ABSOLUTE
    ..\\User\\common.c                       0x00000000   Number         0  common.o ABSOLUTE
    ..\\User\\infrared.c                     0x00000000   Number         0  infrared.o ABSOLUTE
    ..\\User\\main.c                         0x00000000   Number         0  main.o ABSOLUTE
    ..\\User\\map.c                          0x00000000   Number         0  map.o ABSOLUTE
    ..\\User\\motor.c                        0x00000000   Number         0  motor.o ABSOLUTE
    ..\\User\\pwm.c                          0x00000000   Number         0  pwm.o ABSOLUTE
    ..\\User\\stm32f4xx_it.c                 0x00000000   Number         0  stm32f4xx_it.o ABSOLUTE
    ..\\User\\strategy.c                     0x00000000   Number         0  strategy.o ABSOLUTE
    ..\\User\\system_stm32f4xx.c             0x00000000   Number         0  system_stm32f4xx.o ABSOLUTE
    ..\\User\\timer.c                        0x00000000   Number         0  timer.o ABSOLUTE
    ..\\User\\usart.c                        0x00000000   Number         0  usart.o ABSOLUTE
    cdrcmple.s                               0x00000000   Number         0  cdrcmple.o ABSOLUTE
    dc.s                                     0x00000000   Number         0  dc.o ABSOLUTE
    handlers.s                               0x00000000   Number         0  handlers.o ABSOLUTE
    init.s                                   0x00000000   Number         0  init.o ABSOLUTE
    startup_stm32f4xx.s                      0x00000000   Number         0  startup_stm32f4xx.o ABSOLUTE
    RESET                                    0x08000000   Section      392  startup_stm32f4xx.o(RESET)
    .ARM.Collect$$$$00000000                 0x08000188   Section        0  entry.o(.ARM.Collect$$$$00000000)
    .ARM.Collect$$$$00000001                 0x08000188   Section        4  entry2.o(.ARM.Collect$$$$00000001)
    .ARM.Collect$$$$00000004                 0x0800018c   Section        4  entry5.o(.ARM.Collect$$$$00000004)
    .ARM.Collect$$$$00000008                 0x08000190   Section        0  entry7b.o(.ARM.Collect$$$$00000008)
    .ARM.Collect$$$$0000000A                 0x08000190   Section        0  entry8b.o(.ARM.Collect$$$$0000000A)
    .ARM.Collect$$$$0000000B                 0x08000190   Section        8  entry9a.o(.ARM.Collect$$$$0000000B)
    .ARM.Collect$$$$0000000D                 0x08000198   Section        0  entry10a.o(.ARM.Collect$$$$0000000D)
    .ARM.Collect$$$$0000000F                 0x08000198   Section        0  entry11a.o(.ARM.Collect$$$$0000000F)
    .ARM.Collect$$$$00002712                 0x08000198   Section        4  entry2.o(.ARM.Collect$$$$00002712)
    __lit__00000000                          0x08000198   Data           4  entry2.o(.ARM.Collect$$$$00002712)
    .text                                    0x0800019c   Section       36  startup_stm32f4xx.o(.text)
    $v0                                      0x0800019c   Number         0  startup_stm32f4xx.o(.text)
    .text                                    0x080001c0   Section        0  memcpya.o(.text)
    .text                                    0x080001e4   Section       36  init.o(.text)
    i.ADC1_CH4_CH5_DMA_Config                0x08000208   Section        0  adc_dma.o(i.ADC1_CH4_CH5_DMA_Config)
    i.ADC_Cmd                                0x080003a0   Section        0  stm32f4xx_adc.o(i.ADC_Cmd)
    i.ADC_CommonInit                         0x080003b8   Section        0  stm32f4xx_adc.o(i.ADC_CommonInit)
    i.ADC_DMACmd                             0x080003f0   Section        0  stm32f4xx_adc.o(i.ADC_DMACmd)
    i.ADC_DMARequestAfterLastTransferCmd     0x08000406   Section        0  stm32f4xx_adc.o(i.ADC_DMARequestAfterLastTransferCmd)
    i.ADC_Init                               0x0800041c   Section        0  stm32f4xx_adc.o(i.ADC_Init)
    i.ADC_RegularChannelConfig               0x08000470   Section        0  stm32f4xx_adc.o(i.ADC_RegularChannelConfig)
    i.ADC_SoftwareStartConv                  0x08000528   Section        0  stm32f4xx_adc.o(i.ADC_SoftwareStartConv)
    i.BusFault_Handler                       0x08000532   Section        0  stm32f4xx_it.o(i.BusFault_Handler)
    i.DMA_Cmd                                0x08000536   Section        0  stm32f4xx_dma.o(i.DMA_Cmd)
    i.DMA_Init                               0x0800054c   Section        0  stm32f4xx_dma.o(i.DMA_Init)
    i.DebugMon_Handler                       0x080005a4   Section        0  stm32f4xx_it.o(i.DebugMon_Handler)
    i.EXTI15_10_IRQHandler                   0x080005a8   Section        0  stm32f4xx_it.o(i.EXTI15_10_IRQHandler)
    i.EXTI_ClearITPendingBit                 0x08000768   Section        0  stm32f4xx_exti.o(i.EXTI_ClearITPendingBit)
    i.EXTI_GetITStatus                       0x08000774   Section        0  stm32f4xx_exti.o(i.EXTI_GetITStatus)
    i.EXTI_Init                              0x0800079c   Section        0  stm32f4xx_exti.o(i.EXTI_Init)
    i.GPIO_Init                              0x08000830   Section        0  stm32f4xx_gpio.o(i.GPIO_Init)
    i.GPIO_PinAFConfig                       0x080008c0   Section        0  stm32f4xx_gpio.o(i.GPIO_PinAFConfig)
    i.GPIO_ReadInputDataBit                  0x08000906   Section        0  stm32f4xx_gpio.o(i.GPIO_ReadInputDataBit)
    i.GPIO_ResetBits                         0x08000918   Section        0  stm32f4xx_gpio.o(i.GPIO_ResetBits)
    i.GPIO_SetBits                           0x0800091c   Section        0  stm32f4xx_gpio.o(i.GPIO_SetBits)
    i.HardFault_Handler                      0x08000920   Section        0  stm32f4xx_it.o(i.HardFault_Handler)
    i.Infrared_GPIO_Config                   0x08000924   Section        0  infrared.o(i.Infrared_GPIO_Config)
    i.MemManage_Handler                      0x080009a4   Section        0  stm32f4xx_it.o(i.MemManage_Handler)
    i.NMI_Handler                            0x080009a8   Section        0  stm32f4xx_it.o(i.NMI_Handler)
    i.NVIC_Config                            0x080009aa   Section        0  infrared.o(i.NVIC_Config)
    i.NVIC_Init                              0x080009cc   Section        0  misc.o(i.NVIC_Init)
    i.NVIC_PriorityGroupConfig               0x08000a44   Section        0  misc.o(i.NVIC_PriorityGroupConfig)
    i.PendSV_Handler                         0x08000a58   Section        0  stm32f4xx_it.o(i.PendSV_Handler)
    i.RCCConfig                              0x08000a5a   Section        0  main.o(i.RCCConfig)
    i.RCC_AHB1PeriphClockCmd                 0x08000a78   Section        0  stm32f4xx_rcc.o(i.RCC_AHB1PeriphClockCmd)
    i.RCC_APB1PeriphClockCmd                 0x08000a98   Section        0  stm32f4xx_rcc.o(i.RCC_APB1PeriphClockCmd)
    i.RCC_APB2PeriphClockCmd                 0x08000ab8   Section        0  stm32f4xx_rcc.o(i.RCC_APB2PeriphClockCmd)
    i.RCC_GetClocksFreq                      0x08000ad8   Section        0  stm32f4xx_rcc.o(i.RCC_GetClocksFreq)
    i.RCC_HCLKConfig                         0x08000bc0   Section        0  stm32f4xx_rcc.o(i.RCC_HCLKConfig)
    i.RCC_PCLK1Config                        0x08000bd8   Section        0  stm32f4xx_rcc.o(i.RCC_PCLK1Config)
    i.RCC_PCLK2Config                        0x08000bf0   Section        0  stm32f4xx_rcc.o(i.RCC_PCLK2Config)
    i.RCC_SYSCLKConfig                       0x08000c08   Section        0  stm32f4xx_rcc.o(i.RCC_SYSCLKConfig)
    i.SVC_Handler                            0x08000c20   Section        0  stm32f4xx_it.o(i.SVC_Handler)
    i.SYSCFG_EXTILineConfig                  0x08000c24   Section        0  stm32f4xx_syscfg.o(i.SYSCFG_EXTILineConfig)
    i.SetSysClock                            0x08000c64   Section        0  system_stm32f4xx.o(i.SetSysClock)
    SetSysClock                              0x08000c65   Thumb Code   244  system_stm32f4xx.o(i.SetSysClock)
    i.SysTick_Handler                        0x08000d68   Section        0  stm32f4xx_it.o(i.SysTick_Handler)
    i.SystemInit                             0x08000d6c   Section        0  system_stm32f4xx.o(i.SystemInit)
    i.TIM1_TIM3_Config                       0x08000dc8   Section        0  timer.o(i.TIM1_TIM3_Config)
    i.TIM2_Config                            0x08000ec4   Section        0  timer.o(i.TIM2_Config)
    i.TIM2_IRQHandler                        0x08000f30   Section        0  stm32f4xx_it.o(i.TIM2_IRQHandler)
    i.TIM5_Config                            0x080010c8   Section        0  timer.o(i.TIM5_Config)
    i.TIM5_IRQHandler                        0x0800113c   Section        0  stm32f4xx_it.o(i.TIM5_IRQHandler)
    i.TIM_ARRPreloadConfig                   0x08001264   Section        0  stm32f4xx_tim.o(i.TIM_ARRPreloadConfig)
    i.TIM_ClearITPendingBit                  0x0800127c   Section        0  stm32f4xx_tim.o(i.TIM_ClearITPendingBit)
    i.TIM_Cmd                                0x08001282   Section        0  stm32f4xx_tim.o(i.TIM_Cmd)
    i.TIM_CtrlPWMOutputs                     0x0800129a   Section        0  stm32f4xx_tim.o(i.TIM_CtrlPWMOutputs)
    i.TIM_GetITStatus                        0x080012b8   Section        0  stm32f4xx_tim.o(i.TIM_GetITStatus)
    i.TIM_ITConfig                           0x080012da   Section        0  stm32f4xx_tim.o(i.TIM_ITConfig)
    i.TIM_OC1Init                            0x080012ec   Section        0  stm32f4xx_tim.o(i.TIM_OC1Init)
    i.TIM_OC2Init                            0x08001368   Section        0  stm32f4xx_tim.o(i.TIM_OC2Init)
    i.TIM_OC3Init                            0x0800140c   Section        0  stm32f4xx_tim.o(i.TIM_OC3Init)
    i.TIM_OC3PreloadConfig                   0x080014ac   Section        0  stm32f4xx_tim.o(i.TIM_OC3PreloadConfig)
    i.TIM_TimeBaseInit                       0x080014c0   Section        0  stm32f4xx_tim.o(i.TIM_TimeBaseInit)
    i.UART5_Configuration                    0x08001544   Section        0  usart.o(i.UART5_Configuration)
    i.UART5_IRQHandler                       0x08001618   Section        0  stm32f4xx_it.o(i.UART5_IRQHandler)
    i.USART2_Configuration                   0x08001640   Section        0  usart.o(i.USART2_Configuration)
    i.USART2_IRQHandler                      0x080016f4   Section        0  stm32f4xx_it.o(i.USART2_IRQHandler)
    i.USART_ClearITPendingBit                0x080017b0   Section        0  stm32f4xx_usart.o(i.USART_ClearITPendingBit)
    i.USART_Cmd                              0x080017ce   Section        0  stm32f4xx_usart.o(i.USART_Cmd)
    i.USART_GetFlagStatus                    0x080017e6   Section        0  stm32f4xx_usart.o(i.USART_GetFlagStatus)
    i.USART_ITConfig                         0x08001800   Section        0  stm32f4xx_usart.o(i.USART_ITConfig)
    i.USART_Init                             0x0800184c   Section        0  stm32f4xx_usart.o(i.USART_Init)
    i.USART_ReceiveData                      0x08001920   Section        0  stm32f4xx_usart.o(i.USART_ReceiveData)
    i.USART_SendData                         0x0800192a   Section        0  stm32f4xx_usart.o(i.USART_SendData)
    i.UsageFault_Handler                     0x08001932   Section        0  stm32f4xx_it.o(i.UsageFault_Handler)
    i.__0printf$2                            0x08001938   Section        0  printf2.o(i.__0printf$2)
    i.__scatterload_copy                     0x08001958   Section       14  handlers.o(i.__scatterload_copy)
    i.__scatterload_null                     0x08001966   Section        2  handlers.o(i.__scatterload_null)
    i.__scatterload_zeroinit                 0x08001968   Section       14  handlers.o(i.__scatterload_zeroinit)
    i._printf_core                           0x08001976   Section        0  printf2.o(i._printf_core)
    _printf_core                             0x08001977   Thumb Code   208  printf2.o(i._printf_core)
    i.blackTechInit                          0x08001a48   Section        0  main.o(i.blackTechInit)
    i.fputc                                  0x08001a74   Section        0  usart.o(i.fputc)
    i.getOurLocation                         0x08001a98   Section        0  strategy.o(i.getOurLocation)
    i.getProp                                0x08001adc   Section        0  strategy.o(i.getProp)
    i.getRivalID                             0x08001af8   Section        0  strategy.o(i.getRivalID)
    i.goingIN                                0x08001b1c   Section        0  strategy.o(i.goingIN)
    i.imu_rev_get_data                       0x08001b68   Section        0  imu.o(i.imu_rev_get_data)
    i.imu_rev_process                        0x08001c50   Section        0  imu.o(i.imu_rev_process)
    i.main                                   0x08001cd8   Section        0  main.o(i.main)
    i.motor_backward                         0x08001d14   Section        0  motor.o(i.motor_backward)
    i.motor_config                           0x08001d28   Section        0  motor.o(i.motor_config)
    i.motor_forward                          0x08001e38   Section        0  motor.o(i.motor_forward)
    i.motor_left_backward                    0x08001e4c   Section        0  motor.o(i.motor_left_backward)
    i.motor_left_forward                     0x08001e5c   Section        0  motor.o(i.motor_left_forward)
    i.motor_right_backward                   0x08001e6c   Section        0  motor.o(i.motor_right_backward)
    i.motor_right_forward                    0x08001e80   Section        0  motor.o(i.motor_right_forward)
    i.motor_setLeftSpeed                     0x08001e94   Section        0  motor.o(i.motor_setLeftSpeed)
    i.motor_setRightSpeed                    0x08001eb4   Section        0  motor.o(i.motor_setRightSpeed)
    i.motor_setSpeed                         0x08001ed4   Section        0  motor.o(i.motor_setSpeed)
    i.motor_turn_left                        0x08001f00   Section        0  motor.o(i.motor_turn_left)
    i.motor_turn_right                       0x08001f6e   Section        0  motor.o(i.motor_turn_right)
    i.motor_wake                             0x08001fdc   Section        0  motor.o(i.motor_wake)
    i.parseReceivedPack                      0x08001ff8   Section        0  strategy.o(i.parseReceivedPack)
    i.parseSendPack                          0x08002018   Section        0  strategy.o(i.parseSendPack)
    i.pwm1_config                            0x08002048   Section        0  pwm.o(i.pwm1_config)
    i.sendDefaultPack                        0x08002118   Section        0  strategy.o(i.sendDefaultPack)
    i.sendPack                               0x08002138   Section        0  strategy.o(i.sendPack)
    i.useDefendProp                          0x08002150   Section        0  strategy.o(i.useDefendProp)
    .data                                    0x20000000   Section        8  pwm.o(.data)
    .data                                    0x20000008   Section       11  strategy.o(.data)
    .data                                    0x20000014   Section        4  usart.o(.data)
    .data                                    0x20000018   Section        3  main.o(.data)
    .data                                    0x2000001c   Section       20  system_stm32f4xx.o(.data)
    .data                                    0x20000030   Section       25  stm32f4xx_it.o(.data)
    back_counter                             0x20000037   Data           1  stm32f4xx_it.o(.data)
    back_counter                             0x20000038   Data           4  stm32f4xx_it.o(.data)
    reverse_counter                          0x2000003c   Data           4  stm32f4xx_it.o(.data)
    forward_counter                          0x20000040   Data           4  stm32f4xx_it.o(.data)
    if_slowdown                              0x20000044   Data           1  stm32f4xx_it.o(.data)
    .data                                    0x2000004c   Section        9  imu.o(.data)
    len                                      0x2000004c   Data           4  imu.o(.data)
    i                                        0x20000050   Data           4  imu.o(.data)
    status                                   0x20000054   Data           1  imu.o(.data)
    .data                                    0x20000055   Section       16  stm32f4xx_rcc.o(.data)
    APBAHBPrescTable                         0x20000055   Data          16  stm32f4xx_rcc.o(.data)
    .bss                                     0x20000068   Section      165  strategy.o(.bss)
    rev_buf                                  0x20000068   Data          64  strategy.o(.bss)
    .bss                                     0x2000010e   Section      100  main.o(.bss)
    rev_buf                                  0x2000010e   Data          64  main.o(.bss)
    .bss                                     0x20000174   Section       92  imu.o(.bss)
    rev_buf                                  0x20000174   Data          64  imu.o(.bss)
    STACK                                    0x200001d0   Section     1024  startup_stm32f4xx.o(STACK)

    Global Symbols

    Symbol Name                              Value     Ov Type        Size  Object(Section)

    BuildAttributes$$THM_ISAv4$E$P$D$K$B$S$7EM$VFPi3$EXTD16$VFPS$VFMA$PE$A:L22UL41UL21$X:L11$S22US41US21$IEEE1$IW$USESV6$~STKCKD$USESV7$~SHL$OSPACE$ROPI$EBA8$MICROLIB$REQ8$PRES8$EABIv2 0x00000000   Number         0  anon$$obj.o ABSOLUTE
    __ARM_use_no_argv                        0x00000000   Number         0  main.o ABSOLUTE
    __use_no_errno                           0x00000000   Number         0  useno.o ABSOLUTE
    __use_no_exception_handling              0x00000000   Number         0  useno.o ABSOLUTE
    __use_no_fp                              0x00000000   Number         0  useno.o ABSOLUTE
    __use_no_heap                            0x00000000   Number         0  useno.o ABSOLUTE
    __use_no_heap_region                     0x00000000   Number         0  useno.o ABSOLUTE
    __use_no_semihosting                     0x00000000   Number         0  useno.o ABSOLUTE
    __use_no_semihosting_swi                 0x00000000   Number         0  useno.o ABSOLUTE
    __use_no_signal_handling                 0x00000000   Number         0  useno.o ABSOLUTE
    _printf_a                                0x00000000   Number         0  stubs.o ABSOLUTE
    _printf_c                                0x00000000   Number         0  stubs.o ABSOLUTE
    _printf_charcount                        0x00000000   Number         0  stubs.o ABSOLUTE
    _printf_d                                0x00000000   Number         0  stubs.o ABSOLUTE
    _printf_e                                0x00000000   Number         0  stubs.o ABSOLUTE
    _printf_f                                0x00000000   Number         0  stubs.o ABSOLUTE
    _printf_flags                            0x00000000   Number         0  stubs.o ABSOLUTE
    _printf_fp_dec                           0x00000000   Number         0  stubs.o ABSOLUTE
    _printf_fp_hex                           0x00000000   Number         0  stubs.o ABSOLUTE
    _printf_g                                0x00000000   Number         0  stubs.o ABSOLUTE
    _printf_i                                0x00000000   Number         0  stubs.o ABSOLUTE
    _printf_int_dec                          0x00000000   Number         0  stubs.o ABSOLUTE
    _printf_l                                0x00000000   Number         0  stubs.o ABSOLUTE
    _printf_lc                               0x00000000   Number         0  stubs.o ABSOLUTE
    _printf_ll                               0x00000000   Number         0  stubs.o ABSOLUTE
    _printf_lld                              0x00000000   Number         0  stubs.o ABSOLUTE
    _printf_lli                              0x00000000   Number         0  stubs.o ABSOLUTE
    _printf_llo                              0x00000000   Number         0  stubs.o ABSOLUTE
    _printf_llu                              0x00000000   Number         0  stubs.o ABSOLUTE
    _printf_llx                              0x00000000   Number         0  stubs.o ABSOLUTE
    _printf_longlong_dec                     0x00000000   Number         0  stubs.o ABSOLUTE
    _printf_longlong_hex                     0x00000000   Number         0  stubs.o ABSOLUTE
    _printf_longlong_oct                     0x00000000   Number         0  stubs.o ABSOLUTE
    _printf_ls                               0x00000000   Number         0  stubs.o ABSOLUTE
    _printf_mbtowc                           0x00000000   Number         0  stubs.o ABSOLUTE
    _printf_n                                0x00000000   Number         0  stubs.o ABSOLUTE
    _printf_o                                0x00000000   Number         0  stubs.o ABSOLUTE
    _printf_p                                0x00000000   Number         0  stubs.o ABSOLUTE
    _printf_percent                          0x00000000   Number         0  stubs.o ABSOLUTE
    _printf_pre_padding                      0x00000000   Number         0  stubs.o ABSOLUTE
    _printf_return_value                     0x00000000   Number         0  stubs.o ABSOLUTE
    _printf_s                                0x00000000   Number         0  stubs.o ABSOLUTE
    _printf_sizespec                         0x00000000   Number         0  stubs.o ABSOLUTE
    _printf_str                              0x00000000   Number         0  stubs.o ABSOLUTE
    _printf_truncate_signed                  0x00000000   Number         0  stubs.o ABSOLUTE
    _printf_truncate_unsigned                0x00000000   Number         0  stubs.o ABSOLUTE
    _printf_u                                0x00000000   Number         0  stubs.o ABSOLUTE
    _printf_wc                               0x00000000   Number         0  stubs.o ABSOLUTE
    _printf_wctomb                           0x00000000   Number         0  stubs.o ABSOLUTE
    _printf_widthprec                        0x00000000   Number         0  stubs.o ABSOLUTE
    _printf_x                                0x00000000   Number         0  stubs.o ABSOLUTE
    __cpp_initialize__aeabi_                  - Undefined Weak Reference
    __cxa_finalize                            - Undefined Weak Reference
    __decompress                              - Undefined Weak Reference
    _clock_init                               - Undefined Weak Reference
    _microlib_exit                            - Undefined Weak Reference
    __Vectors_Size                           0x00000188   Number         0  startup_stm32f4xx.o ABSOLUTE
    __Vectors                                0x08000000   Data           4  startup_stm32f4xx.o(RESET)
    __Vectors_End                            0x08000188   Data           0  startup_stm32f4xx.o(RESET)
    __main                                   0x08000189   Thumb Code     0  entry.o(.ARM.Collect$$$$00000000)
    _main_stk                                0x08000189   Thumb Code     0  entry2.o(.ARM.Collect$$$$00000001)
    _main_scatterload                        0x0800018d   Thumb Code     0  entry5.o(.ARM.Collect$$$$00000004)
    __main_after_scatterload                 0x08000191   Thumb Code     0  entry5.o(.ARM.Collect$$$$00000004)
    _main_clock                              0x08000191   Thumb Code     0  entry7b.o(.ARM.Collect$$$$00000008)
    _main_cpp_init                           0x08000191   Thumb Code     0  entry8b.o(.ARM.Collect$$$$0000000A)
    _main_init                               0x08000191   Thumb Code     0  entry9a.o(.ARM.Collect$$$$0000000B)
    __rt_final_cpp                           0x08000199   Thumb Code     0  entry10a.o(.ARM.Collect$$$$0000000D)
    __rt_final_exit                          0x08000199   Thumb Code     0  entry11a.o(.ARM.Collect$$$$0000000F)
    Reset_Handler                            0x0800019d   Thumb Code     8  startup_stm32f4xx.o(.text)
    ADC_IRQHandler                           0x080001b7   Thumb Code     0  startup_stm32f4xx.o(.text)
    CAN1_RX0_IRQHandler                      0x080001b7   Thumb Code     0  startup_stm32f4xx.o(.text)
    CAN1_RX1_IRQHandler                      0x080001b7   Thumb Code     0  startup_stm32f4xx.o(.text)
    CAN1_SCE_IRQHandler                      0x080001b7   Thumb Code     0  startup_stm32f4xx.o(.text)
    CAN1_TX_IRQHandler                       0x080001b7   Thumb Code     0  startup_stm32f4xx.o(.text)
    CAN2_RX0_IRQHandler                      0x080001b7   Thumb Code     0  startup_stm32f4xx.o(.text)
    CAN2_RX1_IRQHandler                      0x080001b7   Thumb Code     0  startup_stm32f4xx.o(.text)
    CAN2_SCE_IRQHandler                      0x080001b7   Thumb Code     0  startup_stm32f4xx.o(.text)
    CAN2_TX_IRQHandler                       0x080001b7   Thumb Code     0  startup_stm32f4xx.o(.text)
    CRYP_IRQHandler                          0x080001b7   Thumb Code     0  startup_stm32f4xx.o(.text)
    DCMI_IRQHandler                          0x080001b7   Thumb Code     0  startup_stm32f4xx.o(.text)
    DMA1_Stream0_IRQHandler                  0x080001b7   Thumb Code     0  startup_stm32f4xx.o(.text)
    DMA1_Stream1_IRQHandler                  0x080001b7   Thumb Code     0  startup_stm32f4xx.o(.text)
    DMA1_Stream2_IRQHandler                  0x080001b7   Thumb Code     0  startup_stm32f4xx.o(.text)
    DMA1_Stream3_IRQHandler                  0x080001b7   Thumb Code     0  startup_stm32f4xx.o(.text)
    DMA1_Stream4_IRQHandler                  0x080001b7   Thumb Code     0  startup_stm32f4xx.o(.text)
    DMA1_Stream5_IRQHandler                  0x080001b7   Thumb Code     0  startup_stm32f4xx.o(.text)
    DMA1_Stream6_IRQHandler                  0x080001b7   Thumb Code     0  startup_stm32f4xx.o(.text)
    DMA1_Stream7_IRQHandler                  0x080001b7   Thumb Code     0  startup_stm32f4xx.o(.text)
    DMA2_Stream0_IRQHandler                  0x080001b7   Thumb Code     0  startup_stm32f4xx.o(.text)
    DMA2_Stream1_IRQHandler                  0x080001b7   Thumb Code     0  startup_stm32f4xx.o(.text)
    DMA2_Stream2_IRQHandler                  0x080001b7   Thumb Code     0  startup_stm32f4xx.o(.text)
    DMA2_Stream3_IRQHandler                  0x080001b7   Thumb Code     0  startup_stm32f4xx.o(.text)
    DMA2_Stream4_IRQHandler                  0x080001b7   Thumb Code     0  startup_stm32f4xx.o(.text)
    DMA2_Stream5_IRQHandler                  0x080001b7   Thumb Code     0  startup_stm32f4xx.o(.text)
    DMA2_Stream6_IRQHandler                  0x080001b7   Thumb Code     0  startup_stm32f4xx.o(.text)
    DMA2_Stream7_IRQHandler                  0x080001b7   Thumb Code     0  startup_stm32f4xx.o(.text)
    ETH_IRQHandler                           0x080001b7   Thumb Code     0  startup_stm32f4xx.o(.text)
    ETH_WKUP_IRQHandler                      0x080001b7   Thumb Code     0  startup_stm32f4xx.o(.text)
    EXTI0_IRQHandler                         0x080001b7   Thumb Code     0  startup_stm32f4xx.o(.text)
    EXTI1_IRQHandler                         0x080001b7   Thumb Code     0  startup_stm32f4xx.o(.text)
    EXTI2_IRQHandler                         0x080001b7   Thumb Code     0  startup_stm32f4xx.o(.text)
    EXTI3_IRQHandler                         0x080001b7   Thumb Code     0  startup_stm32f4xx.o(.text)
    EXTI4_IRQHandler                         0x080001b7   Thumb Code     0  startup_stm32f4xx.o(.text)
    EXTI9_5_IRQHandler                       0x080001b7   Thumb Code     0  startup_stm32f4xx.o(.text)
    FLASH_IRQHandler                         0x080001b7   Thumb Code     0  startup_stm32f4xx.o(.text)
    FPU_IRQHandler                           0x080001b7   Thumb Code     0  startup_stm32f4xx.o(.text)
    FSMC_IRQHandler                          0x080001b7   Thumb Code     0  startup_stm32f4xx.o(.text)
    HASH_RNG_IRQHandler                      0x080001b7   Thumb Code     0  startup_stm32f4xx.o(.text)
    I2C1_ER_IRQHandler                       0x080001b7   Thumb Code     0  startup_stm32f4xx.o(.text)
    I2C1_EV_IRQHandler                       0x080001b7   Thumb Code     0  startup_stm32f4xx.o(.text)
    I2C2_ER_IRQHandler                       0x080001b7   Thumb Code     0  startup_stm32f4xx.o(.text)
    I2C2_EV_IRQHandler                       0x080001b7   Thumb Code     0  startup_stm32f4xx.o(.text)
    I2C3_ER_IRQHandler                       0x080001b7   Thumb Code     0  startup_stm32f4xx.o(.text)
    I2C3_EV_IRQHandler                       0x080001b7   Thumb Code     0  startup_stm32f4xx.o(.text)
    OTG_FS_IRQHandler                        0x080001b7   Thumb Code     0  startup_stm32f4xx.o(.text)
    OTG_FS_WKUP_IRQHandler                   0x080001b7   Thumb Code     0  startup_stm32f4xx.o(.text)
    OTG_HS_EP1_IN_IRQHandler                 0x080001b7   Thumb Code     0  startup_stm32f4xx.o(.text)
    OTG_HS_EP1_OUT_IRQHandler                0x080001b7   Thumb Code     0  startup_stm32f4xx.o(.text)
    OTG_HS_IRQHandler                        0x080001b7   Thumb Code     0  startup_stm32f4xx.o(.text)
    OTG_HS_WKUP_IRQHandler                   0x080001b7   Thumb Code     0  startup_stm32f4xx.o(.text)
    PVD_IRQHandler                           0x080001b7   Thumb Code     0  startup_stm32f4xx.o(.text)
    RCC_IRQHandler                           0x080001b7   Thumb Code     0  startup_stm32f4xx.o(.text)
    RTC_Alarm_IRQHandler                     0x080001b7   Thumb Code     0  startup_stm32f4xx.o(.text)
    RTC_WKUP_IRQHandler                      0x080001b7   Thumb Code     0  startup_stm32f4xx.o(.text)
    SDIO_IRQHandler                          0x080001b7   Thumb Code     0  startup_stm32f4xx.o(.text)
    SPI1_IRQHandler                          0x080001b7   Thumb Code     0  startup_stm32f4xx.o(.text)
    SPI2_IRQHandler                          0x080001b7   Thumb Code     0  startup_stm32f4xx.o(.text)
    SPI3_IRQHandler                          0x080001b7   Thumb Code     0  startup_stm32f4xx.o(.text)
    TAMP_STAMP_IRQHandler                    0x080001b7   Thumb Code     0  startup_stm32f4xx.o(.text)
    TIM1_BRK_TIM9_IRQHandler                 0x080001b7   Thumb Code     0  startup_stm32f4xx.o(.text)
    TIM1_CC_IRQHandler                       0x080001b7   Thumb Code     0  startup_stm32f4xx.o(.text)
    TIM1_TRG_COM_TIM11_IRQHandler            0x080001b7   Thumb Code     0  startup_stm32f4xx.o(.text)
    TIM1_UP_TIM10_IRQHandler                 0x080001b7   Thumb Code     0  startup_stm32f4xx.o(.text)
    TIM3_IRQHandler                          0x080001b7   Thumb Code     0  startup_stm32f4xx.o(.text)
    TIM4_IRQHandler                          0x080001b7   Thumb Code     0  startup_stm32f4xx.o(.text)
    TIM6_DAC_IRQHandler                      0x080001b7   Thumb Code     0  startup_stm32f4xx.o(.text)
    TIM7_IRQHandler                          0x080001b7   Thumb Code     0  startup_stm32f4xx.o(.text)
    TIM8_BRK_TIM12_IRQHandler                0x080001b7   Thumb Code     0  startup_stm32f4xx.o(.text)
    TIM8_CC_IRQHandler                       0x080001b7   Thumb Code     0  startup_stm32f4xx.o(.text)
    TIM8_TRG_COM_TIM14_IRQHandler            0x080001b7   Thumb Code     0  startup_stm32f4xx.o(.text)
    TIM8_UP_TIM13_IRQHandler                 0x080001b7   Thumb Code     0  startup_stm32f4xx.o(.text)
    UART4_IRQHandler                         0x080001b7   Thumb Code     0  startup_stm32f4xx.o(.text)
    USART1_IRQHandler                        0x080001b7   Thumb Code     0  startup_stm32f4xx.o(.text)
    USART3_IRQHandler                        0x080001b7   Thumb Code     0  startup_stm32f4xx.o(.text)
    USART6_IRQHandler                        0x080001b7   Thumb Code     0  startup_stm32f4xx.o(.text)
    WWDG_IRQHandler                          0x080001b7   Thumb Code     0  startup_stm32f4xx.o(.text)
    __aeabi_memcpy                           0x080001c1   Thumb Code    36  memcpya.o(.text)
    __aeabi_memcpy4                          0x080001c1   Thumb Code     0  memcpya.o(.text)
    __aeabi_memcpy8                          0x080001c1   Thumb Code     0  memcpya.o(.text)
    __scatterload                            0x080001e5   Thumb Code    28  init.o(.text)
    __scatterload_rt2                        0x080001e5   Thumb Code     0  init.o(.text)
    ADC1_CH4_CH5_DMA_Config                  0x08000209   Thumb Code   384  adc_dma.o(i.ADC1_CH4_CH5_DMA_Config)
    ADC_Cmd                                  0x080003a1   Thumb Code    22  stm32f4xx_adc.o(i.ADC_Cmd)
    ADC_CommonInit                           0x080003b9   Thumb Code    44  stm32f4xx_adc.o(i.ADC_CommonInit)
    ADC_DMACmd                               0x080003f1   Thumb Code    22  stm32f4xx_adc.o(i.ADC_DMACmd)
    ADC_DMARequestAfterLastTransferCmd       0x08000407   Thumb Code    22  stm32f4xx_adc.o(i.ADC_DMARequestAfterLastTransferCmd)
    ADC_Init                                 0x0800041d   Thumb Code    74  stm32f4xx_adc.o(i.ADC_Init)
    ADC_RegularChannelConfig                 0x08000471   Thumb Code   184  stm32f4xx_adc.o(i.ADC_RegularChannelConfig)
    ADC_SoftwareStartConv                    0x08000529   Thumb Code    10  stm32f4xx_adc.o(i.ADC_SoftwareStartConv)
    BusFault_Handler                         0x08000533   Thumb Code     4  stm32f4xx_it.o(i.BusFault_Handler)
    DMA_Cmd                                  0x08000537   Thumb Code    22  stm32f4xx_dma.o(i.DMA_Cmd)
    DMA_Init                                 0x0800054d   Thumb Code    82  stm32f4xx_dma.o(i.DMA_Init)
    DebugMon_Handler                         0x080005a5   Thumb Code     2  stm32f4xx_it.o(i.DebugMon_Handler)
    EXTI15_10_IRQHandler                     0x080005a9   Thumb Code   424  stm32f4xx_it.o(i.EXTI15_10_IRQHandler)
    EXTI_ClearITPendingBit                   0x08000769   Thumb Code     6  stm32f4xx_exti.o(i.EXTI_ClearITPendingBit)
    EXTI_GetITStatus                         0x08000775   Thumb Code    34  stm32f4xx_exti.o(i.EXTI_GetITStatus)
    EXTI_Init                                0x0800079d   Thumb Code   142  stm32f4xx_exti.o(i.EXTI_Init)
    GPIO_Init                                0x08000831   Thumb Code   144  stm32f4xx_gpio.o(i.GPIO_Init)
    GPIO_PinAFConfig                         0x080008c1   Thumb Code    70  stm32f4xx_gpio.o(i.GPIO_PinAFConfig)
    GPIO_ReadInputDataBit                    0x08000907   Thumb Code    18  stm32f4xx_gpio.o(i.GPIO_ReadInputDataBit)
    GPIO_ResetBits                           0x08000919   Thumb Code     4  stm32f4xx_gpio.o(i.GPIO_ResetBits)
    GPIO_SetBits                             0x0800091d   Thumb Code     4  stm32f4xx_gpio.o(i.GPIO_SetBits)
    HardFault_Handler                        0x08000921   Thumb Code     4  stm32f4xx_it.o(i.HardFault_Handler)
    Infrared_GPIO_Config                     0x08000925   Thumb Code   122  infrared.o(i.Infrared_GPIO_Config)
    MemManage_Handler                        0x080009a5   Thumb Code     4  stm32f4xx_it.o(i.MemManage_Handler)
    NMI_Handler                              0x080009a9   Thumb Code     2  stm32f4xx_it.o(i.NMI_Handler)
    NVIC_Config                              0x080009ab   Thumb Code    32  infrared.o(i.NVIC_Config)
    NVIC_Init                                0x080009cd   Thumb Code   108  misc.o(i.NVIC_Init)
    NVIC_PriorityGroupConfig                 0x08000a45   Thumb Code    10  misc.o(i.NVIC_PriorityGroupConfig)
    PendSV_Handler                           0x08000a59   Thumb Code     2  stm32f4xx_it.o(i.PendSV_Handler)
    RCCConfig                                0x08000a5b   Thumb Code    28  main.o(i.RCCConfig)
    RCC_AHB1PeriphClockCmd                   0x08000a79   Thumb Code    26  stm32f4xx_rcc.o(i.RCC_AHB1PeriphClockCmd)
    RCC_APB1PeriphClockCmd                   0x08000a99   Thumb Code    26  stm32f4xx_rcc.o(i.RCC_APB1PeriphClockCmd)
    RCC_APB2PeriphClockCmd                   0x08000ab9   Thumb Code    26  stm32f4xx_rcc.o(i.RCC_APB2PeriphClockCmd)
    RCC_GetClocksFreq                        0x08000ad9   Thumb Code   214  stm32f4xx_rcc.o(i.RCC_GetClocksFreq)
    RCC_HCLKConfig                           0x08000bc1   Thumb Code    18  stm32f4xx_rcc.o(i.RCC_HCLKConfig)
    RCC_PCLK1Config                          0x08000bd9   Thumb Code    18  stm32f4xx_rcc.o(i.RCC_PCLK1Config)
    RCC_PCLK2Config                          0x08000bf1   Thumb Code    20  stm32f4xx_rcc.o(i.RCC_PCLK2Config)
    RCC_SYSCLKConfig                         0x08000c09   Thumb Code    18  stm32f4xx_rcc.o(i.RCC_SYSCLKConfig)
    SVC_Handler                              0x08000c21   Thumb Code     2  stm32f4xx_it.o(i.SVC_Handler)
    SYSCFG_EXTILineConfig                    0x08000c25   Thumb Code    60  stm32f4xx_syscfg.o(i.SYSCFG_EXTILineConfig)
    SysTick_Handler                          0x08000d69   Thumb Code     2  stm32f4xx_it.o(i.SysTick_Handler)
    SystemInit                               0x08000d6d   Thumb Code    74  system_stm32f4xx.o(i.SystemInit)
    TIM1_TIM3_Config                         0x08000dc9   Thumb Code   236  timer.o(i.TIM1_TIM3_Config)
    TIM2_Config                              0x08000ec5   Thumb Code   100  timer.o(i.TIM2_Config)
    TIM2_IRQHandler                          0x08000f31   Thumb Code   370  stm32f4xx_it.o(i.TIM2_IRQHandler)
    TIM5_Config                              0x080010c9   Thumb Code   102  timer.o(i.TIM5_Config)
    TIM5_IRQHandler                          0x0800113d   Thumb Code   274  stm32f4xx_it.o(i.TIM5_IRQHandler)
    TIM_ARRPreloadConfig                     0x08001265   Thumb Code    24  stm32f4xx_tim.o(i.TIM_ARRPreloadConfig)
    TIM_ClearITPendingBit                    0x0800127d   Thumb Code     6  stm32f4xx_tim.o(i.TIM_ClearITPendingBit)
    TIM_Cmd                                  0x08001283   Thumb Code    24  stm32f4xx_tim.o(i.TIM_Cmd)
    TIM_CtrlPWMOutputs                       0x0800129b   Thumb Code    30  stm32f4xx_tim.o(i.TIM_CtrlPWMOutputs)
    TIM_GetITStatus                          0x080012b9   Thumb Code    34  stm32f4xx_tim.o(i.TIM_GetITStatus)
    TIM_ITConfig                             0x080012db   Thumb Code    18  stm32f4xx_tim.o(i.TIM_ITConfig)
    TIM_OC1Init                              0x080012ed   Thumb Code   114  stm32f4xx_tim.o(i.TIM_OC1Init)
    TIM_OC2Init                              0x08001369   Thumb Code   154  stm32f4xx_tim.o(i.TIM_OC2Init)
    TIM_OC3Init                              0x0800140d   Thumb Code   150  stm32f4xx_tim.o(i.TIM_OC3Init)
    TIM_OC3PreloadConfig                     0x080014ad   Thumb Code    18  stm32f4xx_tim.o(i.TIM_OC3PreloadConfig)
    TIM_TimeBaseInit                         0x080014c1   Thumb Code   104  stm32f4xx_tim.o(i.TIM_TimeBaseInit)
    UART5_Configuration                      0x08001545   Thumb Code   200  usart.o(i.UART5_Configuration)
    UART5_IRQHandler                         0x08001619   Thumb Code    34  stm32f4xx_it.o(i.UART5_IRQHandler)
    USART2_Configuration                     0x08001641   Thumb Code   172  usart.o(i.USART2_Configuration)
    USART2_IRQHandler                        0x080016f5   Thumb Code   160  stm32f4xx_it.o(i.USART2_IRQHandler)
    USART_ClearITPendingBit                  0x080017b1   Thumb Code    30  stm32f4xx_usart.o(i.USART_ClearITPendingBit)
    USART_Cmd                                0x080017cf   Thumb Code    24  stm32f4xx_usart.o(i.USART_Cmd)
    USART_GetFlagStatus                      0x080017e7   Thumb Code    26  stm32f4xx_usart.o(i.USART_GetFlagStatus)
    USART_ITConfig                           0x08001801   Thumb Code    74  stm32f4xx_usart.o(i.USART_ITConfig)
    USART_Init                               0x0800184d   Thumb Code   204  stm32f4xx_usart.o(i.USART_Init)
    USART_ReceiveData                        0x08001921   Thumb Code    10  stm32f4xx_usart.o(i.USART_ReceiveData)
    USART_SendData                           0x0800192b   Thumb Code     8  stm32f4xx_usart.o(i.USART_SendData)
    UsageFault_Handler                       0x08001933   Thumb Code     4  stm32f4xx_it.o(i.UsageFault_Handler)
    __0printf$2                              0x08001939   Thumb Code    22  printf2.o(i.__0printf$2)
    __1printf$2                              0x08001939   Thumb Code     0  printf2.o(i.__0printf$2)
    __2printf                                0x08001939   Thumb Code     0  printf2.o(i.__0printf$2)
    __scatterload_copy                       0x08001959   Thumb Code    14  handlers.o(i.__scatterload_copy)
    __scatterload_null                       0x08001967   Thumb Code     2  handlers.o(i.__scatterload_null)
    __scatterload_zeroinit                   0x08001969   Thumb Code    14  handlers.o(i.__scatterload_zeroinit)
    blackTechInit                            0x08001a49   Thumb Code    40  main.o(i.blackTechInit)
    fputc                                    0x08001a75   Thumb Code    32  usart.o(i.fputc)
    getOurLocation                           0x08001a99   Thumb Code    58  strategy.o(i.getOurLocation)
    getProp                                  0x08001add   Thumb Code    22  strategy.o(i.getProp)
    getRivalID                               0x08001af9   Thumb Code    32  strategy.o(i.getRivalID)
    goingIN                                  0x08001b1d   Thumb Code    68  strategy.o(i.goingIN)
    imu_rev_get_data                         0x08001b69   Thumb Code   228  imu.o(i.imu_rev_get_data)
    imu_rev_process                          0x08001c51   Thumb Code   116  imu.o(i.imu_rev_process)
    main                                     0x08001cd9   Thumb Code    56  main.o(i.main)
    motor_backward                           0x08001d15   Thumb Code    20  motor.o(i.motor_backward)
    motor_config                             0x08001d29   Thumb Code   256  motor.o(i.motor_config)
    motor_forward                            0x08001e39   Thumb Code    20  motor.o(i.motor_forward)
    motor_left_backward                      0x08001e4d   Thumb Code    12  motor.o(i.motor_left_backward)
    motor_left_forward                       0x08001e5d   Thumb Code    12  motor.o(i.motor_left_forward)
    motor_right_backward                     0x08001e6d   Thumb Code    14  motor.o(i.motor_right_backward)
    motor_right_forward                      0x08001e81   Thumb Code    14  motor.o(i.motor_right_forward)
    motor_setLeftSpeed                       0x08001e95   Thumb Code    26  motor.o(i.motor_setLeftSpeed)
    motor_setRightSpeed                      0x08001eb5   Thumb Code    26  motor.o(i.motor_setRightSpeed)
    motor_setSpeed                           0x08001ed5   Thumb Code    38  motor.o(i.motor_setSpeed)
    motor_turn_left                          0x08001f01   Thumb Code   110  motor.o(i.motor_turn_left)
    motor_turn_right                         0x08001f6f   Thumb Code   110  motor.o(i.motor_turn_right)
    motor_wake                               0x08001fdd   Thumb Code    20  motor.o(i.motor_wake)
    parseReceivedPack                        0x08001ff9   Thumb Code    22  strategy.o(i.parseReceivedPack)
    parseSendPack                            0x08002019   Thumb Code    44  strategy.o(i.parseSendPack)
    pwm1_config                              0x08002049   Thumb Code   176  pwm.o(i.pwm1_config)
    sendDefaultPack                          0x08002119   Thumb Code    24  strategy.o(i.sendDefaultPack)
    sendPack                                 0x08002139   Thumb Code    24  strategy.o(i.sendPack)
    useDefendProp                            0x08002151   Thumb Code   216  strategy.o(i.useDefendProp)
    Region$$Table$$Base                      0x0800222c   Number         0  anon$$obj.o(Region$$Table)
    Region$$Table$$Limit                     0x0800224c   Number         0  anon$$obj.o(Region$$Table)
    CCR1_Val                                 0x20000000   Data           2  pwm.o(.data)
    period                                   0x20000002   Data           2  pwm.o(.data)
    CCR2_Val                                 0x20000004   Data           2  pwm.o(.data)
    CCR3_Val                                 0x20000006   Data           2  pwm.o(.data)
    isFinished                               0x20000008   Data           1  strategy.o(.data)
    toBeReceive                              0x20000009   Data           1  strategy.o(.data)
    isParsed                                 0x2000000a   Data           1  strategy.o(.data)
    requestToBeSent                          0x2000000b   Data           1  strategy.o(.data)
    SendAI                                   0x2000000c   Data           3  strategy.o(.data)
    OurLocation                              0x2000000f   Data           2  strategy.o(.data)
    lastOurLocation                          0x20000011   Data           2  strategy.o(.data)
    __stdout                                 0x20000014   Data           4  usart.o(.data)
    PrescalerValue                           0x20000018   Data           2  main.o(.data)
    comptitionStart                          0x2000001a   Data           1  main.o(.data)
    SystemCoreClock                          0x2000001c   Data           4  system_stm32f4xx.o(.data)
    AHBPrescTable                            0x20000020   Data          16  system_stm32f4xx.o(.data)
    bkp_l                                    0x20000030   Data           1  stm32f4xx_it.o(.data)
    bkp_r                                    0x20000031   Data           1  stm32f4xx_it.o(.data)
    left1                                    0x20000032   Data           1  stm32f4xx_it.o(.data)
    left2                                    0x20000033   Data           1  stm32f4xx_it.o(.data)
    right2                                   0x20000034   Data           1  stm32f4xx_it.o(.data)
    right1                                   0x20000035   Data           1  stm32f4xx_it.o(.data)
    if_back                                  0x20000036   Data           1  stm32f4xx_it.o(.data)
    counter                                  0x20000045   Data           1  stm32f4xx_it.o(.data)
    lastReceived                             0x20000046   Data           1  stm32f4xx_it.o(.data)
    currentReceived                          0x20000047   Data           1  stm32f4xx_it.o(.data)
    reverse                                  0x20000048   Data           1  stm32f4xx_it.o(.data)
    ReceiveAI                                0x200000a8   Data          23  strategy.o(.bss)
    ReceivedPacket                           0x200000bf   Data          23  strategy.o(.bss)
    toBeParsedPack                           0x200000d6   Data          23  strategy.o(.bss)
    receive_data                             0x200000ed   Data          32  strategy.o(.bss)
    ADC3ConvertedValue                       0x2000014e   Data          16  main.o(.bss)
    ADC1ConvertedValue                       0x2000015e   Data          20  main.o(.bss)
    IMU_Data                                 0x200001b4   Data          28  imu.o(.bss)
    __initial_sp                             0x200005d0   Data           0  startup_stm32f4xx.o(STACK)



==============================================================================

Memory Map of the image

  Image Entry point : 0x08000189

  Load Region LR_IROM1 (Base: 0x08000000, Size: 0x000022b4, Max: 0x00080000, ABSOLUTE)

    Execution Region ER_IROM1 (Base: 0x08000000, Size: 0x0000224c, Max: 0x00080000, ABSOLUTE)

    Base Addr    Size         Type   Attr      Idx    E Section Name        Object

    0x08000000   0x00000188   Data   RO          912    RESET               startup_stm32f4xx.o
    0x08000188   0x00000000   Code   RO         4798  * .ARM.Collect$$$$00000000  mc_w.l(entry.o)
    0x08000188   0x00000004   Code   RO         5066    .ARM.Collect$$$$00000001  mc_w.l(entry2.o)
    0x0800018c   0x00000004   Code   RO         5069    .ARM.Collect$$$$00000004  mc_w.l(entry5.o)
    0x08000190   0x00000000   Code   RO         5071    .ARM.Collect$$$$00000008  mc_w.l(entry7b.o)
    0x08000190   0x00000000   Code   RO         5073    .ARM.Collect$$$$0000000A  mc_w.l(entry8b.o)
    0x08000190   0x00000008   Code   RO         5074    .ARM.Collect$$$$0000000B  mc_w.l(entry9a.o)
    0x08000198   0x00000000   Code   RO         5076    .ARM.Collect$$$$0000000D  mc_w.l(entry10a.o)
    0x08000198   0x00000000   Code   RO         5078    .ARM.Collect$$$$0000000F  mc_w.l(entry11a.o)
    0x08000198   0x00000004   Code   RO         5067    .ARM.Collect$$$$00002712  mc_w.l(entry2.o)
    0x0800019c   0x00000024   Code   RO          913    .text               startup_stm32f4xx.o
    0x080001c0   0x00000024   Code   RO         4801    .text               mc_w.l(memcpya.o)
    0x080001e4   0x00000024   Code   RO         5095    .text               mc_w.l(init.o)
    0x08000208   0x00000198   Code   RO          797    i.ADC1_CH4_CH5_DMA_Config  adc_dma.o
    0x080003a0   0x00000016   Code   RO          964    i.ADC_Cmd           stm32f4xx_adc.o
    0x080003b6   0x00000002   PAD
    0x080003b8   0x00000038   Code   RO          965    i.ADC_CommonInit    stm32f4xx_adc.o
    0x080003f0   0x00000016   Code   RO          968    i.ADC_DMACmd        stm32f4xx_adc.o
    0x08000406   0x00000016   Code   RO          969    i.ADC_DMARequestAfterLastTransferCmd  stm32f4xx_adc.o
    0x0800041c   0x00000054   Code   RO          984    i.ADC_Init          stm32f4xx_adc.o
    0x08000470   0x000000b8   Code   RO          989    i.ADC_RegularChannelConfig  stm32f4xx_adc.o
    0x08000528   0x0000000a   Code   RO          991    i.ADC_SoftwareStartConv  stm32f4xx_adc.o
    0x08000532   0x00000004   Code   RO          695    i.BusFault_Handler  stm32f4xx_it.o
    0x08000536   0x00000016   Code   RO         1839    i.DMA_Cmd           stm32f4xx_dma.o
    0x0800054c   0x00000058   Code   RO         1851    i.DMA_Init          stm32f4xx_dma.o
    0x080005a4   0x00000002   Code   RO          696    i.DebugMon_Handler  stm32f4xx_it.o
    0x080005a6   0x00000002   PAD
    0x080005a8   0x000001c0   Code   RO          697    i.EXTI15_10_IRQHandler  stm32f4xx_it.o
    0x08000768   0x0000000c   Code   RO         1962    i.EXTI_ClearITPendingBit  stm32f4xx_exti.o
    0x08000774   0x00000028   Code   RO         1966    i.EXTI_GetITStatus  stm32f4xx_exti.o
    0x0800079c   0x00000094   Code   RO         1967    i.EXTI_Init         stm32f4xx_exti.o
    0x08000830   0x00000090   Code   RO         2334    i.GPIO_Init         stm32f4xx_gpio.o
    0x080008c0   0x00000046   Code   RO         2335    i.GPIO_PinAFConfig  stm32f4xx_gpio.o
    0x08000906   0x00000012   Code   RO         2338    i.GPIO_ReadInputDataBit  stm32f4xx_gpio.o
    0x08000918   0x00000004   Code   RO         2341    i.GPIO_ResetBits    stm32f4xx_gpio.o
    0x0800091c   0x00000004   Code   RO         2342    i.GPIO_SetBits      stm32f4xx_gpio.o
    0x08000920   0x00000004   Code   RO          698    i.HardFault_Handler  stm32f4xx_it.o
    0x08000924   0x00000080   Code   RO          836    i.Infrared_GPIO_Config  infrared.o
    0x080009a4   0x00000004   Code   RO          699    i.MemManage_Handler  stm32f4xx_it.o
    0x080009a8   0x00000002   Code   RO          700    i.NMI_Handler       stm32f4xx_it.o
    0x080009aa   0x00000020   Code   RO          837    i.NVIC_Config       infrared.o
    0x080009ca   0x00000002   PAD
    0x080009cc   0x00000078   Code   RO          918    i.NVIC_Init         misc.o
    0x08000a44   0x00000014   Code   RO          919    i.NVIC_PriorityGroupConfig  misc.o
    0x08000a58   0x00000002   Code   RO          701    i.PendSV_Handler    stm32f4xx_it.o
    0x08000a5a   0x0000001c   Code   RO          617    i.RCCConfig         main.o
    0x08000a76   0x00000002   PAD
    0x08000a78   0x00000020   Code   RO         2919    i.RCC_AHB1PeriphClockCmd  stm32f4xx_rcc.o
    0x08000a98   0x00000020   Code   RO         2928    i.RCC_APB1PeriphClockCmd  stm32f4xx_rcc.o
    0x08000ab8   0x00000020   Code   RO         2931    i.RCC_APB2PeriphClockCmd  stm32f4xx_rcc.o
    0x08000ad8   0x000000e8   Code   RO         2940    i.RCC_GetClocksFreq  stm32f4xx_rcc.o
    0x08000bc0   0x00000018   Code   RO         2944    i.RCC_HCLKConfig    stm32f4xx_rcc.o
    0x08000bd8   0x00000018   Code   RO         2953    i.RCC_PCLK1Config   stm32f4xx_rcc.o
    0x08000bf0   0x00000018   Code   RO         2954    i.RCC_PCLK2Config   stm32f4xx_rcc.o
    0x08000c08   0x00000018   Code   RO         2961    i.RCC_SYSCLKConfig  stm32f4xx_rcc.o
    0x08000c20   0x00000002   Code   RO          702    i.SVC_Handler       stm32f4xx_it.o
    0x08000c22   0x00000002   PAD
    0x08000c24   0x00000040   Code   RO         3956    i.SYSCFG_EXTILineConfig  stm32f4xx_syscfg.o
    0x08000c64   0x00000104   Code   RO          662    i.SetSysClock       system_stm32f4xx.o
    0x08000d68   0x00000002   Code   RO          703    i.SysTick_Handler   stm32f4xx_it.o
    0x08000d6a   0x00000002   PAD
    0x08000d6c   0x0000005c   Code   RO          664    i.SystemInit        system_stm32f4xx.o
    0x08000dc8   0x000000fc   Code   RO          505    i.TIM1_TIM3_Config  timer.o
    0x08000ec4   0x0000006c   Code   RO          506    i.TIM2_Config       timer.o
    0x08000f30   0x00000198   Code   RO          704    i.TIM2_IRQHandler   stm32f4xx_it.o
    0x080010c8   0x00000074   Code   RO          507    i.TIM5_Config       timer.o
    0x0800113c   0x00000128   Code   RO          705    i.TIM5_IRQHandler   stm32f4xx_it.o
    0x08001264   0x00000018   Code   RO         4003    i.TIM_ARRPreloadConfig  stm32f4xx_tim.o
    0x0800127c   0x00000006   Code   RO         4010    i.TIM_ClearITPendingBit  stm32f4xx_tim.o
    0x08001282   0x00000018   Code   RO         4015    i.TIM_Cmd           stm32f4xx_tim.o
    0x0800129a   0x0000001e   Code   RO         4017    i.TIM_CtrlPWMOutputs  stm32f4xx_tim.o
    0x080012b8   0x00000022   Code   RO         4036    i.TIM_GetITStatus   stm32f4xx_tim.o
    0x080012da   0x00000012   Code   RO         4040    i.TIM_ITConfig      stm32f4xx_tim.o
    0x080012ec   0x0000007c   Code   RO         4044    i.TIM_OC1Init       stm32f4xx_tim.o
    0x08001368   0x000000a4   Code   RO         4049    i.TIM_OC2Init       stm32f4xx_tim.o
    0x0800140c   0x000000a0   Code   RO         4054    i.TIM_OC3Init       stm32f4xx_tim.o
    0x080014ac   0x00000012   Code   RO         4057    i.TIM_OC3PreloadConfig  stm32f4xx_tim.o
    0x080014be   0x00000002   PAD
    0x080014c0   0x00000084   Code   RO         4087    i.TIM_TimeBaseInit  stm32f4xx_tim.o
    0x08001544   0x000000d4   Code   RO          533    i.UART5_Configuration  usart.o
    0x08001618   0x00000028   Code   RO          706    i.UART5_IRQHandler  stm32f4xx_it.o
    0x08001640   0x000000b4   Code   RO          534    i.USART2_Configuration  usart.o
    0x080016f4   0x000000bc   Code   RO          707    i.USART2_IRQHandler  stm32f4xx_it.o
    0x080017b0   0x0000001e   Code   RO         4558    i.USART_ClearITPendingBit  stm32f4xx_usart.o
    0x080017ce   0x00000018   Code   RO         4561    i.USART_Cmd         stm32f4xx_usart.o
    0x080017e6   0x0000001a   Code   RO         4564    i.USART_GetFlagStatus  stm32f4xx_usart.o
    0x08001800   0x0000004a   Code   RO         4567    i.USART_ITConfig    stm32f4xx_usart.o
    0x0800184a   0x00000002   PAD
    0x0800184c   0x000000d4   Code   RO         4568    i.USART_Init        stm32f4xx_usart.o
    0x08001920   0x0000000a   Code   RO         4575    i.USART_ReceiveData  stm32f4xx_usart.o
    0x0800192a   0x00000008   Code   RO         4578    i.USART_SendData    stm32f4xx_usart.o
    0x08001932   0x00000004   Code   RO          708    i.UsageFault_Handler  stm32f4xx_it.o
    0x08001936   0x00000002   PAD
    0x08001938   0x00000020   Code   RO         4872    i.__0printf$2       mc_w.l(printf2.o)
    0x08001958   0x0000000e   Code   RO         5107    i.__scatterload_copy  mc_w.l(handlers.o)
    0x08001966   0x00000002   Code   RO         5108    i.__scatterload_null  mc_w.l(handlers.o)
    0x08001968   0x0000000e   Code   RO         5109    i.__scatterload_zeroinit  mc_w.l(handlers.o)
    0x08001976   0x000000d0   Code   RO         4879    i._printf_core      mc_w.l(printf2.o)
    0x08001a46   0x00000002   PAD
    0x08001a48   0x0000002c   Code   RO          618    i.blackTechInit     main.o
    0x08001a74   0x00000024   Code   RO          543    i.fputc             usart.o
    0x08001a98   0x00000044   Code   RO          390    i.getOurLocation    strategy.o
    0x08001adc   0x0000001c   Code   RO          391    i.getProp           strategy.o
    0x08001af8   0x00000024   Code   RO          392    i.getRivalID        strategy.o
    0x08001b1c   0x0000004c   Code   RO          393    i.goingIN           strategy.o
    0x08001b68   0x000000e8   Code   RO          857    i.imu_rev_get_data  imu.o
    0x08001c50   0x00000088   Code   RO          858    i.imu_rev_process   imu.o
    0x08001cd8   0x0000003c   Code   RO          619    i.main              main.o
    0x08001d14   0x00000014   Code   RO          133    i.motor_backward    motor.o
    0x08001d28   0x00000110   Code   RO          135    i.motor_config      motor.o
    0x08001e38   0x00000014   Code   RO          136    i.motor_forward     motor.o
    0x08001e4c   0x00000010   Code   RO          137    i.motor_left_backward  motor.o
    0x08001e5c   0x00000010   Code   RO          138    i.motor_left_forward  motor.o
    0x08001e6c   0x00000014   Code   RO          139    i.motor_right_backward  motor.o
    0x08001e80   0x00000014   Code   RO          140    i.motor_right_forward  motor.o
    0x08001e94   0x00000020   Code   RO          142    i.motor_setLeftSpeed  motor.o
    0x08001eb4   0x00000020   Code   RO          143    i.motor_setRightSpeed  motor.o
    0x08001ed4   0x0000002c   Code   RO          144    i.motor_setSpeed    motor.o
    0x08001f00   0x0000006e   Code   RO          146    i.motor_turn_left   motor.o
    0x08001f6e   0x0000006e   Code   RO          147    i.motor_turn_right  motor.o
    0x08001fdc   0x0000001c   Code   RO          148    i.motor_wake        motor.o
    0x08001ff8   0x00000020   Code   RO          394    i.parseReceivedPack  strategy.o
    0x08002018   0x00000030   Code   RO          395    i.parseSendPack     strategy.o
    0x08002048   0x000000d0   Code   RO          339    i.pwm1_config       pwm.o
    0x08002118   0x00000020   Code   RO          396    i.sendDefaultPack   strategy.o
    0x08002138   0x00000018   Code   RO          397    i.sendPack          strategy.o
    0x08002150   0x000000dc   Code   RO          399    i.useDefendProp     strategy.o
    0x0800222c   0x00000020   Data   RO         5105    Region$$Table       anon$$obj.o


    Execution Region RW_IRAM1 (Base: 0x20000000, Size: 0x000005d0, Max: 0x00020000, ABSOLUTE)

    Base Addr    Size         Type   Attr      Idx    E Section Name        Object

    0x20000000   0x00000008   Data   RW          343    .data               pwm.o
    0x20000008   0x0000000b   Data   RW          403    .data               strategy.o
    0x20000013   0x00000001   PAD
    0x20000014   0x00000004   Data   RW          545    .data               usart.o
    0x20000018   0x00000003   Data   RW          621    .data               main.o
    0x2000001b   0x00000001   PAD
    0x2000001c   0x00000014   Data   RW          665    .data               system_stm32f4xx.o
    0x20000030   0x00000019   Data   RW          710    .data               stm32f4xx_it.o
    0x20000049   0x00000003   PAD
    0x2000004c   0x00000009   Data   RW          860    .data               imu.o
    0x20000055   0x00000010   Data   RW         2963    .data               stm32f4xx_rcc.o
    0x20000065   0x00000003   PAD
    0x20000068   0x000000a5   Zero   RW          402    .bss                strategy.o
    0x2000010d   0x00000001   PAD
    0x2000010e   0x00000064   Zero   RW          620    .bss                main.o
    0x20000172   0x00000002   PAD
    0x20000174   0x0000005c   Zero   RW          859    .bss                imu.o
    0x200001d0   0x00000400   Zero   RW          910    STACK               startup_stm32f4xx.o


==============================================================================

Image component sizes


      Code (inc. data)   RO Data    RW Data    ZI Data      Debug   Object Name

         0          0          0          0          0     287852   adc.o
       408         24          0          0          0        894   adc_dma.o
       368         24          0          9         92       5056   imu.o
       160          6          0          0          0       1193   infrared.o
       132          8          0          3        100       2589   main.o
       140         22          0          0          0       1843   misc.o
       740         62          0          0          0       7854   motor.o
       208         32          0          8          0       1094   pwm.o
        36          8        392          0       1024        812   startup_stm32f4xx.o
       400         22          0          0          0       6223   stm32f4xx_adc.o
       110          6          0          0          0       2661   stm32f4xx_dma.o
       200         18          0          0          0       2516   stm32f4xx_exti.o
       240          0          0          0          0       4079   stm32f4xx_gpio.o
      1406        118          0         25          0       8681   stm32f4xx_it.o
       424         58          0         16          0       7487   stm32f4xx_rcc.o
        64          4          0          0          0        744   stm32f4xx_syscfg.o
       734         58          0          0          0       8715   stm32f4xx_tim.o
       384          8          0          0          0       6059   stm32f4xx_usart.o
       564         54          0         11        165       7656   strategy.o
       352         34          0         20          0       1949   system_stm32f4xx.o
       476         38          0          0          0       1931   timer.o
       428         24          0          4          0       3803   usart.o

    ----------------------------------------------------------------------
      7992        628        424        104       1384     371691   Object Totals
         0          0         32          0          0          0   (incl. Generated)
        18          0          0          8          3          0   (incl. Padding)

    ----------------------------------------------------------------------

      Code (inc. data)   RO Data    RW Data    ZI Data      Debug   Library Member Name

         0          0          0          0          0          0   entry.o
         0          0          0          0          0          0   entry10a.o
         0          0          0          0          0          0   entry11a.o
         8          4          0          0          0          0   entry2.o
         4          0          0          0          0          0   entry5.o
         0          0          0          0          0          0   entry7b.o
         0          0          0          0          0          0   entry8b.o
         8          4          0          0          0          0   entry9a.o
        30          0          0          0          0          0   handlers.o
        36          8          0          0          0         68   init.o
        36          0          0          0          0         68   memcpya.o
       240         10          0          0          0        176   printf2.o

    ----------------------------------------------------------------------
       364         26          0          0          0        312   Library Totals
         2          0          0          0          0          0   (incl. Padding)

    ----------------------------------------------------------------------

      Code (inc. data)   RO Data    RW Data    ZI Data      Debug   Library Name

       362         26          0          0          0        312   mc_w.l

    ----------------------------------------------------------------------
       364         26          0          0          0        312   Library Totals

    ----------------------------------------------------------------------

==============================================================================


      Code (inc. data)   RO Data    RW Data    ZI Data      Debug   

      8356        654        424        104       1384     362551   Grand Totals
      8356        654        424        104       1384     362551   ELF Image Totals
      8356        654        424        104          0          0   ROM Totals

==============================================================================

    Total RO  Size (Code + RO Data)                 8780 (   8.57kB)
    Total RW  Size (RW Data + ZI Data)              1488 (   1.45kB)
    Total ROM Size (Code + RO Data + RW Data)       8884 (   8.68kB)

==============================================================================

