ARM Linker, 5.02 [Build 28] [MDK-ARM Standard]

==============================================================================

Section Cross References

    startup_stm32f10x_hd.o(STACK) refers (Special) to heapauxi.o(.text) for __use_two_region_memory
    startup_stm32f10x_hd.o(HEAP) refers (Special) to heapauxi.o(.text) for __use_two_region_memory
    startup_stm32f10x_hd.o(RESET) refers (Special) to heapauxi.o(.text) for __use_two_region_memory
    startup_stm32f10x_hd.o(RESET) refers to startup_stm32f10x_hd.o(STACK) for __initial_sp
    startup_stm32f10x_hd.o(RESET) refers to startup_stm32f10x_hd.o(.text) for Reset_Handler
    startup_stm32f10x_hd.o(RESET) refers to stm32f10x_it.o(.text) for NMI_Handler
    startup_stm32f10x_hd.o(RESET) refers to systime.o(.text) for RTC_IRQHandler
    startup_stm32f10x_hd.o(RESET) refers to adc.o(.text) for DMA1_Channel1_IRQHandler
    startup_stm32f10x_hd.o(RESET) refers to debug_exec.o(.text) for DMA1_Channel4_IRQHandler
    startup_stm32f10x_hd.o(RESET) refers to main.o(.text) for USART2_IRQHandler
    startup_stm32f10x_hd.o(.text) refers (Special) to heapauxi.o(.text) for __use_two_region_memory
    startup_stm32f10x_hd.o(.text) refers to system_stm32f10x.o(.text) for SystemInit
    startup_stm32f10x_hd.o(.text) refers to __main.o(!!!main) for __main
    startup_stm32f10x_hd.o(.text) refers to startup_stm32f10x_hd.o(HEAP) for Heap_Mem
    startup_stm32f10x_hd.o(.text) refers to startup_stm32f10x_hd.o(STACK) for Stack_Mem
    main.o(.text) refers to movementctr.o(.text) for SetSpeed
    main.o(.text) refers to fflt_clz.o(x$fpl$fflt) for __aeabi_i2f
    main.o(.text) refers to fmul.o(x$fpl$fmul) for __aeabi_fmul
    main.o(.text) refers to faddsub_clz.o(x$fpl$fadd) for __aeabi_fadd
    main.o(.text) refers to sqrtf.o(i.sqrtf) for sqrtf
    main.o(.text) refers to main.o(.data) for GameStatus
    main.o(.text) refers to main.o(.constdata) for holes
    main.o(.text) refers to frleqf.o(x$fpl$frleqf) for __aeabi_cfrcmple
    main.o(.text) refers to main.o(.bss) for Inf
    main.o(.text) refers to movementctr.o(.data) for TurnFinish
    main.o(.text) refers to ffix.o(x$fpl$ffix) for __aeabi_f2iz
    main.o(.text) refers to fleqf.o(x$fpl$fleqf) for __aeabi_cfcmple
    main.o(.text) refers to stm32f10x_rcc.o(.text) for RCC_APB2PeriphClockCmd
    main.o(.text) refers to stm32f10x_gpio.o(.text) for GPIO_Init
    main.o(.text) refers to comunication.o(.text) for USARTInit
    main.o(.text) refers to sysconfig.o(.text) for System_Init
    main.o(.text) refers to hardware.o(.text) for HardwareDriver_Init
    main.o(.text) refers to iic_6050.o(.text) for IIC_Exec
    main.o(.text) refers to sysconfig.o(.data) for TimeTicket
    main.o(.text) refers to iic_6050.o(.data) for IIC_OK
    main.o(.text) refers to stm32f10x_usart.o(.text) for USART_GetFlagStatus
    stm32f10x_it.o(.text) refers to sysconfig.o(.text) for TimeTicketSevice
    stm32f10x_it.o(.text) refers to movementctr.o(.text) for Degree_Exec
    stm32f10x_it.o(.text) refers to motor_ctr.o(.text) for Motor_Exec
    comunication.o(.text) refers to stm32f10x_usart.o(.text) for USART_GetFlagStatus
    comunication.o(.text) refers to stm32f10x_rcc.o(.text) for RCC_APB2PeriphClockCmd
    comunication.o(.text) refers to stm32f10x_gpio.o(.text) for GPIO_Init
    comunication.o(.text) refers to misc.o(.text) for NVIC_Init
    comunication.o(.text) refers to stm32f10x_dma.o(.text) for DMA_ClearITPendingBit
    comunication.o(.text) refers to spi_memory.o(.text) for SPIFlash_Write
    sysconfig.o(.text) refers to comunication.o(.text) for USARTSendString
    sysconfig.o(.text) refers to stm32f10x_rcc.o(.text) for RCC_SYSCLKConfig
    sysconfig.o(.text) refers to system_stm32f10x.o(.text) for SystemCoreClockUpdate
    sysconfig.o(.text) refers to stm32f10x_gpio.o(.text) for GPIO_PinRemapConfig
    sysconfig.o(.text) refers to sysconfig.o(.data) for TimeTicket
    public.o(.text) refers to dmul.o(x$fpl$dmul) for __aeabi_dmul
    public.o(.text) refers to dfixu.o(x$fpl$dfixu) for __aeabi_d2uiz
    public.o(.text) refers to comunication.o(.text) for USARTSendString
    public.o(.text) refers to sysconfig.o(.data) for TimeTicket
    movementctr.o(.text) refers to fflt_clz.o(x$fpl$fflt) for __aeabi_i2f
    movementctr.o(.text) refers to fdiv.o(x$fpl$fdiv) for __aeabi_fdiv
    movementctr.o(.text) refers to frleqf.o(x$fpl$frleqf) for __aeabi_cfrcmple
    movementctr.o(.text) refers to fleqf.o(x$fpl$fleqf) for __aeabi_cfcmple
    movementctr.o(.text) refers to faddsub_clz.o(x$fpl$fsub) for __aeabi_fsub
    movementctr.o(.text) refers to fmul.o(x$fpl$fmul) for __aeabi_fmul
    movementctr.o(.text) refers to ffix.o(x$fpl$ffix) for __aeabi_f2iz
    movementctr.o(.text) refers to movementctr.o(.data) for Speed
    movementctr.o(.text) refers to motor_ctr.o(.data) for MotorSpeedSet
    movementctr.o(.text) refers to main.o(.data) for MakeNextMove
    movementctr.o(.text) refers to f2d.o(x$fpl$f2d) for __aeabi_f2d
[...]
    x$fpl$dnaninf                            0x0800cdec   Section      156  dnaninf.o(x$fpl$dnaninf)
    x$fpl$dretinf                            0x0800ce88   Section       12  dretinf.o(x$fpl$dretinf)
    x$fpl$drleqf                             0x0800ce94   Section      108  drleqf.o(x$fpl$drleqf)
    x$fpl$dsub                               0x0800cf00   Section      468  daddsub_clz.o(x$fpl$dsub)
    _dsub1                                   0x0800cf11   Thumb Code     0  daddsub_clz.o(x$fpl$dsub)
    x$fpl$f2d                                0x0800d0d4   Section       86  f2d.o(x$fpl$f2d)
    x$fpl$fadd                               0x0800d12c   Section      196  faddsub_clz.o(x$fpl$fadd)
    _fadd1                                   0x0800d13b   Thumb Code     0  faddsub_clz.o(x$fpl$fadd)
    x$fpl$fcmpinf                            0x0800d1f0   Section       24  fcmpi.o(x$fpl$fcmpinf)
    x$fpl$fdiv                               0x0800d208   Section      388  fdiv.o(x$fpl$fdiv)
    _fdiv1                                   0x0800d209   Thumb Code     0  fdiv.o(x$fpl$fdiv)
    x$fpl$ffix                               0x0800d38c   Section       54  ffix.o(x$fpl$ffix)
    x$fpl$ffixu                              0x0800d3c4   Section       62  ffixu.o(x$fpl$ffixu)
    x$fpl$fflt                               0x0800d404   Section       48  fflt_clz.o(x$fpl$fflt)
    x$fpl$fleqf                              0x0800d434   Section      104  fleqf.o(x$fpl$fleqf)
    x$fpl$fmul                               0x0800d49c   Section      258  fmul.o(x$fpl$fmul)
    x$fpl$fnaninf                            0x0800d59e   Section      140  fnaninf.o(x$fpl$fnaninf)
    x$fpl$fretinf                            0x0800d62a   Section       10  fretinf.o(x$fpl$fretinf)
    x$fpl$frleqf                             0x0800d634   Section       98  frleqf.o(x$fpl$frleqf)
    x$fpl$fsqrt                              0x0800d698   Section      272  fsqrt.o(x$fpl$fsqrt)
    x$fpl$fsub                               0x0800d7a8   Section      234  faddsub_clz.o(x$fpl$fsub)
    _fsub1                                   0x0800d7b7   Thumb Code     0  faddsub_clz.o(x$fpl$fsub)
    x$fpl$usenofp                            0x0800d892   Section        0  usenofp.o(x$fpl$usenofp)
    .constdata                               0x0800d894   Section       68  main.o(.constdata)
    .data                                    0x20000000   Section      312  main.o(.data)
    LastTime                                 0x20000114   Data           1  main.o(.data)
    tar                                      0x20000115   Data           1  main.o(.data)
    .data                                    0x20000138   Section        4  sysconfig.o(.data)
    .data                                    0x2000013c   Section       28  movementctr.o(.data)
    .data                                    0x20000158   Section       20  stm32f10x_rcc.o(.data)
    APBAHBPrescTable                         0x20000158   Data          16  stm32f10x_rcc.o(.data)
    ADCPrescTable                            0x20000168   Data           4  stm32f10x_rcc.o(.data)
    .data                                    0x2000016c   Section       20  system_stm32f10x.o(.data)
    .data                                    0x20000180   Section        2  adc.o(.data)
    count                                    0x20000180   Data           2  adc.o(.data)
    .data                                    0x20000182   Section       39  motor_ctr.o(.data)
    .data                                    0x200001ac   Section       28  iic_6050.o(.data)
    step                                     0x200001c1   Data           1  iic_6050.o(.data)
    time                                     0x200001c4   Data           4  iic_6050.o(.data)
    .data                                    0x200001c8   Section        2  debug_exec.o(.data)
    writeaddr                                0x200001c9   Data           1  debug_exec.o(.data)
    .bss                                     0x200001cc   Section       24  main.o(.bss)
    .bss                                     0x200001e4   Section       80  adc.o(.bss)
    .bss                                     0x20000234   Section     4096  spi_memory.o(.bss)
    .bss                                     0x20001234   Section       52  debug_exec.o(.bss)
    .bss                                     0x20001268   Section       96  libspace.o(.bss)
    HEAP                                     0x200012c8   Section     1024  startup_stm32f10x_hd.o(HEAP)
    Heap_Mem                                 0x200012c8   Data        1024  startup_stm32f10x_hd.o(HEAP)
    STACK                                    0x200016c8   Section     2048  startup_stm32f10x_hd.o(STACK)
    Stack_Mem                                0x200016c8   Data        2048  startup_stm32f10x_hd.o(STACK)
    __initial_sp                             0x20001ec8   Data           0  startup_stm32f10x_hd.o(STACK)

    Global Symbols

    Symbol Name                              Value     Ov Type        Size  Object(Section)

    BuildAttributes$$THM_ISAv4$P$D$K$B$S$PE$A:L22UL41UL21$X:L11$S22US41US21$IEEE1$IW$USESV6$~STKCKD$USESV7$~SHL$OTIME$ROPI$IEEEJ$EBA8$UX$STANDARDLIB$REQ8$PRES8$EABIv2 0x00000000   Number         0  anon$$obj.o ABSOLUTE
    __ARM_use_no_argv                        0x00000000   Number         0  main.o ABSOLUTE
    __ARM_exceptions_init                     - Undefined Weak Reference
    __alloca_initialize                       - Undefined Weak Reference
    __cpp_initialize__aeabi_                  - Undefined Weak Reference
    __cxa_finalize                            - Undefined Weak Reference
    __rt_locale                               - Undefined Weak Reference
    __sigvec_lookup                           - Undefined Weak Reference
    _atexit_init                              - Undefined Weak Reference
    _call_atexit_fns                          - Undefined Weak Reference
    _clock_init                               - Undefined Weak Reference
    _fp_trap_init                             - Undefined Weak Reference
    _fp_trap_shutdown                         - Undefined Weak Reference
    _get_lc_collate                           - Undefined Weak Reference
    _get_lc_ctype                             - Undefined Weak Reference
    _get_lc_monetary                          - Undefined Weak Reference
    _get_lc_numeric                           - Undefined Weak Reference
    _get_lc_time                              - Undefined Weak Reference
    _getenv_init                              - Undefined Weak Reference
    _handle_redirection                       - Undefined Weak Reference
    _init_alloc                               - Undefined Weak Reference
    _init_user_alloc                          - Undefined Weak Reference
    _initio                                   - Undefined Weak Reference
    _rand_init                                - Undefined Weak Reference
    _signal_finish                            - Undefined Weak Reference
    _signal_init                              - Undefined Weak Reference
    _terminate_alloc                          - Undefined Weak Reference
    _terminate_user_alloc                     - Undefined Weak Reference
    _terminateio                              - Undefined Weak Reference
    __Vectors_Size                           0x00000130   Number         0  startup_stm32f10x_hd.o ABSOLUTE
    __Vectors                                0x08000000   Data           4  startup_stm32f10x_hd.o(RESET)
    __Vectors_End                            0x08000130   Data           0  startup_stm32f10x_hd.o(RESET)
    __main                                   0x08000131   Thumb Code     8  __main.o(!!!main)
    __scatterload                            0x08000139   Thumb Code     0  __scatter.o(!!!scatter)
    __scatterload_rt2                        0x08000139   Thumb Code    44  __scatter.o(!!!scatter)
    __scatterload_rt2_thumb_only             0x08000139   Thumb Code     0  __scatter.o(!!!scatter)
    __scatterload_null                       0x08000147   Thumb Code     0  __scatter.o(!!!scatter)
    __decompress                             0x0800016d   Thumb Code    90  __dczerorl2.o(!!dczerorl2)
    __decompress1                            0x0800016d   Thumb Code     0  __dczerorl2.o(!!dczerorl2)
    __scatterload_zeroinit                   0x080001c9   Thumb Code    28  __scatter_zi.o(!!handler_zi)
    __rt_lib_init                            0x080001e5   Thumb Code     0  libinit.o(.ARM.Collect$$libinit$$00000000)
    __rt_lib_init_alloca_1                   0x080001e7   Thumb Code     0  libinit2.o(.ARM.Collect$$libinit$$0000002C)
    __rt_lib_init_argv_1                     0x080001e7   Thumb Code     0  libinit2.o(.ARM.Collect$$libinit$$0000002A)
    __rt_lib_init_atexit_1                   0x080001e7   Thumb Code     0  libinit2.o(.ARM.Collect$$libinit$$00000019)
    __rt_lib_init_clock_1                    0x080001e7   Thumb Code     0  libinit2.o(.ARM.Collect$$libinit$$0000001F)
    __rt_lib_init_cpp_1                      0x080001e7   Thumb Code     0  libinit2.o(.ARM.Collect$$libinit$$00000030)
    __rt_lib_init_exceptions_1               0x080001e7   Thumb Code     0  libinit2.o(.ARM.Collect$$libinit$$0000002E)
    __rt_lib_init_fp_1                       0x080001e7   Thumb Code     0  libinit2.o(.ARM.Collect$$libinit$$00000002)
    __rt_lib_init_fp_trap_1                  0x080001e7   Thumb Code     0  libinit2.o(.ARM.Collect$$libinit$$0000001D)
    __rt_lib_init_getenv_1                   0x080001e7   Thumb Code     0  libinit2.o(.ARM.Collect$$libinit$$00000021)
    __rt_lib_init_heap_1                     0x080001e7   Thumb Code     0  libinit2.o(.ARM.Collect$$libinit$$00000008)
    __rt_lib_init_lc_collate_1               0x080001e7   Thumb Code     0  libinit2.o(.ARM.Collect$$libinit$$0000000F)
    __rt_lib_init_lc_ctype_1                 0x080001e7   Thumb Code     0  libinit2.o(.ARM.Collect$$libinit$$00000011)
    __rt_lib_init_lc_monetary_1              0x080001e7   Thumb Code     0  libinit2.o(.ARM.Collect$$libinit$$00000013)
    __rt_lib_init_lc_numeric_1               0x080001e7   Thumb Code     0  libinit2.o(.ARM.Collect$$libinit$$00000015)
    __rt_lib_init_lc_time_1                  0x080001e7   Thumb Code     0  libinit2.o(.ARM.Collect$$libinit$$00000017)
    __rt_lib_init_rand_1                     0x080001e7   Thumb Code     0  libinit2.o(.ARM.Collect$$libinit$$0000000C)
    __rt_lib_init_return                     0x080001e7   Thumb Code     0  libinit2.o(.ARM.Collect$$libinit$$00000031)
    __rt_lib_init_signal_1                   0x080001e7   Thumb Code     0  libinit2.o(.ARM.Collect$$libinit$$0000001B)
    __rt_lib_init_stdio_1                    0x080001e7   Thumb Code     0  libinit2.o(.ARM.Collect$$libinit$$00000023)
    __rt_lib_init_user_alloc_1               0x080001e7   Thumb Code     0  libinit2.o(.ARM.Collect$$libinit$$0000000A)
    __rt_lib_shutdown                        0x080001e9   Thumb Code     0  libshutdown.o(.ARM.Collect$$libshutdown$$00000000)
    __rt_lib_shutdown_fp_trap_1              0x080001eb   Thumb Code     0  libshutdown2.o(.ARM.Collect$$libshutdown$$00000006)
    __rt_lib_shutdown_heap_1                 0x080001eb   Thumb Code     0  libshutdown2.o(.ARM.Collect$$libshutdown$$0000000E)
    __rt_lib_shutdown_return                 0x080001eb   Thumb Code     0  libshutdown2.o(.ARM.Collect$$libshutdown$$0000000F)
    __rt_lib_shutdown_signal_1               0x080001eb   Thumb Code     0  libshutdown2.o(.ARM.Collect$$libshutdown$$00000009)
    __rt_lib_shutdown_stdio_1                0x080001eb   Thumb Code     0  libshutdown2.o(.ARM.Collect$$libshutdown$$00000003)
    __rt_lib_shutdown_user_alloc_1           0x080001eb   Thumb Code     0  libshutdown2.o(.ARM.Collect$$libshutdown$$0000000B)
    __rt_entry                               0x080001ed   Thumb Code     0  rtentry.o(.ARM.Collect$$rtentry$$00000000)
    __rt_entry_presh_1                       0x080001ed   Thumb Code     0  rtentry2.o(.ARM.Collect$$rtentry$$00000002)
    __rt_entry_sh                            0x080001ed   Thumb Code     0  rtentry4.o(.ARM.Collect$$rtentry$$00000004)
    __rt_entry_li                            0x080001f3   Thumb Code     0  rtentry2.o(.ARM.Collect$$rtentry$$0000000A)
    __rt_entry_postsh_1                      0x080001f3   Thumb Code     0  rtentry2.o(.ARM.Collect$$rtentry$$00000009)
    __rt_entry_main                          0x080001f7   Thumb Code     0  rtentry2.o(.ARM.Collect$$rtentry$$0000000D)
    __rt_entry_postli_1                      0x080001f7   Thumb Code     0  rtentry2.o(.ARM.Collect$$rtentry$$0000000C)
    __rt_exit                                0x080001ff   Thumb Code     0  rtexit.o(.ARM.Collect$$rtexit$$00000000)
    __rt_exit_ls                             0x08000201   Thumb Code     0  rtexit2.o(.ARM.Collect$$rtexit$$00000003)
    __rt_exit_prels_1                        0x08000201   Thumb Code     0  rtexit2.o(.ARM.Collect$$rtexit$$00000002)
    __rt_exit_exit                           0x08000205   Thumb Code     0  rtexit2.o(.ARM.Collect$$rtexit$$00000004)
    Reset_Handler                            0x0800020d   Thumb Code     8  startup_stm32f10x_hd.o(.text)
    PendSV_Handler                           0x08000223   Thumb Code     2  startup_stm32f10x_hd.o(.text)
    ADC1_2_IRQHandler                        0x08000227   Thumb Code     0  startup_stm32f10x_hd.o(.text)
    ADC3_IRQHandler                          0x08000227   Thumb Code     0  startup_stm32f10x_hd.o(.text)
    CAN1_RX1_IRQHandler                      0x08000227   Thumb Code     0  startup_stm32f10x_hd.o(.text)
    CAN1_SCE_IRQHandler                      0x08000227   Thumb Code     0  startup_stm32f10x_hd.o(.text)
    DMA1_Channel2_IRQHandler                 0x08000227   Thumb Code     0  startup_stm32f10x_hd.o(.text)
    DMA1_Channel3_IRQHandler                 0x08000227   Thumb Code     0  startup_stm32f10x_hd.o(.text)
    DMA1_Channel5_IRQHandler                 0x08000227   Thumb Code     0  startup_stm32f10x_hd.o(.text)
    DMA1_Channel6_IRQHandler                 0x08000227   Thumb Code     0  startup_stm32f10x_hd.o(.text)
    DMA1_Channel7_IRQHandler                 0x08000227   Thumb Code     0  startup_stm32f10x_hd.o(.text)
    DMA2_Channel1_IRQHandler                 0x08000227   Thumb Code     0  startup_stm32f10x_hd.o(.text)
    DMA2_Channel2_IRQHandler                 0x08000227   Thumb Code     0  startup_stm32f10x_hd.o(.text)
    DMA2_Channel3_IRQHandler                 0x08000227   Thumb Code     0  startup_stm32f10x_hd.o(.text)
    DMA2_Channel4_5_IRQHandler               0x08000227   Thumb Code     0  startup_stm32f10x_hd.o(.text)
    EXTI0_IRQHandler                         0x08000227   Thumb Code     0  startup_stm32f10x_hd.o(.text)
    EXTI15_10_IRQHandler                     0x08000227   Thumb Code     0  startup_stm32f10x_hd.o(.text)
    EXTI1_IRQHandler                         0x08000227   Thumb Code     0  startup_stm32f10x_hd.o(.text)
    EXTI2_IRQHandler                         0x08000227   Thumb Code     0  startup_stm32f10x_hd.o(.text)
    EXTI3_IRQHandler                         0x08000227   Thumb Code     0  startup_stm32f10x_hd.o(.text)
    EXTI4_IRQHandler                         0x08000227   Thumb Code     0  startup_stm32f10x_hd.o(.text)
    EXTI9_5_IRQHandler                       0x08000227   Thumb Code     0  startup_stm32f10x_hd.o(.text)
    FLASH_IRQHandler                         0x08000227   Thumb Code     0  startup_stm32f10x_hd.o(.text)
    FSMC_IRQHandler                          0x08000227   Thumb Code     0  startup_stm32f10x_hd.o(.text)
    I2C1_ER_IRQHandler                       0x08000227   Thumb Code     0  startup_stm32f10x_hd.o(.text)
    I2C1_EV_IRQHandler                       0x08000227   Thumb Code     0  startup_stm32f10x_hd.o(.text)
    I2C2_ER_IRQHandler                       0x08000227   Thumb Code     0  startup_stm32f10x_hd.o(.text)
    I2C2_EV_IRQHandler                       0x08000227   Thumb Code     0  startup_stm32f10x_hd.o(.text)
    PVD_IRQHandler                           0x08000227   Thumb Code     0  startup_stm32f10x_hd.o(.text)
    RCC_IRQHandler                           0x08000227   Thumb Code     0  startup_stm32f10x_hd.o(.text)
    RTCAlarm_IRQHandler                      0x08000227   Thumb Code     0  startup_stm32f10x_hd.o(.text)
    SDIO_IRQHandler                          0x08000227   Thumb Code     0  startup_stm32f10x_hd.o(.text)
    SPI1_IRQHandler                          0x08000227   Thumb Code     0  startup_stm32f10x_hd.o(.text)
    SPI2_IRQHandler                          0x08000227   Thumb Code     0  startup_stm32f10x_hd.o(.text)
    SPI3_IRQHandler                          0x08000227   Thumb Code     0  startup_stm32f10x_hd.o(.text)
    TAMPER_IRQHandler                        0x08000227   Thumb Code     0  startup_stm32f10x_hd.o(.text)
    TIM1_BRK_IRQHandler                      0x08000227   Thumb Code     0  startup_stm32f10x_hd.o(.text)
    TIM1_CC_IRQHandler                       0x08000227   Thumb Code     0  startup_stm32f10x_hd.o(.text)
    TIM1_TRG_COM_IRQHandler                  0x08000227   Thumb Code     0  startup_stm32f10x_hd.o(.text)
    TIM1_UP_IRQHandler                       0x08000227   Thumb Code     0  startup_stm32f10x_hd.o(.text)
    TIM2_IRQHandler                          0x08000227   Thumb Code     0  startup_stm32f10x_hd.o(.text)
    TIM3_IRQHandler                          0x08000227   Thumb Code     0  startup_stm32f10x_hd.o(.text)
    TIM4_IRQHandler                          0x08000227   Thumb Code     0  startup_stm32f10x_hd.o(.text)
    TIM5_IRQHandler                          0x08000227   Thumb Code     0  startup_stm32f10x_hd.o(.text)
    TIM6_IRQHandler                          0x08000227   Thumb Code     0  startup_stm32f10x_hd.o(.text)
    TIM7_IRQHandler                          0x08000227   Thumb Code     0  startup_stm32f10x_hd.o(.text)
    TIM8_BRK_IRQHandler                      0x08000227   Thumb Code     0  startup_stm32f10x_hd.o(.text)
    TIM8_CC_IRQHandler                       0x08000227   Thumb Code     0  startup_stm32f10x_hd.o(.text)
    TIM8_TRG_COM_IRQHandler                  0x08000227   Thumb Code     0  startup_stm32f10x_hd.o(.text)
    TIM8_UP_IRQHandler                       0x08000227   Thumb Code     0  startup_stm32f10x_hd.o(.text)
    UART4_IRQHandler                         0x08000227   Thumb Code     0  startup_stm32f10x_hd.o(.text)
    UART5_IRQHandler                         0x08000227   Thumb Code     0  startup_stm32f10x_hd.o(.text)
    USART3_IRQHandler                        0x08000227   Thumb Code     0  startup_stm32f10x_hd.o(.text)
    USBWakeUp_IRQHandler                     0x08000227   Thumb Code     0  startup_stm32f10x_hd.o(.text)
    USB_HP_CAN1_TX_IRQHandler                0x08000227   Thumb Code     0  startup_stm32f10x_hd.o(.text)
    USB_LP_CAN1_RX0_IRQHandler               0x08000227   Thumb Code     0  startup_stm32f10x_hd.o(.text)
    WWDG_IRQHandler                          0x08000227   Thumb Code     0  startup_stm32f10x_hd.o(.text)
    __user_initial_stackheap                 0x08000229   Thumb Code     0  startup_stm32f10x_hd.o(.text)
    BackTo                                   0x0800024d   Thumb Code   110  main.o(.text)
    Back                                     0x080002bb   Thumb Code    16  main.o(.text)
    GoTo                                     0x080002cb   Thumb Code   106  main.o(.text)
    SetTarget                                0x08000335   Thumb Code     8  main.o(.text)
    SetTarget_Temp                           0x0800033d   Thumb Code     8  main.o(.text)
    IsAHole                                  0x08000345   Thumb Code    90  main.o(.text)
    SetTarget_Behind                         0x0800039f   Thumb Code   116  main.o(.text)
    NearestHole                              0x08000413   Thumb Code    48  main.o(.text)
    NearestHole_emy                          0x08000443   Thumb Code    48  main.o(.text)
    Distance                                 0x08000473   Thumb Code    64  main.o(.text)
    IsNearHole                               0x080004b3   Thumb Code    90  main.o(.text)
    IsTargetAvailable                        0x0800050d   Thumb Code    66  main.o(.text)
    FindTan                                  0x0800054f   Thumb Code   104  main.o(.text)
    FixedTan                                 0x080005b7   Thumb Code   246  main.o(.text)
    TurnToEmy                                0x080006ad   Thumb Code   152  main.o(.text)
    SetNextHole                              0x08000745   Thumb Code   404  main.o(.text)
    CalTarget                                0x080008d9   Thumb Code  1154  main.o(.text)
    CalEmy                                   0x08000d5b   Thumb Code   394  main.o(.text)
    GoToTarget                               0x08000ee5   Thumb Code   558  main.o(.text)
    GPIOInit                                 0x08001113   Thumb Code    40  main.o(.text)
    main                                     0x0800113b   Thumb Code   484  main.o(.text)
    GetData                                  0x0800131f   Thumb Code   256  main.o(.text)
    USART2SendOneChar                        0x0800141f   Thumb Code    28  main.o(.text)
    USART2_IRQHandler                        0x0800143b   Thumb Code   194  main.o(.text)
    assert_failed                            0x080014fd   Thumb Code    34  main.o(.text)
    NMI_Handler                              0x0800156d   Thumb Code     2  stm32f10x_it.o(.text)
    HardFault_Handler                        0x0800156f   Thumb Code     4  stm32f10x_it.o(.text)
    MemManage_Handler                        0x08001573   Thumb Code     4  stm32f10x_it.o(.text)
    BusFault_Handler                         0x08001577   Thumb Code     4  stm32f10x_it.o(.text)
    UsageFault_Handler                       0x0800157b   Thumb Code     4  stm32f10x_it.o(.text)
    SVC_Handler                              0x0800157f   Thumb Code     2  stm32f10x_it.o(.text)
    DebugMon_Handler                         0x08001581   Thumb Code     2  stm32f10x_it.o(.text)
    SysTick_Handler                          0x08001583   Thumb Code    16  stm32f10x_it.o(.text)
    USARTSendString                          0x08001595   Thumb Code    38  comunication.o(.text)
    USARTInit                                0x080015bb   Thumb Code   276  comunication.o(.text)
    USART2Init                               0x080016cf   Thumb Code   186  comunication.o(.text)
    USARTSendOneChar                         0x08001789   Thumb Code    28  comunication.o(.text)
    USARTSendData                            0x080017a5   Thumb Code    40  comunication.o(.text)
    USARTWaitData                            0x080017cd   Thumb Code    26  comunication.o(.text)
    USARTSendFigDec                          0x080017e7   Thumb Code    94  comunication.o(.text)
    USARTSendSysFrequency                    0x08001845   Thumb Code    70  comunication.o(.text)
    USARTWaitString                          0x0800188b   Thumb Code    66  comunication.o(.text)
    USARTWaitArray                           0x080018cd   Thumb Code    42  comunication.o(.text)
    USARTDMAInit                             0x080018f7   Thumb Code    90  comunication.o(.text)
    USARTWriteFileDirect                     0x08001951   Thumb Code   354  comunication.o(.text)
    SetMCUFrequency                          0x08001acd   Thumb Code    64  sysconfig.o(.text)
    SysTickInit                              0x08001b0d   Thumb Code    86  sysconfig.o(.text)
    TimeTicketSevice                         0x08001b63   Thumb Code    12  sysconfig.o(.text)
    ClockInit                                0x08001b6f   Thumb Code    12  sysconfig.o(.text)
    DisableJTAG                              0x08001b7b   Thumb Code    28  sysconfig.o(.text)
    InterruptInit                            0x08001b97   Thumb Code     2  sysconfig.o(.text)
    System_Init                              0x08001b99   Thumb Code    20  sysconfig.o(.text)
    Delay_mS                                 0x08001bcd   Thumb Code    22  public.o(.text)
    Delay_Simple                             0x08001be3   Thumb Code    12  public.o(.text)
    Array16_SmallToBig                       0x08001bef   Thumb Code    62  public.o(.text)
    FigToString                              0x08001c2d   Thumb Code    80  public.o(.text)
    FigToStringAuto                          0x08001c7d   Thumb Code   158  public.o(.text)
    DoubleFigToStringAuto                    0x08001d1b   Thumb Code    80  public.o(.text)
    FigToStringHex                           0x08001d6b   Thumb Code    62  public.o(.text)
    StringAdd                                0x08001da9   Thumb Code   102  public.o(.text)
    CompareString                            0x08001e0f   Thumb Code    46  public.o(.text)
    CopyString                               0x08001e3d   Thumb Code    60  public.o(.text)
    Go                                       0x08001ed1   Thumb Code    14  movementctr.o(.text)
    StopTurn                                 0x08001edf   Thumb Code   518  movementctr.o(.text)
    BackTurn                                 0x080020e5   Thumb Code   342  movementctr.o(.text)
    GoTurn                                   0x0800223b   Thumb Code   378  movementctr.o(.text)
    Degree_Exec                              0x080023b5   Thumb Code   226  movementctr.o(.text)
    SetDegree                                0x08002497   Thumb Code    18  movementctr.o(.text)
    SetSpeed                                 0x080024a9   Thumb Code    66  movementctr.o(.text)
    Stop                                     0x080024eb   Thumb Code    12  movementctr.o(.text)
    SetType                                  0x080024f7   Thumb Code     6  movementctr.o(.text)
    SetState                                 0x080024fd   Thumb Code    28  movementctr.o(.text)
    SetWay                                   0x08002519   Thumb Code    60  movementctr.o(.text)
    DeltaDegree                              0x08002555   Thumb Code    42  movementctr.o(.text)
    SetSource                                0x0800257f   Thumb Code     6  movementctr.o(.text)
    NVIC_PriorityGroupConfig                 0x080025c5   Thumb Code    54  misc.o(.text)
    NVIC_Init                                0x080025fb   Thumb Code   160  misc.o(.text)
    NVIC_SetVectorTable                      0x0800269b   Thumb Code    60  misc.o(.text)
    NVIC_SystemLPConfig                      0x080026d7   Thumb Code    78  misc.o(.text)
    SysTick_CLKSourceConfig                  0x08002725   Thumb Code    62  misc.o(.text)
    ADC_DeInit                               0x08002791   Thumb Code   106  stm32f10x_adc.o(.text)
    ADC_Init                                 0x080027fb   Thumb Code   388  stm32f10x_adc.o(.text)
    ADC_StructInit                           0x0800297f   Thumb Code    18  stm32f10x_adc.o(.text)
    ADC_Cmd                                  0x08002991   Thumb Code    76  stm32f10x_adc.o(.text)
    ADC_DMACmd                               0x080029dd   Thumb Code    70  stm32f10x_adc.o(.text)
    ADC_ITConfig                             0x08002a23   Thumb Code   104  stm32f10x_adc.o(.text)
    ADC_ResetCalibration                     0x08002a8b   Thumb Code    44  stm32f10x_adc.o(.text)
    ADC_GetResetCalibrationStatus            0x08002ab7   Thumb Code    54  stm32f10x_adc.o(.text)
    ADC_StartCalibration                     0x08002aed   Thumb Code    44  stm32f10x_adc.o(.text)
    ADC_GetCalibrationStatus                 0x08002b19   Thumb Code    54  stm32f10x_adc.o(.text)
    ADC_SoftwareStartConvCmd                 0x08002b4f   Thumb Code   132  stm32f10x_adc.o(.text)
    ADC_GetSoftwareStartConvStatus           0x08002bd3   Thumb Code    56  stm32f10x_adc.o(.text)
    ADC_DiscModeChannelCountConfig           0x08002c0b   Thumb Code    84  stm32f10x_adc.o(.text)
    ADC_DiscModeCmd                          0x08002c5f   Thumb Code    80  stm32f10x_adc.o(.text)
    ADC_RegularChannelConfig                 0x08002caf   Thumb Code   412  stm32f10x_adc.o(.text)
    ADC_ExternalTrigConvCmd                  0x08002e4b   Thumb Code    80  stm32f10x_adc.o(.text)
    ADC_GetConversionValue                   0x08002e9b   Thumb Code    42  stm32f10x_adc.o(.text)
    ADC_GetDualModeConversionValue           0x08002ec5   Thumb Code     8  stm32f10x_adc.o(.text)
    ADC_AutoInjectedConvCmd                  0x08002ecd   Thumb Code    80  stm32f10x_adc.o(.text)
    ADC_InjectedDiscModeCmd                  0x08002f1d   Thumb Code    80  stm32f10x_adc.o(.text)
    ADC_ExternalTrigInjectedConvConfig       0x08002f6d   Thumb Code   154  stm32f10x_adc.o(.text)
    ADC_ExternalTrigInjectedConvCmd          0x08003007   Thumb Code    80  stm32f10x_adc.o(.text)
    ADC_SoftwareStartInjectedConvCmd         0x08003057   Thumb Code    80  stm32f10x_adc.o(.text)
    ADC_GetSoftwareStartInjectedConvCmdStatus 0x080030a7   Thumb Code    56  stm32f10x_adc.o(.text)
    ADC_InjectedChannelConfig                0x080030df   Thumb Code   336  stm32f10x_adc.o(.text)
    ADC_InjectedSequencerLengthConfig        0x0800322f   Thumb Code    84  stm32f10x_adc.o(.text)
    ADC_SetInjectedOffset                    0x08003283   Thumb Code   104  stm32f10x_adc.o(.text)
    ADC_GetInjectedConversionValue           0x080032eb   Thumb Code    84  stm32f10x_adc.o(.text)
    ADC_AnalogWatchdogCmd                    0x0800333f   Thumb Code   106  stm32f10x_adc.o(.text)
    ADC_AnalogWatchdogThresholdsConfig       0x080033a9   Thumb Code   110  stm32f10x_adc.o(.text)
    ADC_AnalogWatchdogSingleChannelConfig    0x08003417   Thumb Code   136  stm32f10x_adc.o(.text)
    ADC_TempSensorVrefintCmd                 0x0800349f   Thumb Code    62  stm32f10x_adc.o(.text)
    ADC_GetFlagStatus                        0x080034dd   Thumb Code    90  stm32f10x_adc.o(.text)
    ADC_ClearFlag                            0x08003537   Thumb Code    66  stm32f10x_adc.o(.text)
    ADC_GetITStatus                          0x08003579   Thumb Code   112  stm32f10x_adc.o(.text)
    ADC_ClearITPendingBit                    0x080035e9   Thumb Code    72  stm32f10x_adc.o(.text)
    BKP_DeInit                               0x0800363d   Thumb Code    16  stm32f10x_bkp.o(.text)
    BKP_TamperPinLevelConfig                 0x0800364d   Thumb Code    26  stm32f10x_bkp.o(.text)
    BKP_TamperPinCmd                         0x08003667   Thumb Code    28  stm32f10x_bkp.o(.text)
    BKP_ITConfig                             0x08003683   Thumb Code    28  stm32f10x_bkp.o(.text)
    BKP_RTCOutputConfig                      0x0800369f   Thumb Code    52  stm32f10x_bkp.o(.text)
    BKP_SetRTCCalibrationValue               0x080036d3   Thumb Code    38  stm32f10x_bkp.o(.text)
    BKP_WriteBackupRegister                  0x080036f9   Thumb Code   196  stm32f10x_bkp.o(.text)
    BKP_ReadBackupRegister                   0x080037bd   Thumb Code   194  stm32f10x_bkp.o(.text)
    BKP_GetFlagStatus                        0x0800387f   Thumb Code    10  stm32f10x_bkp.o(.text)
    BKP_ClearFlag                            0x08003889   Thumb Code    18  stm32f10x_bkp.o(.text)
    BKP_GetITStatus                          0x0800389b   Thumb Code    10  stm32f10x_bkp.o(.text)
    BKP_ClearITPendingBit                    0x080038a5   Thumb Code    18  stm32f10x_bkp.o(.text)
    DMA_DeInit                               0x080038e1   Thumb Code   430  stm32f10x_dma.o(.text)
    DMA_Init                                 0x08003a8f   Thumb Code   388  stm32f10x_dma.o(.text)
    DMA_StructInit                           0x08003c13   Thumb Code    26  stm32f10x_dma.o(.text)
    DMA_Cmd                                  0x08003c2d   Thumb Code   192  stm32f10x_dma.o(.text)
    DMA_ITConfig                             0x08003ced   Thumb Code   174  stm32f10x_dma.o(.text)
    DMA_SetCurrDataCounter                   0x08003d9b   Thumb Code   116  stm32f10x_dma.o(.text)
    DMA_GetCurrDataCounter                   0x08003e0f   Thumb Code   116  stm32f10x_dma.o(.text)
    DMA_GetFlagStatus                        0x08003e83   Thumb Code   326  stm32f10x_dma.o(.text)
    DMA_ClearFlag                            0x08003fc9   Thumb Code    54  stm32f10x_dma.o(.text)
    DMA_GetITStatus                          0x08003fff   Thumb Code   376  stm32f10x_dma.o(.text)
    DMA_ClearITPendingBit                    0x08004177   Thumb Code    52  stm32f10x_dma.o(.text)
    GPIO_DeInit                              0x080041d1   Thumb Code   224  stm32f10x_gpio.o(.text)
    GPIO_AFIODeInit                          0x080042b1   Thumb Code    20  stm32f10x_gpio.o(.text)
    GPIO_Init                                0x080042c5   Thumb Code   378  stm32f10x_gpio.o(.text)
    GPIO_StructInit                          0x0800443f   Thumb Code    16  stm32f10x_gpio.o(.text)
    GPIO_ReadInputDataBit                    0x0800444f   Thumb Code   170  stm32f10x_gpio.o(.text)
    GPIO_ReadInputData                       0x080044f9   Thumb Code    64  stm32f10x_gpio.o(.text)
    GPIO_ReadOutputDataBit                   0x08004539   Thumb Code   232  stm32f10x_gpio.o(.text)
    GPIO_ReadOutputData                      0x08004621   Thumb Code    66  stm32f10x_gpio.o(.text)
    GPIO_SetBits                             0x08004663   Thumb Code    86  stm32f10x_gpio.o(.text)
    GPIO_ResetBits                           0x080046b9   Thumb Code    86  stm32f10x_gpio.o(.text)
    GPIO_WriteBit                            0x0800470f   Thumb Code   188  stm32f10x_gpio.o(.text)
    GPIO_Write                               0x080047cb   Thumb Code    66  stm32f10x_gpio.o(.text)
    GPIO_PinLockConfig                       0x0800480d   Thumb Code   100  stm32f10x_gpio.o(.text)
    GPIO_EventOutputConfig                   0x08004871   Thumb Code   138  stm32f10x_gpio.o(.text)
    GPIO_EventOutputCmd                      0x080048fb   Thumb Code    30  stm32f10x_gpio.o(.text)
    GPIO_PinRemapConfig                      0x08004919   Thumb Code   538  stm32f10x_gpio.o(.text)
    GPIO_EXTILineConfig                      0x08004b33   Thumb Code   186  stm32f10x_gpio.o(.text)
    GPIO_ETH_MediaInterfaceConfig            0x08004bed   Thumb Code    30  stm32f10x_gpio.o(.text)
    PWR_DeInit                               0x08004c21   Thumb Code    22  stm32f10x_pwr.o(.text)
    PWR_BackupAccessCmd                      0x08004c37   Thumb Code    26  stm32f10x_pwr.o(.text)
    PWR_PVDCmd                               0x08004c51   Thumb Code    26  stm32f10x_pwr.o(.text)
    PWR_PVDLevelConfig                       0x08004c6b   Thumb Code    60  stm32f10x_pwr.o(.text)
    PWR_WakeUpPinCmd                         0x08004ca7   Thumb Code    26  stm32f10x_pwr.o(.text)
    PWR_EnterSTOPMode                        0x08004cc1   Thumb Code    90  stm32f10x_pwr.o(.text)
    PWR_EnterSTANDBYMode                     0x08004d1b   Thumb Code    42  stm32f10x_pwr.o(.text)
    PWR_GetFlagStatus                        0x08004d45   Thumb Code    48  stm32f10x_pwr.o(.text)
    PWR_ClearFlag                            0x08004d75   Thumb Code    38  stm32f10x_pwr.o(.text)
    RCC_DeInit                               0x08004dcd   Thumb Code    64  stm32f10x_rcc.o(.text)
    RCC_HSEConfig                            0x08004e0d   Thumb Code   100  stm32f10x_rcc.o(.text)
    RCC_GetFlagStatus                        0x08004e71   Thumb Code   118  stm32f10x_rcc.o(.text)
    RCC_WaitForHSEStartUp                    0x08004ee7   Thumb Code    48  stm32f10x_rcc.o(.text)
    RCC_AdjustHSICalibrationValue            0x08004f17   Thumb Code    38  stm32f10x_rcc.o(.text)
    RCC_HSICmd                               0x08004f3d   Thumb Code    28  stm32f10x_rcc.o(.text)
    RCC_PLLConfig                            0x08004f59   Thumb Code   152  stm32f10x_rcc.o(.text)
    RCC_PLLCmd                               0x08004ff1   Thumb Code    28  stm32f10x_rcc.o(.text)
    RCC_SYSCLKConfig                         0x0800500d   Thumb Code    42  stm32f10x_rcc.o(.text)
    RCC_GetSYSCLKSource                      0x08005037   Thumb Code    10  stm32f10x_rcc.o(.text)
    RCC_HCLKConfig                           0x08005041   Thumb Code    66  stm32f10x_rcc.o(.text)
    RCC_PCLK1Config                          0x08005083   Thumb Code    58  stm32f10x_rcc.o(.text)
    RCC_PCLK2Config                          0x080050bd   Thumb Code    60  stm32f10x_rcc.o(.text)
    RCC_ITConfig                             0x080050f9   Thumb Code    70  stm32f10x_rcc.o(.text)
    RCC_USBCLKConfig                         0x0800513f   Thumb Code    28  stm32f10x_rcc.o(.text)
    RCC_ADCCLKConfig                         0x0800515b   Thumb Code    52  stm32f10x_rcc.o(.text)
    RCC_LSEConfig                            0x0800518f   Thumb Code   128  stm32f10x_rcc.o(.text)
    RCC_LSICmd                               0x0800520f   Thumb Code    30  stm32f10x_rcc.o(.text)
    RCC_RTCCLKConfig                         0x0800522d   Thumb Code    52  stm32f10x_rcc.o(.text)
    RCC_RTCCLKCmd                            0x08005261   Thumb Code    32  stm32f10x_rcc.o(.text)
    RCC_GetClocksFreq                        0x08005281   Thumb Code   208  stm32f10x_rcc.o(.text)
    RCC_AHBPeriphClockCmd                    0x08005351   Thumb Code    86  stm32f10x_rcc.o(.text)
    RCC_APB2PeriphClockCmd                   0x080053a7   Thumb Code    82  stm32f10x_rcc.o(.text)
    RCC_APB1PeriphClockCmd                   0x080053f9   Thumb Code    82  stm32f10x_rcc.o(.text)
    RCC_APB2PeriphResetCmd                   0x0800544b   Thumb Code    82  stm32f10x_rcc.o(.text)
    RCC_APB1PeriphResetCmd                   0x0800549d   Thumb Code    82  stm32f10x_rcc.o(.text)
    RCC_BackupResetCmd                       0x080054ef   Thumb Code    32  stm32f10x_rcc.o(.text)
    RCC_ClockSecuritySystemCmd               0x0800550f   Thumb Code    30  stm32f10x_rcc.o(.text)
    RCC_MCOConfig                            0x0800552d   Thumb Code    44  stm32f10x_rcc.o(.text)
    RCC_ClearFlag                            0x08005559   Thumb Code    18  stm32f10x_rcc.o(.text)
    RCC_GetITStatus                          0x0800556b   Thumb Code    64  stm32f10x_rcc.o(.text)
    RCC_ClearITPendingBit                    0x080055ab   Thumb Code    34  stm32f10x_rcc.o(.text)
    RTC_ITConfig                             0x080055f1   Thumb Code    68  stm32f10x_rtc.o(.text)
    RTC_EnterConfigMode                      0x08005635   Thumb Code    18  stm32f10x_rtc.o(.text)
    RTC_ExitConfigMode                       0x08005647   Thumb Code    20  stm32f10x_rtc.o(.text)
    RTC_GetCounter                           0x0800565b   Thumb Code    18  stm32f10x_rtc.o(.text)
    RTC_SetCounter                           0x0800566d   Thumb Code    26  stm32f10x_rtc.o(.text)
    RTC_SetPrescaler                         0x08005687   Thumb Code    44  stm32f10x_rtc.o(.text)
    RTC_SetAlarm                             0x080056b3   Thumb Code    26  stm32f10x_rtc.o(.text)
    RTC_GetDivider                           0x080056cd   Thumb Code    22  stm32f10x_rtc.o(.text)
    RTC_WaitForLastTask                      0x080056e3   Thumb Code    16  stm32f10x_rtc.o(.text)
    RTC_WaitForSynchro                       0x080056f3   Thumb Code    34  stm32f10x_rtc.o(.text)
    RTC_GetFlagStatus                        0x08005715   Thumb Code    56  stm32f10x_rtc.o(.text)
    RTC_ClearFlag                            0x0800574d   Thumb Code    42  stm32f10x_rtc.o(.text)
    RTC_GetITStatus                          0x08005777   Thumb Code    60  stm32f10x_rtc.o(.text)
    RTC_ClearITPendingBit                    0x080057b3   Thumb Code    42  stm32f10x_rtc.o(.text)
    SPI_I2S_DeInit                           0x08005801   Thumb Code   104  stm32f10x_spi.o(.text)
    SPI_Init                                 0x08005869   Thumb Code   328  stm32f10x_spi.o(.text)
    I2S_Init                                 0x080059b1   Thumb Code   434  stm32f10x_spi.o(.text)
    SPI_StructInit                           0x08005b63   Thumb Code    24  stm32f10x_spi.o(.text)
    I2S_StructInit                           0x08005b7b   Thumb Code    20  stm32f10x_spi.o(.text)
    SPI_Cmd                                  0x08005b8f   Thumb Code    78  stm32f10x_spi.o(.text)
    I2S_Cmd                                  0x08005bdd   Thumb Code   124  stm32f10x_spi.o(.text)
    SPI_I2S_ITConfig                         0x08005c59   Thumb Code   126  stm32f10x_spi.o(.text)
    SPI_I2S_DMACmd                           0x08005cd7   Thumb Code   102  stm32f10x_spi.o(.text)
    SPI_I2S_SendData                         0x08005d3d   Thumb Code    42  stm32f10x_spi.o(.text)
    SPI_I2S_ReceiveData                      0x08005d67   Thumb Code    40  stm32f10x_spi.o(.text)
    SPI_NSSInternalSoftwareConfig            0x08005d8f   Thumb Code    96  stm32f10x_spi.o(.text)
    SPI_SSOutputCmd                          0x08005def   Thumb Code    82  stm32f10x_spi.o(.text)
    SPI_DataSizeConfig                       0x08005e41   Thumb Code    78  stm32f10x_spi.o(.text)
    SPI_TransmitCRC                          0x08005e8f   Thumb Code    46  stm32f10x_spi.o(.text)
    SPI_CalculateCRC                         0x08005ebd   Thumb Code    82  stm32f10x_spi.o(.text)
    SPI_GetCRC                               0x08005f0f   Thumb Code    74  stm32f10x_spi.o(.text)
    SPI_GetCRCPolynomial                     0x08005f59   Thumb Code    40  stm32f10x_spi.o(.text)
    SPI_BiDirectionalLineConfig              0x08005f81   Thumb Code    94  stm32f10x_spi.o(.text)
    SPI_I2S_GetFlagStatus                    0x08005fdf   Thumb Code   114  stm32f10x_spi.o(.text)
    SPI_I2S_ClearFlag                        0x08006051   Thumb Code    62  stm32f10x_spi.o(.text)
    SPI_I2S_GetITStatus                      0x0800608f   Thumb Code   138  stm32f10x_spi.o(.text)
    SPI_I2S_ClearITPendingBit                0x08006119   Thumb Code    74  stm32f10x_spi.o(.text)
    TIM_DeInit                               0x08006171   Thumb Code   536  stm32f10x_tim.o(.text)
    TIM_TimeBaseInit                         0x08006389   Thumb Code   308  stm32f10x_tim.o(.text)
    TIM_OC1Init                              0x080064bd   Thumb Code   548  stm32f10x_tim.o(.text)
    TIM_OC2Init                              0x080066e1   Thumb Code   438  stm32f10x_tim.o(.text)
    TIM_OC3Init                              0x08006897   Thumb Code   458  stm32f10x_tim.o(.text)
    TIM_OC4Init                              0x08006a61   Thumb Code   302  stm32f10x_tim.o(.text)
    TIM_SetIC4Prescaler                      0x08006b8f   Thumb Code   110  stm32f10x_tim.o(.text)
    TIM_SetIC3Prescaler                      0x08006c7f   Thumb Code   102  stm32f10x_tim.o(.text)
    TIM_SetIC2Prescaler                      0x08006d5f   Thumb Code   128  stm32f10x_tim.o(.text)
    TIM_SetIC1Prescaler                      0x08006e83   Thumb Code   156  stm32f10x_tim.o(.text)
    TIM_ICInit                               0x08006f8b   Thumb Code   602  stm32f10x_tim.o(.text)
    TIM_PWMIConfig                           0x080071e5   Thumb Code   250  stm32f10x_tim.o(.text)
    TIM_BDTRConfig                           0x080072df   Thumb Code   254  stm32f10x_tim.o(.text)
    TIM_TimeBaseStructInit                   0x080073dd   Thumb Code    18  stm32f10x_tim.o(.text)
    TIM_OCStructInit                         0x080073ef   Thumb Code    20  stm32f10x_tim.o(.text)
    TIM_ICStructInit                         0x08007403   Thumb Code    18  stm32f10x_tim.o(.text)
    TIM_BDTRStructInit                       0x08007415   Thumb Code    18  stm32f10x_tim.o(.text)
    TIM_Cmd                                  0x08007427   Thumb Code   166  stm32f10x_tim.o(.text)
    TIM_CtrlPWMOutputs                       0x080074cd   Thumb Code   100  stm32f10x_tim.o(.text)
    TIM_ITConfig                             0x08007531   Thumb Code   178  stm32f10x_tim.o(.text)
    TIM_GenerateEvent                        0x080075e3   Thumb Code   144  stm32f10x_tim.o(.text)
    TIM_DMAConfig                            0x08007673   Thumb Code   358  stm32f10x_tim.o(.text)
    TIM_DMACmd                               0x080077d9   Thumb Code   144  stm32f10x_tim.o(.text)
    TIM_InternalClockConfig                  0x08007869   Thumb Code    82  stm32f10x_tim.o(.text)
    TIM_SelectInputTrigger                   0x080078bb   Thumb Code   130  stm32f10x_tim.o(.text)
    TIM_ITRxExternalClockConfig              0x0800793d   Thumb Code   116  stm32f10x_tim.o(.text)
    TIM_TIxExternalClockConfig               0x080079b1   Thumb Code   186  stm32f10x_tim.o(.text)
    TIM_ETRConfig                            0x08007a6b   Thumb Code   164  stm32f10x_tim.o(.text)
    TIM_ETRClockMode1Config                  0x08007b0f   Thumb Code   226  stm32f10x_tim.o(.text)
    TIM_ETRClockMode2Config                  0x08007bf1   Thumb Code   152  stm32f10x_tim.o(.text)
    TIM_PrescalerConfig                      0x08007c89   Thumb Code   146  stm32f10x_tim.o(.text)
    TIM_CounterModeConfig                    0x08007d1b   Thumb Code   100  stm32f10x_tim.o(.text)
    TIM_EncoderInterfaceConfig               0x08007d7f   Thumb Code   212  stm32f10x_tim.o(.text)
    TIM_ForcedOC1Config                      0x08007e53   Thumb Code   144  stm32f10x_tim.o(.text)
    TIM_ForcedOC2Config                      0x08007ee3   Thumb Code   116  stm32f10x_tim.o(.text)
    TIM_ForcedOC3Config                      0x08007f57   Thumb Code   160  stm32f10x_tim.o(.text)
    TIM_ForcedOC4Config                      0x08007ff7   Thumb Code    98  stm32f10x_tim.o(.text)
    TIM_ARRPreloadConfig                     0x08008059   Thumb Code   162  stm32f10x_tim.o(.text)
    TIM_SelectCOM                            0x080080fb   Thumb Code    90  stm32f10x_tim.o(.text)
    TIM_SelectCCDMA                          0x08008155   Thumb Code   114  stm32f10x_tim.o(.text)
    TIM_CCPreloadControl                     0x080081c7   Thumb Code   102  stm32f10x_tim.o(.text)
    TIM_OC1PreloadConfig                     0x0800822d   Thumb Code   142  stm32f10x_tim.o(.text)
    TIM_OC2PreloadConfig                     0x080082bb   Thumb Code   114  stm32f10x_tim.o(.text)
    TIM_OC3PreloadConfig                     0x0800832d   Thumb Code    88  stm32f10x_tim.o(.text)
    TIM_OC4PreloadConfig                     0x08008385   Thumb Code   166  stm32f10x_tim.o(.text)
    TIM_OC1FastConfig                        0x0800842b   Thumb Code   142  stm32f10x_tim.o(.text)
    TIM_OC2FastConfig                        0x080084b9   Thumb Code   114  stm32f10x_tim.o(.text)
    TIM_OC3FastConfig                        0x0800852b   Thumb Code    88  stm32f10x_tim.o(.text)
    TIM_OC4FastConfig                        0x08008583   Thumb Code    96  stm32f10x_tim.o(.text)
    TIM_ClearOC1Ref                          0x080085e3   Thumb Code    88  stm32f10x_tim.o(.text)
    TIM_ClearOC2Ref                          0x0800863b   Thumb Code    94  stm32f10x_tim.o(.text)
    TIM_ClearOC3Ref                          0x08008699   Thumb Code    88  stm32f10x_tim.o(.text)
    TIM_ClearOC4Ref                          0x080086f1   Thumb Code    94  stm32f10x_tim.o(.text)
    TIM_OC1PolarityConfig                    0x0800874f   Thumb Code   202  stm32f10x_tim.o(.text)
    TIM_OC1NPolarityConfig                   0x08008819   Thumb Code    82  stm32f10x_tim.o(.text)
    TIM_OC2PolarityConfig                    0x0800886b   Thumb Code   114  stm32f10x_tim.o(.text)
    TIM_OC2NPolarityConfig                   0x080088dd   Thumb Code    72  stm32f10x_tim.o(.text)
    TIM_OC3PolarityConfig                    0x08008925   Thumb Code    96  stm32f10x_tim.o(.text)
    TIM_OC3NPolarityConfig                   0x08008985   Thumb Code    72  stm32f10x_tim.o(.text)
    TIM_OC4PolarityConfig                    0x080089cd   Thumb Code    96  stm32f10x_tim.o(.text)
    TIM_CCxCmd                               0x08008a2d   Thumb Code   186  stm32f10x_tim.o(.text)
    TIM_CCxNCmd                              0x08008ae7   Thumb Code   122  stm32f10x_tim.o(.text)
    TIM_SelectOCxM                           0x08008b61   Thumb Code   326  stm32f10x_tim.o(.text)
    TIM_UpdateDisableConfig                  0x08008ca7   Thumb Code   162  stm32f10x_tim.o(.text)
    TIM_UpdateRequestConfig                  0x08008d49   Thumb Code   162  stm32f10x_tim.o(.text)
    TIM_SelectHallSensor                     0x08008deb   Thumb Code   114  stm32f10x_tim.o(.text)
    TIM_SelectOnePulseMode                   0x08008e5d   Thumb Code   156  stm32f10x_tim.o(.text)
    TIM_SelectOutputTrigger                  0x08008ef9   Thumb Code   144  stm32f10x_tim.o(.text)
    TIM_SelectSlaveMode                      0x08008f89   Thumb Code   118  stm32f10x_tim.o(.text)
    TIM_SelectMasterSlaveMode                0x08008fff   Thumb Code   176  stm32f10x_tim.o(.text)
    TIM_SetCounter                           0x080090af   Thumb Code   124  stm32f10x_tim.o(.text)
    TIM_SetAutoreload                        0x0800912b   Thumb Code   124  stm32f10x_tim.o(.text)
    TIM_SetCompare1                          0x080091a7   Thumb Code   112  stm32f10x_tim.o(.text)
    TIM_SetCompare2                          0x08009217   Thumb Code    76  stm32f10x_tim.o(.text)
    TIM_SetCompare3                          0x08009263   Thumb Code    58  stm32f10x_tim.o(.text)
    TIM_SetCompare4                          0x0800929d   Thumb Code    60  stm32f10x_tim.o(.text)
    TIM_SetClockDivision                     0x080092d9   Thumb Code   152  stm32f10x_tim.o(.text)
    TIM_GetCapture1                          0x08009371   Thumb Code   110  stm32f10x_tim.o(.text)
    TIM_GetCapture2                          0x080093df   Thumb Code    74  stm32f10x_tim.o(.text)
    TIM_GetCapture3                          0x08009429   Thumb Code   124  stm32f10x_tim.o(.text)
    TIM_GetCapture4                          0x080094a5   Thumb Code    58  stm32f10x_tim.o(.text)
    TIM_GetCounter                           0x080094df   Thumb Code   122  stm32f10x_tim.o(.text)
    TIM_GetPrescaler                         0x08009559   Thumb Code   122  stm32f10x_tim.o(.text)
    TIM_GetFlagStatus                        0x080095d3   Thumb Code   206  stm32f10x_tim.o(.text)
    TIM_ClearFlag                            0x080096a1   Thumb Code   146  stm32f10x_tim.o(.text)
    TIM_GetITStatus                          0x08009733   Thumb Code   204  stm32f10x_tim.o(.text)
    TIM_ClearITPendingBit                    0x080097ff   Thumb Code   214  stm32f10x_tim.o(.text)
    USART_DeInit                             0x080098d5   Thumb Code   174  stm32f10x_usart.o(.text)
    USART_Init                               0x08009983   Thumb Code   450  stm32f10x_usart.o(.text)
    USART_StructInit                         0x08009b45   Thumb Code    24  stm32f10x_usart.o(.text)
    USART_ClockInit                          0x08009b5d   Thumb Code   162  stm32f10x_usart.o(.text)
    USART_ClockStructInit                    0x08009bff   Thumb Code    12  stm32f10x_usart.o(.text)
    USART_Cmd                                0x08009c0b   Thumb Code    90  stm32f10x_usart.o(.text)
    USART_ITConfig                           0x08009c65   Thumb Code   310  stm32f10x_usart.o(.text)
    USART_DMACmd                             0x08009d9b   Thumb Code   114  stm32f10x_usart.o(.text)
    USART_SetAddress                         0x08009e0d   Thumb Code    86  stm32f10x_usart.o(.text)
    USART_WakeUpConfig                       0x08009e63   Thumb Code    90  stm32f10x_usart.o(.text)
    USART_ReceiverWakeUpCmd                  0x08009ebd   Thumb Code    94  stm32f10x_usart.o(.text)
    USART_LINBreakDetectLengthConfig         0x08009f1b   Thumb Code    88  stm32f10x_usart.o(.text)
    USART_LINCmd                             0x08009f73   Thumb Code    94  stm32f10x_usart.o(.text)
    USART_SendData                           0x08009fd1   Thumb Code    78  stm32f10x_usart.o(.text)
    USART_ReceiveData                        0x0800a01f   Thumb Code    56  stm32f10x_usart.o(.text)
    USART_SendBreak                          0x0800a057   Thumb Code    58  stm32f10x_usart.o(.text)
    USART_SetGuardTime                       0x0800a091   Thumb Code    54  stm32f10x_usart.o(.text)
    USART_SetPrescaler                       0x0800a0c7   Thumb Code    66  stm32f10x_usart.o(.text)
    USART_SmartCardCmd                       0x0800a109   Thumb Code   104  stm32f10x_usart.o(.text)
    USART_SmartCardNACKCmd                   0x0800a171   Thumb Code    82  stm32f10x_usart.o(.text)
    USART_HalfDuplexCmd                      0x0800a1c3   Thumb Code    94  stm32f10x_usart.o(.text)
    USART_OverSampling8Cmd                   0x0800a221   Thumb Code    92  stm32f10x_usart.o(.text)
    USART_OneBitMethodCmd                    0x0800a27d   Thumb Code    94  stm32f10x_usart.o(.text)
    USART_IrDAConfig                         0x0800a2db   Thumb Code    88  stm32f10x_usart.o(.text)
    USART_IrDACmd                            0x0800a333   Thumb Code    94  stm32f10x_usart.o(.text)
    USART_GetFlagStatus                      0x0800a391   Thumb Code   164  stm32f10x_usart.o(.text)
    USART_ClearFlag                          0x0800a435   Thumb Code   122  stm32f10x_usart.o(.text)
    USART_GetITStatus                        0x0800a4af   Thumb Code   276  stm32f10x_usart.o(.text)
    USART_ClearITPendingBit                  0x0800a5c3   Thumb Code   156  stm32f10x_usart.o(.text)
    SystemInit                               0x0800a73d   Thumb Code    78  system_stm32f10x.o(.text)
    SystemCoreClockUpdate                    0x0800a78b   Thumb Code   142  system_stm32f10x.o(.text)
    ADC1_Init                                0x0800a83d   Thumb Code   304  adc.o(.text)
    ADC1_DMAInit                             0x0800a96d   Thumb Code   114  adc.o(.text)
    ADC_Init_User                            0x0800a9df   Thumb Code    12  adc.o(.text)
    ADC_Smoothing                            0x0800a9eb   Thumb Code   118  adc.o(.text)
    ADC_Calculate_Voltage                    0x0800aa61   Thumb Code    56  adc.o(.text)
    DMA1_Channel1_IRQHandler                 0x0800aa99   Thumb Code    26  adc.o(.text)
    SPI3_Init                                0x0800aad5   Thumb Code   170  spi_memory.o(.text)
    SPI3_Select                              0x0800ab7f   Thumb Code    14  spi_memory.o(.text)
    SPI3_Deselect                            0x0800ab8d   Thumb Code    14  spi_memory.o(.text)
    SPI3_ReadWriteByte                       0x0800ab9b   Thumb Code    50  spi_memory.o(.text)
    SPIFlash_ReadDeviceID                    0x0800abcd   Thumb Code    64  spi_memory.o(.text)
    SPIFlash_ReadSR                          0x0800ac0d   Thumb Code    30  spi_memory.o(.text)
    SPIFLASH_WriteSR                         0x0800ac2b   Thumb Code    26  spi_memory.o(.text)
    SPIFLASH_WriteEnable                     0x0800ac45   Thumb Code    18  spi_memory.o(.text)
    SPIFLASH_WriteDisable                    0x0800ac57   Thumb Code    18  spi_memory.o(.text)
    SPIFlash_WaitBusy                        0x0800ac69   Thumb Code    16  spi_memory.o(.text)
    SPIFlash_Read                            0x0800ac79   Thumb Code    64  spi_memory.o(.text)
    SPIFlash_WritePage                       0x0800acb9   Thumb Code    72  spi_memory.o(.text)
    SPIFlash_Write_NoCheck                   0x0800ad01   Thumb Code    68  spi_memory.o(.text)
    SPIFlash_EraseSector                     0x0800ad45   Thumb Code    56  spi_memory.o(.text)
    SPIFlash_Write                           0x0800ad7d   Thumb Code   174  spi_memory.o(.text)
    SPIFlash_EraseChip                       0x0800ae2b   Thumb Code    30  spi_memory.o(.text)
    SPIFlash_PowerDown                       0x0800ae49   Thumb Code    24  spi_memory.o(.text)
    SPIFlash_WAKEUP                          0x0800ae61   Thumb Code    24  spi_memory.o(.text)
    SPIFlash_Init                            0x0800ae79   Thumb Code    48  spi_memory.o(.text)
    HardwareDriver_Init                      0x0800aee1   Thumb Code    28  hardware.o(.text)
    RTC_Init                                 0x0800af1d   Thumb Code   258  systime.o(.text)
    RTC_IRQHandler                           0x0800b01f   Thumb Code    34  systime.o(.text)
    PWM_Init                                 0x0800b0dd   Thumb Code   544  pwm.o(.text)
    MOTOR_Voltage_Control                    0x0800b30d   Thumb Code   216  motor_ctr.o(.text)
    MOTOR_Init                               0x0800b3e5   Thumb Code   420  motor_ctr.o(.text)
    MOTOR_CalculateMotorSpeed                0x0800b589   Thumb Code   262  motor_ctr.o(.text)
    MOTOR_Speed_Control                      0x0800b68f   Thumb Code   670  motor_ctr.o(.text)
    Motor_Exec                               0x0800b92d   Thumb Code    22  motor_ctr.o(.text)
    ResetMPU                                 0x0800b961   Thumb Code    38  iic_6050.o(.text)
    IIC_Init                                 0x0800b987   Thumb Code    82  iic_6050.o(.text)
    delay5us                                 0x0800b9d9   Thumb Code    38  iic_6050.o(.text)
    iicstart                                 0x0800b9ff   Thumb Code    46  iic_6050.o(.text)
    iicstop                                  0x0800ba2d   Thumb Code    46  iic_6050.o(.text)
    nack                                     0x0800ba5b   Thumb Code    70  iic_6050.o(.text)
    ack                                      0x0800baa1   Thumb Code    52  iic_6050.o(.text)
    iicwritebyte                             0x0800bad5   Thumb Code   106  iic_6050.o(.text)
    iicreadbyte                              0x0800bb3f   Thumb Code   128  iic_6050.o(.text)
    W_6050                                   0x0800bbbf   Thumb Code    60  iic_6050.o(.text)
    R_6050                                   0x0800bbfb   Thumb Code    74  iic_6050.o(.text)
    R_6050_2                                 0x0800bc45   Thumb Code    98  iic_6050.o(.text)
    MakeAdjustMent                           0x0800bca7   Thumb Code    94  iic_6050.o(.text)
    InitMPU6050                              0x0800bd05   Thumb Code   252  iic_6050.o(.text)
    ReInitMPU6050                            0x0800be01   Thumb Code   260  iic_6050.o(.text)
    IIC_Exec                                 0x0800bf05   Thumb Code   190  iic_6050.o(.text)
    USART1_SendViaDMA                        0x0800c061   Thumb Code    84  debug_exec.o(.text)
    DMA1_Channel4_IRQHandler                 0x0800c0b5   Thumb Code    34  debug_exec.o(.text)
    getstringsize                            0x0800c0d7   Thumb Code    20  debug_exec.o(.text)
    USART1_SendStringViaDMA                  0x0800c0eb   Thumb Code    22  debug_exec.o(.text)
    senddata                                 0x0800c101   Thumb Code    54  debug_exec.o(.text)
    USART1_ReceiveInt_Exec                   0x0800c137   Thumb Code   642  debug_exec.o(.text)
    USART1_IRQHandler                        0x0800c3b9   Thumb Code    22  debug_exec.o(.text)
    __use_two_region_memory                  0x0800c5fd   Thumb Code     2  heapauxi.o(.text)
    __rt_heap_escrow$2region                 0x0800c5ff   Thumb Code     2  heapauxi.o(.text)
    __rt_heap_expand$2region                 0x0800c601   Thumb Code     2  heapauxi.o(.text)
    __read_errno                             0x0800c603   Thumb Code    10  _rserrno.o(.text)
    __set_errno                              0x0800c60d   Thumb Code    12  _rserrno.o(.text)
    __aeabi_errno_addr                       0x0800c619   Thumb Code     8  rt_errno_addr_intlibspace.o(.text)
    __errno$intlibspace                      0x0800c619   Thumb Code     0  rt_errno_addr_intlibspace.o(.text)
    __rt_errno_addr$intlibspace              0x0800c619   Thumb Code     0  rt_errno_addr_intlibspace.o(.text)
    __user_libspace                          0x0800c621   Thumb Code     8  libspace.o(.text)
    __user_perproc_libspace                  0x0800c621   Thumb Code     0  libspace.o(.text)
    __user_perthread_libspace                0x0800c621   Thumb Code     0  libspace.o(.text)
    __user_setup_stackheap                   0x0800c629   Thumb Code    74  sys_stackheap_outer.o(.text)
    exit                                     0x0800c673   Thumb Code    12  exit.o(.text)
    _sys_exit                                0x0800c681   Thumb Code     8  sys_exit.o(.text)
    __I$use$semihosting                      0x0800c68d   Thumb Code     0  use_no_semi.o(.text)
    __use_no_semihosting_swi                 0x0800c68d   Thumb Code     2  use_no_semi.o(.text)
    __semihosting_library_function           0x0800c68f   Thumb Code     0  indicate_semi.o(.text)
    sqrtf                                    0x0800c68f   Thumb Code    44  sqrtf.o(i.sqrtf)
    __aeabi_d2f                              0x0800c6bd   Thumb Code     0  d2f.o(x$fpl$d2f)
    _d2f                                     0x0800c6bd   Thumb Code    98  d2f.o(x$fpl$d2f)
    __aeabi_dadd                             0x0800c721   Thumb Code     0  daddsub_clz.o(x$fpl$dadd)
    _dadd                                    0x0800c721   Thumb Code   332  daddsub_clz.o(x$fpl$dadd)
    __fpl_dcmp_Inf                           0x0800c871   Thumb Code    24  dcmpi.o(x$fpl$dcmpinf)
    __aeabi_ddiv                             0x0800c889   Thumb Code     0  ddiv.o(x$fpl$ddiv)
    _ddiv                                    0x0800c889   Thumb Code   552  ddiv.o(x$fpl$ddiv)
    __aeabi_d2iz                             0x0800cb39   Thumb Code     0  dfix.o(x$fpl$dfix)
    _dfix                                    0x0800cb39   Thumb Code    94  dfix.o(x$fpl$dfix)
    __aeabi_d2uiz                            0x0800cb99   Thumb Code     0  dfixu.o(x$fpl$dfixu)
    _dfixu                                   0x0800cb99   Thumb Code    90  dfixu.o(x$fpl$dfixu)
    __aeabi_i2d                              0x0800cbf3   Thumb Code     0  dflt_clz.o(x$fpl$dflt)
    _dflt                                    0x0800cbf3   Thumb Code    46  dflt_clz.o(x$fpl$dflt)
    __aeabi_cdcmple                          0x0800cc21   Thumb Code     0  dleqf.o(x$fpl$dleqf)
    _dcmple                                  0x0800cc21   Thumb Code   120  dleqf.o(x$fpl$dleqf)
    __fpl_dcmple_InfNaN                      0x0800cc83   Thumb Code     0  dleqf.o(x$fpl$dleqf)
    __aeabi_dmul                             0x0800cc99   Thumb Code     0  dmul.o(x$fpl$dmul)
    _dmul                                    0x0800cc99   Thumb Code   332  dmul.o(x$fpl$dmul)
    __fpl_dnaninf                            0x0800cded   Thumb Code   156  dnaninf.o(x$fpl$dnaninf)
    __fpl_dretinf                            0x0800ce89   Thumb Code    12  dretinf.o(x$fpl$dretinf)
    __aeabi_cdrcmple                         0x0800ce95   Thumb Code     0  drleqf.o(x$fpl$drleqf)
    _drcmple                                 0x0800ce95   Thumb Code   108  drleqf.o(x$fpl$drleqf)
    __aeabi_dsub                             0x0800cf01   Thumb Code     0  daddsub_clz.o(x$fpl$dsub)
    _dsub                                    0x0800cf01   Thumb Code   464  daddsub_clz.o(x$fpl$dsub)
    __aeabi_f2d                              0x0800d0d5   Thumb Code     0  f2d.o(x$fpl$f2d)
    _f2d                                     0x0800d0d5   Thumb Code    86  f2d.o(x$fpl$f2d)
    __aeabi_fadd                             0x0800d12d   Thumb Code     0  faddsub_clz.o(x$fpl$fadd)
    _fadd                                    0x0800d12d   Thumb Code   196  faddsub_clz.o(x$fpl$fadd)
    __fpl_fcmp_Inf                           0x0800d1f1   Thumb Code    24  fcmpi.o(x$fpl$fcmpinf)
    __aeabi_fdiv                             0x0800d209   Thumb Code     0  fdiv.o(x$fpl$fdiv)
    _fdiv                                    0x0800d209   Thumb Code   384  fdiv.o(x$fpl$fdiv)
    __aeabi_f2iz                             0x0800d38d   Thumb Code     0  ffix.o(x$fpl$ffix)
    _ffix                                    0x0800d38d   Thumb Code    54  ffix.o(x$fpl$ffix)
    __aeabi_f2uiz                            0x0800d3c5   Thumb Code     0  ffixu.o(x$fpl$ffixu)
    _ffixu                                   0x0800d3c5   Thumb Code    62  ffixu.o(x$fpl$ffixu)
    __aeabi_i2f                              0x0800d405   Thumb Code     0  fflt_clz.o(x$fpl$fflt)
    _fflt                                    0x0800d405   Thumb Code    48  fflt_clz.o(x$fpl$fflt)
    __aeabi_cfcmple                          0x0800d435   Thumb Code     0  fleqf.o(x$fpl$fleqf)
    _fcmple                                  0x0800d435   Thumb Code   104  fleqf.o(x$fpl$fleqf)
    __fpl_fcmple_InfNaN                      0x0800d487   Thumb Code     0  fleqf.o(x$fpl$fleqf)
    __aeabi_fmul                             0x0800d49d   Thumb Code     0  fmul.o(x$fpl$fmul)
    _fmul                                    0x0800d49d   Thumb Code   258  fmul.o(x$fpl$fmul)
    __fpl_fnaninf                            0x0800d59f   Thumb Code   140  fnaninf.o(x$fpl$fnaninf)
    __fpl_fretinf                            0x0800d62b   Thumb Code    10  fretinf.o(x$fpl$fretinf)
    __aeabi_cfrcmple                         0x0800d635   Thumb Code     0  frleqf.o(x$fpl$frleqf)
    _frcmple                                 0x0800d635   Thumb Code    98  frleqf.o(x$fpl$frleqf)
    _fsqrt                                   0x0800d699   Thumb Code   272  fsqrt.o(x$fpl$fsqrt)
    __aeabi_fsub                             0x0800d7a9   Thumb Code     0  faddsub_clz.o(x$fpl$fsub)
    _fsub                                    0x0800d7a9   Thumb Code   234  faddsub_clz.o(x$fpl$fsub)
    __I$use$fp                               0x0800d892   Number         0  usenofp.o(x$fpl$usenofp)
    holes                                    0x0800d894   Data           8  main.o(.constdata)
    utan                                     0x0800d89c   Data          42  main.o(.constdata)
    Region$$Table$$Base                      0x0800d8d8   Number         0  anon$$obj.o(Region$$Table)
    Region$$Table$$Limit                     0x0800d8f8   Number         0  anon$$obj.o(Region$$Table)
    DataBuf                                  0x20000000   Data         234  main.o(.data)
    BufFront                                 0x200000ea   Data           1  main.o(.data)
    BufRear                                  0x200000eb   Data           1  main.o(.data)
    target                                   0x200000ec   Data           2  main.o(.data)
    target_t                                 0x200000ee   Data           2  main.o(.data)
    Done                                     0x200000f0   Data           4  main.o(.data)
    EmyDone                                  0x200000f4   Data           4  main.o(.data)
    UARTCount                                0x200000f8   Data           4  main.o(.data)
    LastUART                                 0x200000fc   Data           4  main.o(.data)
    Senser                                   0x20000100   Data           2  main.o(.data)
    emy_target                               0x20000102   Data           5  main.o(.data)
    emy_target_hole                          0x20000107   Data           1  main.o(.data)
    emy_speed_avg                            0x20000108   Data           1  main.o(.data)
    GameStatus                               0x20000109   Data           1  main.o(.data)
    TotalScore                               0x2000010a   Data           1  main.o(.data)
    MyStatus                                 0x2000010b   Data           1  main.o(.data)
    IsBehind                                 0x2000010c   Data           1  main.o(.data)
    IsMeInHole                               0x2000010d   Data           1  main.o(.data)
    IsEmyInHole                              0x2000010e   Data           1  main.o(.data)
    LastScoreHole                            0x2000010f   Data           1  main.o(.data)
    MyScore                                  0x20000110   Data           1  main.o(.data)
    EmyScore                                 0x20000111   Data           1  main.o(.data)
    ChangeFlag                               0x20000112   Data           1  main.o(.data)
    MakeNextMove                             0x20000113   Data           1  main.o(.data)
    nearest                                  0x20000116   Data           2  main.o(.data)
    my_hole_number                           0x20000118   Data           1  main.o(.data)
    tar_hole_number                          0x20000119   Data           1  main.o(.data)
    mypos                                    0x2000011a   Data           4  main.o(.data)
    emy_hole_number                          0x2000011e   Data           1  main.o(.data)
    nearest_emy                              0x2000011f   Data           2  main.o(.data)
    myInf                                    0x20000121   Data           5  main.o(.data)
    enemyInf                                 0x20000126   Data           5  main.o(.data)
    Last                                     0x2000012c   Data           4  main.o(.data)
    Now                                      0x20000130   Data           4  main.o(.data)
    LastEmy                                  0x20000134   Data           2  main.o(.data)
    NowEmy                                   0x20000136   Data           2  main.o(.data)
    TimeTicket                               0x20000138   Data           4  sysconfig.o(.data)
    Degree                                   0x2000013c   Data           4  movementctr.o(.data)
    DegreeSet                                0x20000140   Data           2  movementctr.o(.data)
    Speed                                    0x20000142   Data           2  movementctr.o(.data)
    Type                                     0x20000144   Data           1  movementctr.o(.data)
    Source                                   0x20000145   Data           1  movementctr.o(.data)
    StageGyro                                0x20000146   Data           2  movementctr.o(.data)
    TurnFinish                               0x20000148   Data           1  movementctr.o(.data)
    P                                        0x2000014c   Data           4  movementctr.o(.data)
    MSS                                      0x20000150   Data           8  movementctr.o(.data)
    SystemCoreClock                          0x2000016c   Data           4  system_stm32f10x.o(.data)
    AHBPrescTable                            0x20000170   Data          16  system_stm32f10x.o(.data)
    PWMInited                                0x20000182   Data           1  motor_ctr.o(.data)
    FullVoltage                              0x20000184   Data           4  motor_ctr.o(.data)
    MaxSpeed                                 0x20000188   Data           4  motor_ctr.o(.data)
    dV                                       0x2000018c   Data           4  motor_ctr.o(.data)
    MotorVoltage                             0x20000190   Data           8  motor_ctr.o(.data)
    MotorSpeed                               0x20000198   Data           4  motor_ctr.o(.data)
    MotorSpeedSet                            0x2000019c   Data           4  motor_ctr.o(.data)
    MSZV                                     0x200001a0   Data           8  motor_ctr.o(.data)
    ReTestFV                                 0x200001a8   Data           1  motor_ctr.o(.data)
    Gyro                                     0x200001ac   Data           4  iic_6050.o(.data)
    Adjust                                   0x200001b0   Data           2  iic_6050.o(.data)
    LastTick                                 0x200001b4   Data           4  iic_6050.o(.data)
    IIC_OK                                   0x200001b8   Data           1  iic_6050.o(.data)
    num                                      0x200001ba   Data           6  iic_6050.o(.data)
    IIC_Success                              0x200001c0   Data           1  iic_6050.o(.data)
    USART1_SBF                               0x200001c8   Data           1  debug_exec.o(.data)
    Inf                                      0x200001cc   Data          24  main.o(.bss)
    ADCValue                                 0x200001e4   Data          20  adc.o(.bss)
    ADC_Value_SMD                            0x200001f8   Data          40  adc.o(.bss)
    ADC_Voltage                              0x20000220   Data          20  adc.o(.bss)
    SPIFlash_Buf                             0x20000234   Data        4096  spi_memory.o(.bss)
    stemp                                    0x20001234   Data          40  debug_exec.o(.bss)
    ftemp                                    0x2000125c   Data          12  debug_exec.o(.bss)
    __libspace_start                         0x20001268   Data          96  libspace.o(.bss)
    __temporary_stack_top$libspace           0x200012c8   Data           0  libspace.o(.bss)



==============================================================================

Memory Map of the image

  Image Entry point : 0x08000131

  Load Region LR_IROM1 (Base: 0x08000000, Size: 0x0000dac4, Max: 0x00040000, ABSOLUTE, COMPRESSED[0x0000d938])

    Execution Region ER_IROM1 (Base: 0x08000000, Size: 0x0000d8f8, Max: 0x00040000, ABSOLUTE)

    Base Addr    Size         Type   Attr      Idx    E Section Name        Object

    0x08000000   0x00000130   Data   RO            3    RESET               startup_stm32f10x_hd.o
    0x08000130   0x00000008   Code   RO          690  * !!!main             c_w.l(__main.o)
    0x08000138   0x00000034   Code   RO          940    !!!scatter          c_w.l(__scatter.o)
    0x0800016c   0x0000005a   Code   RO          938    !!dczerorl2         c_w.l(__dczerorl2.o)
    0x080001c6   0x00000002   PAD
    0x080001c8   0x0000001c   Code   RO          942    !!handler_zi        c_w.l(__scatter_zi.o)
    0x080001e4   0x00000002   Code   RO          814    .ARM.Collect$$libinit$$00000000  c_w.l(libinit.o)
    0x080001e6   0x00000000   Code   RO          818    .ARM.Collect$$libinit$$00000002  c_w.l(libinit2.o)
    0x080001e6   0x00000000   Code   RO          821    .ARM.Collect$$libinit$$00000008  c_w.l(libinit2.o)
    0x080001e6   0x00000000   Code   RO          823    .ARM.Collect$$libinit$$0000000A  c_w.l(libinit2.o)
    0x080001e6   0x00000000   Code   RO          825    .ARM.Collect$$libinit$$0000000C  c_w.l(libinit2.o)
    0x080001e6   0x00000000   Code   RO          828    .ARM.Collect$$libinit$$0000000F  c_w.l(libinit2.o)
    0x080001e6   0x00000000   Code   RO          830    .ARM.Collect$$libinit$$00000011  c_w.l(libinit2.o)
    0x080001e6   0x00000000   Code   RO          832    .ARM.Collect$$libinit$$00000013  c_w.l(libinit2.o)
    0x080001e6   0x00000000   Code   RO          834    .ARM.Collect$$libinit$$00000015  c_w.l(libinit2.o)
    0x080001e6   0x00000000   Code   RO          836    .ARM.Collect$$libinit$$00000017  c_w.l(libinit2.o)
    0x080001e6   0x00000000   Code   RO          838    .ARM.Collect$$libinit$$00000019  c_w.l(libinit2.o)
    0x080001e6   0x00000000   Code   RO          840    .ARM.Collect$$libinit$$0000001B  c_w.l(libinit2.o)
    0x080001e6   0x00000000   Code   RO          842    .ARM.Collect$$libinit$$0000001D  c_w.l(libinit2.o)
    0x080001e6   0x00000000   Code   RO          844    .ARM.Collect$$libinit$$0000001F  c_w.l(libinit2.o)
    0x080001e6   0x00000000   Code   RO          846    .ARM.Collect$$libinit$$00000021  c_w.l(libinit2.o)
    0x080001e6   0x00000000   Code   RO          848    .ARM.Collect$$libinit$$00000023  c_w.l(libinit2.o)
    0x080001e6   0x00000000   Code   RO          852    .ARM.Collect$$libinit$$0000002A  c_w.l(libinit2.o)
    0x080001e6   0x00000000   Code   RO          854    .ARM.Collect$$libinit$$0000002C  c_w.l(libinit2.o)
    0x080001e6   0x00000000   Code   RO          856    .ARM.Collect$$libinit$$0000002E  c_w.l(libinit2.o)
    0x080001e6   0x00000000   Code   RO          858    .ARM.Collect$$libinit$$00000030  c_w.l(libinit2.o)
    0x080001e6   0x00000002   Code   RO          859    .ARM.Collect$$libinit$$00000031  c_w.l(libinit2.o)
    0x080001e8   0x00000002   Code   RO          879    .ARM.Collect$$libshutdown$$00000000  c_w.l(libshutdown.o)
    0x080001ea   0x00000000   Code   RO          893    .ARM.Collect$$libshutdown$$00000003  c_w.l(libshutdown2.o)
    0x080001ea   0x00000000   Code   RO          896    .ARM.Collect$$libshutdown$$00000006  c_w.l(libshutdown2.o)
    0x080001ea   0x00000000   Code   RO          899    .ARM.Collect$$libshutdown$$00000009  c_w.l(libshutdown2.o)
    0x080001ea   0x00000000   Code   RO          901    .ARM.Collect$$libshutdown$$0000000B  c_w.l(libshutdown2.o)
    0x080001ea   0x00000000   Code   RO          904    .ARM.Collect$$libshutdown$$0000000E  c_w.l(libshutdown2.o)
    0x080001ea   0x00000002   Code   RO          905    .ARM.Collect$$libshutdown$$0000000F  c_w.l(libshutdown2.o)
    0x080001ec   0x00000000   Code   RO          764    .ARM.Collect$$rtentry$$00000000  c_w.l(rtentry.o)
    0x080001ec   0x00000000   Code   RO          783    .ARM.Collect$$rtentry$$00000002  c_w.l(rtentry2.o)
    0x080001ec   0x00000006   Code   RO          795    .ARM.Collect$$rtentry$$00000004  c_w.l(rtentry4.o)
    0x080001f2   0x00000000   Code   RO          785    .ARM.Collect$$rtentry$$00000009  c_w.l(rtentry2.o)
    0x080001f2   0x00000004   Code   RO          786    .ARM.Collect$$rtentry$$0000000A  c_w.l(rtentry2.o)
    0x080001f6   0x00000000   Code   RO          788    .ARM.Collect$$rtentry$$0000000C  c_w.l(rtentry2.o)
    0x080001f6   0x00000008   Code   RO          789    .ARM.Collect$$rtentry$$0000000D  c_w.l(rtentry2.o)
    0x080001fe   0x00000002   Code   RO          815    .ARM.Collect$$rtexit$$00000000  c_w.l(rtexit.o)
    0x08000200   0x00000000   Code   RO          861    .ARM.Collect$$rtexit$$00000002  c_w.l(rtexit2.o)
    0x08000200   0x00000004   Code   RO          862    .ARM.Collect$$rtexit$$00000003  c_w.l(rtexit2.o)
    0x08000204   0x00000006   Code   RO          863    .ARM.Collect$$rtexit$$00000004  c_w.l(rtexit2.o)
    0x0800020a   0x00000002   PAD
    0x0800020c   0x00000040   Code   RO            4    .text               startup_stm32f10x_hd.o
    0x0800024c   0x00001320   Code   RO           10    .text               main.o
    0x0800156c   0x00000026   Code   RO          159    .text               stm32f10x_it.o
    0x08001592   0x00000002   PAD
    0x08001594   0x00000538   Code   RO          177    .text               comunication.o
    0x08001acc   0x00000100   Code   RO          189    .text               sysconfig.o
    0x08001bcc   0x00000304   Code   RO          211    .text               public.o
    0x08001ed0   0x000006f4   Code   RO          223    .text               movementctr.o
    0x080025c4   0x000001cc   Code   RO          245    .text               misc.o
    0x08002790   0x00000eac   Code   RO          257    .text               stm32f10x_adc.o
    0x0800363c   0x000002a4   Code   RO          269    .text               stm32f10x_bkp.o
    0x080038e0   0x000008f0   Code   RO          341    .text               stm32f10x_dma.o
    0x080041d0   0x00000a50   Code   RO          389    .text               stm32f10x_gpio.o
    0x08004c20   0x000001ac   Code   RO          425    .text               stm32f10x_pwr.o
    0x08004dcc   0x00000824   Code   RO          437    .text               stm32f10x_rcc.o
    0x080055f0   0x00000210   Code   RO          451    .text               stm32f10x_rtc.o
    0x08005800   0x00000970   Code   RO          475    .text               stm32f10x_spi.o
    0x08006170   0x00003764   Code   RO          487    .text               stm32f10x_tim.o
    0x080098d4   0x00000da0   Code   RO          499    .text               stm32f10x_usart.o
    0x0800a674   0x000001c8   Code   RO          533    .text               system_stm32f10x.o
    0x0800a83c   0x00000298   Code   RO          551    .text               adc.o
    0x0800aad4   0x0000040c   Code   RO          570    .text               spi_memory.o
    0x0800aee0   0x0000001c   Code   RO          585    .text               hardware.o
    0x0800aefc   0x000001e0   Code   RO          597    .text               systime.o
    0x0800b0dc   0x00000230   Code   RO          612    .text               pwm.o
    0x0800b30c   0x00000654   Code   RO          624    .text               motor_ctr.o
    0x0800b960   0x00000700   Code   RO          645    .text               iic_6050.o
    0x0800c060   0x0000059c   Code   RO          666    .text               debug_exec.o
    0x0800c5fc   0x00000006   Code   RO          688    .text               c_w.l(heapauxi.o)
    0x0800c602   0x00000016   Code   RO          765    .text               c_w.l(_rserrno.o)
    0x0800c618   0x00000008   Code   RO          800    .text               c_w.l(rt_errno_addr_intlibspace.o)
    0x0800c620   0x00000008   Code   RO          802    .text               c_w.l(libspace.o)
    0x0800c628   0x0000004a   Code   RO          805    .text               c_w.l(sys_stackheap_outer.o)
    0x0800c672   0x0000000c   Code   RO          807    .text               c_w.l(exit.o)
    0x0800c67e   0x00000002   PAD
    0x0800c680   0x0000000c   Code   RO          871    .text               c_w.l(sys_exit.o)
    0x0800c68c   0x00000002   Code   RO          882    .text               c_w.l(use_no_semi.o)
    0x0800c68e   0x00000000   Code   RO          884    .text               c_w.l(indicate_semi.o)
    0x0800c68e   0x0000002c   Code   RO          757    i.sqrtf             m_ws.l(sqrtf.o)
    0x0800c6ba   0x00000002   PAD
    0x0800c6bc   0x00000062   Code   RO          692    x$fpl$d2f           fz_ws.l(d2f.o)
    0x0800c71e   0x00000002   PAD
    0x0800c720   0x00000150   Code   RO          694    x$fpl$dadd          fz_ws.l(daddsub_clz.o)
    0x0800c870   0x00000018   Code   RO          767    x$fpl$dcmpinf       fz_ws.l(dcmpi.o)
    0x0800c888   0x000002b0   Code   RO          701    x$fpl$ddiv          fz_ws.l(ddiv.o)
    0x0800cb38   0x0000005e   Code   RO          704    x$fpl$dfix          fz_ws.l(dfix.o)
    0x0800cb96   0x00000002   PAD
    0x0800cb98   0x0000005a   Code   RO          708    x$fpl$dfixu         fz_ws.l(dfixu.o)
    0x0800cbf2   0x0000002e   Code   RO          713    x$fpl$dflt          fz_ws.l(dflt_clz.o)
    0x0800cc20   0x00000078   Code   RO          718    x$fpl$dleqf         fz_ws.l(dleqf.o)
    0x0800cc98   0x00000154   Code   RO          720    x$fpl$dmul          fz_ws.l(dmul.o)
    0x0800cdec   0x0000009c   Code   RO          769    x$fpl$dnaninf       fz_ws.l(dnaninf.o)
    0x0800ce88   0x0000000c   Code   RO          771    x$fpl$dretinf       fz_ws.l(dretinf.o)
    0x0800ce94   0x0000006c   Code   RO          722    x$fpl$drleqf        fz_ws.l(drleqf.o)
    0x0800cf00   0x000001d4   Code   RO          696    x$fpl$dsub          fz_ws.l(daddsub_clz.o)
    0x0800d0d4   0x00000056   Code   RO          724    x$fpl$f2d           fz_ws.l(f2d.o)
    0x0800d12a   0x00000002   PAD
    0x0800d12c   0x000000c4   Code   RO          726    x$fpl$fadd          fz_ws.l(faddsub_clz.o)
    0x0800d1f0   0x00000018   Code   RO          773    x$fpl$fcmpinf       fz_ws.l(fcmpi.o)
    0x0800d208   0x00000184   Code   RO          733    x$fpl$fdiv          fz_ws.l(fdiv.o)
    0x0800d38c   0x00000036   Code   RO          736    x$fpl$ffix          fz_ws.l(ffix.o)
    0x0800d3c2   0x00000002   PAD
    0x0800d3c4   0x0000003e   Code   RO          740    x$fpl$ffixu         fz_ws.l(ffixu.o)
    0x0800d402   0x00000002   PAD
    0x0800d404   0x00000030   Code   RO          745    x$fpl$fflt          fz_ws.l(fflt_clz.o)
    0x0800d434   0x00000068   Code   RO          750    x$fpl$fleqf         fz_ws.l(fleqf.o)
    0x0800d49c   0x00000102   Code   RO          752    x$fpl$fmul          fz_ws.l(fmul.o)
    0x0800d59e   0x0000008c   Code   RO          775    x$fpl$fnaninf       fz_ws.l(fnaninf.o)
    0x0800d62a   0x0000000a   Code   RO          777    x$fpl$fretinf       fz_ws.l(fretinf.o)
    0x0800d634   0x00000062   Code   RO          754    x$fpl$frleqf        fz_ws.l(frleqf.o)
    0x0800d696   0x00000002   PAD
    0x0800d698   0x00000110   Code   RO          779    x$fpl$fsqrt         fz_ws.l(fsqrt.o)
    0x0800d7a8   0x000000ea   Code   RO          728    x$fpl$fsub          fz_ws.l(faddsub_clz.o)
    0x0800d892   0x00000000   Code   RO          781    x$fpl$usenofp       fz_ws.l(usenofp.o)
    0x0800d892   0x00000002   PAD
    0x0800d894   0x00000044   Data   RO           12    .constdata          main.o
    0x0800d8d8   0x00000020   Data   RO          936    Region$$Table       anon$$obj.o


    Execution Region RW_IRAM1 (Base: 0x20000000, Size: 0x00001ec8, Max: 0x0000c000, ABSOLUTE, COMPRESSED[0x00000040])

    Base Addr    Size         Type   Attr      Idx    E Section Name        Object

    0x20000000   0x00000138   Data   RW           13    .data               main.o
    0x20000138   0x00000004   Data   RW          190    .data               sysconfig.o
    0x2000013c   0x0000001c   Data   RW          224    .data               movementctr.o
    0x20000158   0x00000014   Data   RW          438    .data               stm32f10x_rcc.o
    0x2000016c   0x00000014   Data   RW          534    .data               system_stm32f10x.o
    0x20000180   0x00000002   Data   RW          553    .data               adc.o
    0x20000182   0x00000027   Data   RW          625    .data               motor_ctr.o
    0x200001a9   0x00000003   PAD
    0x200001ac   0x0000001c   Data   RW          646    .data               iic_6050.o
    0x200001c8   0x00000002   Data   RW          668    .data               debug_exec.o
    0x200001ca   0x00000002   PAD
    0x200001cc   0x00000018   Zero   RW           11    .bss                main.o
    0x200001e4   0x00000050   Zero   RW          552    .bss                adc.o
    0x20000234   0x00001000   Zero   RW          571    .bss                spi_memory.o
    0x20001234   0x00000034   Zero   RW          667    .bss                debug_exec.o
    0x20001268   0x00000060   Zero   RW          803    .bss                c_w.l(libspace.o)
    0x200012c8   0x00000400   Zero   RW            2    HEAP                startup_stm32f10x_hd.o
    0x200016c8   0x00000800   Zero   RW            1    STACK               startup_stm32f10x_hd.o


==============================================================================

Image component sizes


      Code (inc. data)   RO Data    RW Data    ZI Data      Debug   Object Name

       664         34          0          2         80       2629   adc.o
      1336        258          0          0          0       3731   comunication.o
      1436        574          0          2         52       2546   debug_exec.o
        28          0          0          0          0        414   hardware.o
      1792        226          0         28          0       4591   iic_6050.o
      4896        456         68        312         24     288102   main.o
       460         46          0          0          0       1833   misc.o
      1620         82          0         39          0       3280   motor_ctr.o
      1780        100          0         28          0       3344   movementctr.o
       772         88          0          0          0       3495   public.o
       560         16          0          0          0        855   pwm.o
      1036         56          0          0       4096       5252   spi_memory.o
        64         26        304          0       3072        796   startup_stm32f10x_hd.o
      3756        102          0          0          0      12753   stm32f10x_adc.o
       676         42          0          0          0       3736   stm32f10x_bkp.o
      2288        132          0          0          0       5306   stm32f10x_dma.o
      2640        176          0          0          0       6885   stm32f10x_gpio.o
        38          0          0          0          0       1147   stm32f10x_it.o
       428         50          0          0          0       2063   stm32f10x_pwr.o
      2084         94          0         20          0       9760   stm32f10x_rcc.o
       528         36          0          0          0       2826   stm32f10x_rtc.o
      2416         74          0          0          0       7618   stm32f10x_spi.o
     14180        814          0          0          0      29540   stm32f10x_tim.o
      3488        120          0          0          0       9972   stm32f10x_usart.o
       256         32          0          4          0      16907   sysconfig.o
       456         36          0         20          0       1679   system_stm32f10x.o
       480        156          0          0          0        858   systime.o

    ----------------------------------------------------------------------
     50160       3826        404        460       7324     431918   Object Totals
         0          0         32          0          0          0   (incl. Generated)
         2          0          0          5          0          0   (incl. Padding)

    ----------------------------------------------------------------------

      Code (inc. data)   RO Data    RW Data    ZI Data      Debug   Library Member Name

        90          0          0          0          0          0   __dczerorl2.o
         8          0          0          0          0         68   __main.o
        52          8          0          0          0          0   __scatter.o
        28          0          0          0          0          0   __scatter_zi.o
        22          0          0          0          0        100   _rserrno.o
        12          0          0          0          0         72   exit.o
         6          0          0          0          0        152   heapauxi.o
         0          0          0          0          0          0   indicate_semi.o
         2          0          0          0          0          0   libinit.o
         2          0          0          0          0          0   libinit2.o
         2          0          0          0          0          0   libshutdown.o
         2          0          0          0          0          0   libshutdown2.o
         8          4          0          0         96         68   libspace.o
         8          4          0          0          0         68   rt_errno_addr_intlibspace.o
         0          0          0          0          0          0   rtentry.o
        12          0          0          0          0          0   rtentry2.o
         6          0          0          0          0          0   rtentry4.o
         2          0          0          0          0          0   rtexit.o
        10          0          0          0          0          0   rtexit2.o
        12          4          0          0          0         68   sys_exit.o
        74          0          0          0          0         80   sys_stackheap_outer.o
         2          0          0          0          0         68   use_no_semi.o
        98          4          0          0          0         92   d2f.o
       804         16          0          0          0        280   daddsub_clz.o
        24          0          0          0          0         68   dcmpi.o
       688        140          0          0          0        212   ddiv.o
        94          4          0          0          0         92   dfix.o
        90          4          0          0          0         92   dfixu.o
        46          0          0          0          0         68   dflt_clz.o
       120          4          0          0          0         92   dleqf.o
       340         12          0          0          0        104   dmul.o
       156          4          0          0          0         92   dnaninf.o
        12          0          0          0          0         68   dretinf.o
       108          0          0          0          0         80   drleqf.o
        86          4          0          0          0         84   f2d.o
       430          8          0          0          0        168   faddsub_clz.o
        24          0          0          0          0         68   fcmpi.o
       388         76          0          0          0         96   fdiv.o
        54          4          0          0          0         84   ffix.o
        62          4          0          0          0         84   ffixu.o
        48          0          0          0          0         68   fflt_clz.o
       104          4          0          0          0         84   fleqf.o
       258          4          0          0          0         84   fmul.o
       140          4          0          0          0         84   fnaninf.o
        10          0          0          0          0         68   fretinf.o
        98          0          0          0          0         68   frleqf.o
       272        100          0          0          0         88   fsqrt.o
         0          0          0          0          0          0   usenofp.o
        44          0          0          0          0         80   sqrtf.o

    ----------------------------------------------------------------------
      4980        416          0          0         96       3292   Library Totals
        22          0          0          0          0          0   (incl. Padding)

    ----------------------------------------------------------------------

      Code (inc. data)   RO Data    RW Data    ZI Data      Debug   Library Name

       360         20          0          0         96        744   c_w.l
      4554        396          0          0          0       2468   fz_ws.l
        44          0          0          0          0         80   m_ws.l

    ----------------------------------------------------------------------
      4980        416          0          0         96       3292   Library Totals

    ----------------------------------------------------------------------

==============================================================================


      Code (inc. data)   RO Data    RW Data    ZI Data      Debug   

     55140       4242        404        460       7420     430998   Grand Totals
     55140       4242        404         64       7420     430998   ELF Image Totals (compressed)
     55140       4242        404         64          0          0   ROM Totals

==============================================================================

    Total RO  Size (Code + RO Data)                55544 (  54.24kB)
    Total RW  Size (RW Data + ZI Data)              7880 (   7.70kB)
    Total ROM Size (Code + RO Data + RW Data)      55608 (  54.30kB)

==============================================================================

