<html>
<body>
<pre>
<h1>礦ision Build Log</h1>
<h2>Project:</h2>
E:\我的文档\电子技术\单片机程序\stm32f1xx\USER\stm32f1xx.uvproj
Project File Date:  02/13/2014

<h2>Output:</h2>
Build target 'stm32 test'
assembling startup_stm32f10x_md.s...
compiling main.c...
main.c(25): error:  #5: cannot open source input file "tft_ili9486.h": No such file or directory
compiling stm32f10x_it.c...
compiling misc.c...
compiling stm32f10x_adc.c...
compiling stm32f10x_bkp.c...
compiling stm32f10x_can.c...
compiling stm32f10x_cec.c...
compiling stm32f10x_crc.c...
compiling stm32f10x_dac.c...
compiling stm32f10x_dbgmcu.c...
compiling stm32f10x_dma.c...
compiling stm32f10x_exti.c...
compiling stm32f10x_flash.c...
Project build/rebuild aborted.
Target not created
Build target 'stm32 test'
compiling main.c...
compiling stm32f10x_fsmc.c...
compiling stm32f10x_gpio.c...
compiling stm32f10x_i2c.c...
compiling stm32f10x_iwdg.c...
compiling stm32f10x_pwr.c...
compiling stm32f10x_rcc.c...
compiling stm32f10x_rtc.c...
compiling stm32f10x_sdio.c...
compiling stm32f10x_spi.c...
compiling stm32f10x_tim.c...
compiling stm32f10x_usart.c...
compiling stm32f10x_wwdg.c...
compiling core_cm3.c...
compiling system_stm32f10x.c...
linking...
Program Size: Code=824 RO-data=268 RW-data=20 ZI-data=1636  
FromELF: creating hex file...
"..\Output\stm32 test.axf" - 0 Error(s), 0 Warning(s).
