<html>
<body>
<pre>
<h1>µVision Build Log</h1>
<h2>Project:</h2>
C:\Users\Administrator\Desktop\STG_thedc17-master\stm32_discovery_arm_gcc\STM32F4-Discovery_FW_V1.1.0\Project\PaperCut\MDK-ARM\TIM_PWM_Output.uvproj
Project File Date:  11/05/2015

<h2>Output:</h2>
Build target 'TIM_PWM_Output'
compiling adc.c...
compiling motor.c...
..\User\pid.h(6): warning:  #1-D: last line of file ends without a newline
..\User\motor.c(60): warning:  #223-D: function "ADC1_CH4_CH5_DMA_Config" declared implicitly
..\User\motor.c(61): warning:  #223-D: function "TIM2_Config" declared implicitly
compiling pwm.c...
compiling strategy.c...
..\User\strategy.c(21): warning:  #1-D: last line of file ends without a newline
compiling timer.c...
..\User\timer.c(64): warning:  #177-D: variable "TIM_OCInitStructure" was declared but never referenced
..\User\timer.c(99): warning:  #177-D: variable "TIM_OCInitStructure" was declared but never referenced
compiling usart.c...
compiling main.c...
..\User\main.c(66): warning:  #223-D: function "pwm1_config" declared implicitly
..\User\main.c(69): warning:  #223-D: function "UART5_Configuration" declared implicitly
..\User\main.c(80): warning:  #223-D: function "motor_config" declared implicitly
..\User\main.c(81): warning:  #223-D: function "motor_wake" declared implicitly
..\User\main.c(85): warning:  #223-D: function "motor_backward" declared implicitly
compiling system_stm32f4xx.c...
compiling stm32f4xx_it.c...
..\User\pid.h(6): warning:  #1-D: last line of file ends without a newline
..\User\stm32f4xx_it.c(253): warning:  #223-D: function "motor_setSpeed" declared implicitly
..\User\stm32f4xx_it.c(275): warning:  #223-D: function "motor_setSpeed" declared implicitly
..\User\stm32f4xx_it.c(169): warning: C3017W: i may be used before being set
compiling adc_dma.c...
..\User\adc_dma.c(137): warning:  #1-D: last line of file ends without a newline
compiling common.c...
..\User\common.c(14): warning:  #1-D: last line of file ends without a newline
compiling infrared.c...
compiling stm32f4_discovery.c...
compiling stm32f4xx_adc.c...
compiling stm32f4xx_can.c...
compiling stm32f4xx_crc.c...
compiling stm32f4xx_cryp.c...
compiling stm32f4xx_cryp_aes.c...
compiling stm32f4xx_cryp_des.c...
compiling stm32f4xx_cryp_tdes.c...
compiling stm32f4xx_dac.c...
compiling stm32f4xx_dbgmcu.c...
compiling stm32f4xx_dcmi.c...
compiling stm32f4xx_dma.c...
compiling stm32f4xx_flash.c...
compiling stm32f4xx_hash.c...
compiling stm32f4xx_hash_md5.c...
compiling stm32f4xx_hash_sha1.c...
compiling stm32f4xx_i2c.c...
compiling stm32f4xx_iwdg.c...
compiling stm32f4xx_pwr.c...
compiling stm32f4xx_rng.c...
compiling stm32f4xx_rtc.c...
compiling stm32f4xx_sdio.c...
compiling stm32f4xx_spi.c...
compiling stm32f4xx_usart.c...
compiling stm32f4xx_wwdg.c...
compiling misc.c...
compiling stm32f4xx_exti.c...
compiling stm32f4xx_gpio.c...
compiling stm32f4xx_rcc.c...
compiling stm32f4xx_syscfg.c...
compiling stm32f4xx_tim.c...
assembling startup_stm32f4xx.s...
linking...
Program Size: Code=4916 RO-data=424 RW-data=76 ZI-data=1052  
".\TIM_PWM_Output\TIM_PWM_Output.axf" - 0 Errors, 17 Warning(s).
Build target 'TIM_PWM_Output'
compiling adc.c...
compiling motor.c...
..\User\pid.h(6): warning:  #1-D: last line of file ends without a newline
..\User\motor.c(60): warning:  #223-D: function "ADC1_CH4_CH5_DMA_Config" declared implicitly
..\User\motor.c(61): warning:  #223-D: function "TIM2_Config" declared implicitly
compiling pwm.c...
compiling strategy.c...
..\User\strategy.c(21): warning:  #1-D: last line of file ends without a newline
compiling timer.c...
..\User\timer.c(64): warning:  #177-D: variable "TIM_OCInitStructure" was declared but never referenced
..\User\timer.c(99): warning:  #177-D: variable "TIM_OCInitStructure" was declared but never referenced
compiling usart.c...
compiling main.c...
..\User\main.c(66): warning:  #223-D: function "pwm1_config" declared implicitly
..\User\main.c(69): warning:  #223-D: function "UART5_Configuration" declared implicitly
..\User\main.c(80): warning:  #223-D: function "motor_config" declared implicitly
..\User\main.c(81): warning:  #223-D: function "motor_wake" declared implicitly
..\User\main.c(85): warning:  #223-D: function "motor_backward" declared implicitly
compiling system_stm32f4xx.c...
compiling stm32f4xx_it.c...
..\User\pid.h(6): warning:  #1-D: last line of file ends without a newline
..\User\stm32f4xx_it.c(253): warning:  #223-D: function "motor_setSpeed" declared implicitly
..\User\stm32f4xx_it.c(275): warning:  #223-D: function "motor_setSpeed" declared implicitly
..\User\stm32f4xx_it.c(169): warning: C3017W: i may be used before being set
compiling adc_dma.c...
..\User\adc_dma.c(137): warning:  #1-D: last line of file ends without a newline
compiling common.c...
..\User\common.c(14): warning:  #1-D: last line of file ends without a newline
compiling infrared.c...
compiling stm32f4_discovery.c...
compiling stm32f4xx_adc.c...
compiling stm32f4xx_can.c...
compiling stm32f4xx_crc.c...
compiling stm32f4xx_cryp.c...
compiling stm32f4xx_cryp_aes.c...
compiling stm32f4xx_cryp_des.c...
compiling stm32f4xx_cryp_tdes.c...
compiling stm32f4xx_dac.c...
compiling stm32f4xx_dbgmcu.c...
compiling stm32f4xx_dcmi.c...
compiling stm32f4xx_dma.c...
compiling stm32f4xx_flash.c...
compiling stm32f4xx_hash.c...
compiling stm32f4xx_hash_md5.c...
compiling stm32f4xx_hash_sha1.c...
compiling stm32f4xx_i2c.c...
compiling stm32f4xx_iwdg.c...
compiling stm32f4xx_pwr.c...
compiling stm32f4xx_rng.c...
compiling stm32f4xx_rtc.c...
compiling stm32f4xx_sdio.c...
compiling stm32f4xx_spi.c...
compiling stm32f4xx_usart.c...
compiling stm32f4xx_wwdg.c...
compiling misc.c...
compiling stm32f4xx_exti.c...
compiling stm32f4xx_gpio.c...
compiling stm32f4xx_rcc.c...
compiling stm32f4xx_syscfg.c...
compiling stm32f4xx_tim.c...
linking...
Program Size: Code=4916 RO-data=424 RW-data=76 ZI-data=1052  
".\TIM_PWM_Output\TIM_PWM_Output.axf" - 0 Errors, 17 Warning(s).
Load "C:\\Users\\Administrator\\Desktop\\STG_thedc17-master\\stm32_discovery_arm_gcc\\STM32F4-Discovery_FW_V1.1.0\\Project\\PaperCut\\MDK-ARM\\TIM_PWM_Output\\TIM_PWM_Output.axf" 
Erase Done.
Programming Done.
Verify OK.
Application running ...
Build target 'TIM_PWM_Output'
compiling main.c...
..\User\main.c(66): warning:  #223-D: function "pwm1_config" declared implicitly
..\User\main.c(69): warning:  #223-D: function "UART5_Configuration" declared implicitly
..\User\main.c(80): warning:  #223-D: function "motor_config" declared implicitly
..\User\main.c(81): warning:  #223-D: function "motor_wake" declared implicitly
linking...
Program Size: Code=5036 RO-data=424 RW-data=84 ZI-data=1052  
".\TIM_PWM_Output\TIM_PWM_Output.axf" - 0 Errors, 4 Warning(s).
Load "C:\\Users\\Administrator\\Desktop\\STG_thedc17-master\\stm32_discovery_arm_gcc\\STM32F4-Discovery_FW_V1.1.0\\Project\\PaperCut\\MDK-ARM\\TIM_PWM_Output\\TIM_PWM_Output.axf" 
Erase Done.
Programming Done.
Verify OK.
Application running ...
Build target 'TIM_PWM_Output'
compiling main.c...
..\User\main.c(66): warning:  #223-D: function "pwm1_config" declared implicitly
..\User\main.c(69): warning:  #223-D: function "UART5_Configuration" declared implicitly
..\User\main.c(80): warning:  #223-D: function "motor_config" declared implicitly
..\User\main.c(81): warning:  #223-D: function "motor_wake" declared implicitly
compiling stm32f4xx_it.c...
..\User\pid.h(6): warning:  #1-D: last line of file ends without a newline
..\User\stm32f4xx_it.c(254): warning:  #223-D: function "motor_setSpeed" declared implicitly
..\User\stm32f4xx_it.c(276): warning:  #223-D: function "motor_setSpeed" declared implicitly
..\User\stm32f4xx_it.c(169): warning: C3017W: i may be used before being set
linking...
Program Size: Code=5212 RO-data=424 RW-data=84 ZI-data=1052  
".\TIM_PWM_Output\TIM_PWM_Output.axf" - 0 Errors, 8 Warning(s).
Load "C:\\Users\\Administrator\\Desktop\\STG_thedc17-master\\stm32_discovery_arm_gcc\\STM32F4-Discovery_FW_V1.1.0\\Project\\PaperCut\\MDK-ARM\\TIM_PWM_Output\\TIM_PWM_Output.axf" 
Erase Done.
Programming Done.
Verify OK.
Application running ...
Build target 'TIM_PWM_Output'
compiling stm32f4xx_it.c...
..\User\pid.h(6): warning:  #1-D: last line of file ends without a newline
..\User\stm32f4xx_it.c(232): error:  #268: declaration may not appear after executable statement in block
..\User\stm32f4xx_it.c(232): error:  #67: expected a "}"
..\User\stm32f4xx_it.c(279): warning:  #223-D: function "motor_setSpeed" declared implicitly
..\User\stm32f4xx_it.c(301): warning:  #223-D: function "motor_setSpeed" declared implicitly
".\TIM_PWM_Output\TIM_PWM_Output.axf" - 2 Errors, 3 Warning(s).
Target not created
Build target 'TIM_PWM_Output'
compiling stm32f4xx_it.c...
..\User\pid.h(6): warning:  #1-D: last line of file ends without a newline
..\User\stm32f4xx_it.c(238): error:  #268: declaration may not appear after executable statement in block
..\User\stm32f4xx_it.c(238): error:  #67: expected a "}"
..\User\stm32f4xx_it.c(279): warning:  #223-D: function "motor_setSpeed" declared implicitly
..\User\stm32f4xx_it.c(301): warning:  #223-D: function "motor_setSpeed" declared implicitly
".\TIM_PWM_Output\TIM_PWM_Output.axf" - 2 Errors, 3 Warning(s).
Target not created
Build target 'TIM_PWM_Output'
compiling stm32f4xx_it.c...
..\User\pid.h(6): warning:  #1-D: last line of file ends without a newline
..\User\stm32f4xx_it.c(239): error:  #268: declaration may not appear after executable statement in block
..\User\stm32f4xx_it.c(239): error:  #67: expected a "}"
..\User\stm32f4xx_it.c(280): warning:  #223-D: function "motor_setSpeed" declared implicitly
..\User\stm32f4xx_it.c(302): warning:  #223-D: function "motor_setSpeed" declared implicitly
".\TIM_PWM_Output\TIM_PWM_Output.axf" - 2 Errors, 3 Warning(s).
Target not created
Build target 'TIM_PWM_Output'
compiling stm32f4xx_it.c...
..\User\pid.h(6): warning:  #1-D: last line of file ends without a newline
..\User\stm32f4xx_it.c(281): warning:  #223-D: function "motor_setSpeed" declared implicitly
..\User\stm32f4xx_it.c(303): warning:  #223-D: function "motor_setSpeed" declared implicitly
linking...
.\TIM_PWM_Output\TIM_PWM_Output.axf: Error: L6218E: Undefined symbol ReceivedPacket (referred from stm32f4xx_it.o).
.\TIM_PWM_Output\TIM_PWM_Output.axf: Error: L6218E: Undefined symbol counter (referred from stm32f4xx_it.o).
.\TIM_PWM_Output\TIM_PWM_Output.axf: Error: L6218E: Undefined symbol currentReceived (referred from stm32f4xx_it.o).
.\TIM_PWM_Output\TIM_PWM_Output.axf: Error: L6218E: Undefined symbol lastReceived (referred from stm32f4xx_it.o).
".\TIM_PWM_Output\TIM_PWM_Output.axf" - 4 Errors, 3 Warning(s).
Target not created
Build target 'TIM_PWM_Output'
compiling strategy.c...
..\User\strategy.c(23): warning:  #1-D: last line of file ends without a newline
linking...
Program Size: Code=5084 RO-data=424 RW-data=88 ZI-data=1048  
".\TIM_PWM_Output\TIM_PWM_Output.axf" - 0 Errors, 1 Warning(s).
Load "C:\\Users\\Administrator\\Desktop\\STG_thedc17-master\\stm32_discovery_arm_gcc\\STM32F4-Discovery_FW_V1.1.0\\Project\\PaperCut\\MDK-ARM\\TIM_PWM_Output\\TIM_PWM_Output.axf" 
Erase Done.
Programming Done.
Verify OK.
Application running ...
Load "C:\\Users\\Administrator\\Desktop\\STG_thedc17-master\\stm32_discovery_arm_gcc\\STM32F4-Discovery_FW_V1.1.0\\Project\\PaperCut\\MDK-ARM\\TIM_PWM_Output\\TIM_PWM_Output.axf" 
Erase Done.
Programming Done.
Verify OK.
Application running ...
Build target 'TIM_PWM_Output'
compiling stm32f4xx_it.c...
..\User\pid.h(6): warning:  #1-D: last line of file ends without a newline
..\User\stm32f4xx_it.c(281): warning:  #223-D: function "motor_setSpeed" declared implicitly
..\User\stm32f4xx_it.c(303): warning:  #223-D: function "motor_setSpeed" declared implicitly
linking...
Program Size: Code=8388 RO-data=424 RW-data=88 ZI-data=1048  
".\TIM_PWM_Output\TIM_PWM_Output.axf" - 0 Errors, 3 Warning(s).
Load "C:\\Users\\Administrator\\Desktop\\STG_thedc17-master\\stm32_discovery_arm_gcc\\STM32F4-Discovery_FW_V1.1.0\\Project\\PaperCut\\MDK-ARM\\TIM_PWM_Output\\TIM_PWM_Output.axf" 
Erase Done.
Programming Done.
Verify OK.
Application running ...
Build target 'TIM_PWM_Output'
compiling main.c...
..\User\main.c(66): warning:  #223-D: function "pwm1_config" declared implicitly
..\User\main.c(69): warning:  #223-D: function "UART5_Configuration" declared implicitly
..\User\main.c(80): warning:  #223-D: function "motor_config" declared implicitly
..\User\main.c(81): warning:  #223-D: function "motor_wake" declared implicitly
linking...
Program Size: Code=8468 RO-data=424 RW-data=88 ZI-data=1048  
".\TIM_PWM_Output\TIM_PWM_Output.axf" - 0 Errors, 4 Warning(s).
Load "C:\\Users\\Administrator\\Desktop\\STG_thedc17-master\\stm32_discovery_arm_gcc\\STM32F4-Discovery_FW_V1.1.0\\Project\\PaperCut\\MDK-ARM\\TIM_PWM_Output\\TIM_PWM_Output.axf" 
Erase Done.
Programming Done.
Verify OK.
Application running ...
Build target 'TIM_PWM_Output'
compiling main.c...
..\User\main.c(66): warning:  #223-D: function "pwm1_config" declared implicitly
..\User\main.c(69): warning:  #223-D: function "UART5_Configuration" declared implicitly
..\User\main.c(80): warning:  #223-D: function "motor_config" declared implicitly
..\User\main.c(81): warning:  #223-D: function "motor_wake" declared implicitly
compiling stm32f4xx_it.c...
..\User\pid.h(6): warning:  #1-D: last line of file ends without a newline
..\User\stm32f4xx_it.c(281): warning:  #223-D: function "motor_setSpeed" declared implicitly
..\User\stm32f4xx_it.c(303): warning:  #223-D: function "motor_setSpeed" declared implicitly
linking...
Program Size: Code=8388 RO-data=424 RW-data=88 ZI-data=1048  
".\TIM_PWM_Output\TIM_PWM_Output.axf" - 0 Errors, 7 Warning(s).
Load "C:\\Users\\Administrator\\Desktop\\STG_thedc17-master\\stm32_discovery_arm_gcc\\STM32F4-Discovery_FW_V1.1.0\\Project\\PaperCut\\MDK-ARM\\TIM_PWM_Output\\TIM_PWM_Output.axf" 
Erase Done.
Programming Done.
Verify OK.
Application running ...
Build target 'TIM_PWM_Output'
compiling main.c...
..\User\main.c(66): warning:  #223-D: function "pwm1_config" declared implicitly
..\User\main.c(69): warning:  #223-D: function "UART5_Configuration" declared implicitly
..\User\main.c(80): warning:  #223-D: function "motor_config" declared implicitly
..\User\main.c(81): warning:  #223-D: function "motor_wake" declared implicitly
compiling stm32f4xx_it.c...
..\User\pid.h(6): warning:  #1-D: last line of file ends without a newline
..\User\stm32f4xx_it.c(281): warning:  #223-D: function "motor_setSpeed" declared implicitly
..\User\stm32f4xx_it.c(303): warning:  #223-D: function "motor_setSpeed" declared implicitly
linking...
Program Size: Code=5108 RO-data=428 RW-data=88 ZI-data=1048  
".\TIM_PWM_Output\TIM_PWM_Output.axf" - 0 Errors, 7 Warning(s).
Load "C:\\Users\\Administrator\\Desktop\\STG_thedc17-master\\stm32_discovery_arm_gcc\\STM32F4-Discovery_FW_V1.1.0\\Project\\PaperCut\\MDK-ARM\\TIM_PWM_Output\\TIM_PWM_Output.axf" 
Erase Done.
Programming Done.
Verify OK.
Application running ...
Build target 'TIM_PWM_Output'
compiling main.c...
..\User\main.c(66): warning:  #223-D: function "pwm1_config" declared implicitly
..\User\main.c(69): warning:  #223-D: function "UART5_Configuration" declared implicitly
..\User\main.c(80): warning:  #223-D: function "motor_config" declared implicitly
..\User\main.c(81): warning:  #223-D: function "motor_wake" declared implicitly
linking...
Program Size: Code=5108 RO-data=428 RW-data=88 ZI-data=1048  
".\TIM_PWM_Output\TIM_PWM_Output.axf" - 0 Errors, 4 Warning(s).
Load "C:\\Users\\Administrator\\Desktop\\STG_thedc17-master\\stm32_discovery_arm_gcc\\STM32F4-Discovery_FW_V1.1.0\\Project\\PaperCut\\MDK-ARM\\TIM_PWM_Output\\TIM_PWM_Output.axf" 
Erase Done.
Programming Done.
Verify OK.
Application running ...
Build target 'TIM_PWM_Output'
compiling stm32f4xx_it.c...
..\User\pid.h(6): warning:  #1-D: last line of file ends without a newline
..\User\stm32f4xx_it.c(281): warning:  #223-D: function "motor_setSpeed" declared implicitly
..\User\stm32f4xx_it.c(303): warning:  #223-D: function "motor_setSpeed" declared implicitly
linking...
Program Size: Code=5120 RO-data=428 RW-data=88 ZI-data=1048  
".\TIM_PWM_Output\TIM_PWM_Output.axf" - 0 Errors, 3 Warning(s).
compiling main.c...
..\User\main.c(66): warning:  #223-D: function "pwm1_config" declared implicitly
..\User\main.c(69): warning:  #223-D: function "UART5_Configuration" declared implicitly
..\User\main.c(80): warning:  #223-D: function "motor_config" declared implicitly
..\User\main.c(81): warning:  #223-D: function "motor_wake" declared implicitly
"..\User\main.c" - 0 Errors, 4 Warning(s).
Build target 'TIM_PWM_Output'
linking...
Program Size: Code=5084 RO-data=424 RW-data=88 ZI-data=1048  
".\TIM_PWM_Output\TIM_PWM_Output.axf" - 0 Errors, 0 Warning(s).
Load "C:\\Users\\Administrator\\Desktop\\STG_thedc17-master\\stm32_discovery_arm_gcc\\STM32F4-Discovery_FW_V1.1.0\\Project\\PaperCut\\MDK-ARM\\TIM_PWM_Output\\TIM_PWM_Output.axf" 
Erase Done.
Programming Done.
Verify OK.
Application running ...
Build target 'TIM_PWM_Output'
linking...
Program Size: Code=5084 RO-data=424 RW-data=88 ZI-data=1048  
".\TIM_PWM_Output\TIM_PWM_Output.axf" - 0 Errors, 0 Warning(s).
Load "C:\\Users\\Administrator\\Desktop\\STG_thedc17-master\\stm32_discovery_arm_gcc\\STM32F4-Discovery_FW_V1.1.0\\Project\\PaperCut\\MDK-ARM\\TIM_PWM_Output\\TIM_PWM_Output.axf" 
Erase Done.
Programming Done.
Verify OK.
Application running ...
Build target 'TIM_PWM_Output'
compiling stm32f4xx_it.c...
..\User\pid.h(6): warning:  #1-D: last line of file ends without a newline
..\User\stm32f4xx_it.c(281): warning:  #223-D: function "motor_setSpeed" declared implicitly
..\User\stm32f4xx_it.c(303): warning:  #223-D: function "motor_setSpeed" declared implicitly
linking...
Program Size: Code=5156 RO-data=424 RW-data=88 ZI-data=1048  
".\TIM_PWM_Output\TIM_PWM_Output.axf" - 0 Errors, 3 Warning(s).
Load "C:\\Users\\Administrator\\Desktop\\STG_thedc17-master\\stm32_discovery_arm_gcc\\STM32F4-Discovery_FW_V1.1.0\\Project\\PaperCut\\MDK-ARM\\TIM_PWM_Output\\TIM_PWM_Output.axf" 
Erase Done.
Programming Done.
Verify OK.
Application running ...
Build target 'TIM_PWM_Output'
compiling stm32f4xx_it.c...
..\User\pid.h(6): warning:  #1-D: last line of file ends without a newline
..\User\stm32f4xx_it.c(281): warning:  #223-D: function "motor_setSpeed" declared implicitly
..\User\stm32f4xx_it.c(303): warning:  #223-D: function "motor_setSpeed" declared implicitly
linking...
Program Size: Code=5084 RO-data=424 RW-data=88 ZI-data=1048  
".\TIM_PWM_Output\TIM_PWM_Output.axf" - 0 Errors, 3 Warning(s).
Load "C:\\Users\\Administrator\\Desktop\\STG_thedc17-master\\stm32_discovery_arm_gcc\\STM32F4-Discovery_FW_V1.1.0\\Project\\PaperCut\\MDK-ARM\\TIM_PWM_Output\\TIM_PWM_Output.axf" 
Erase Done.
Programming Done.
Verify OK.
Application running ...
Build target 'TIM_PWM_Output'
compiling adc.c...
..\User\adc.h(19): error:  #5: cannot open source input file "stm32f4xx.h": No such file or directory
compiling motor.c...
..\..\..\Libraries\STM32F4xx_StdPeriph_Driver\inc\stm32f4xx_gpio.h(32): error:  #5: cannot open source input file "stm32f4xx.h": No such file or directory
compiling pwm.c...
..\..\..\Utilities\STM32F4-Discovery\stm32f4_discovery.h(32): error:  #5: cannot open source input file "stm32f4xx.h": No such file or directory
compiling strategy.c...
..\User\strategy.h(3): error:  #5: cannot open source input file "stm32f4xx.h": No such file or directory
compiling timer.c...
..\..\..\Libraries\STM32F4xx_StdPeriph_Driver\inc\stm32f4xx_tim.h(32): error:  #5: cannot open source input file "stm32f4xx.h": No such file or directory
compiling usart.c...
..\..\..\Libraries\STM32F4xx_StdPeriph_Driver\inc\stm32f4xx_rcc.h(31): error:  #5: cannot open source input file "stm32f4xx.h": No such file or directory
compiling main.c...
..\..\..\Utilities\STM32F4-Discovery\stm32f4_discovery.h(32): error:  #5: cannot open source input file "stm32f4xx.h": No such file or directory
compiling system_stm32f4xx.c...
..\User\system_stm32f4xx.c(117): error:  #5: cannot open source input file "stm32f4xx.h": No such file or directory
compiling stm32f4xx_it.c...
..\User\stm32f4xx_it.h(27): error:  #5: cannot open source input file "stm32f4xx.h": No such file or directory
compiling adc_dma.c...
..\..\..\Libraries\STM32F4xx_StdPeriph_Driver\inc\stm32f4xx_adc.h(32): error:  #5: cannot open source input file "stm32f4xx.h": No such file or directory
compiling common.c...
..\User\common.h(4): error:  #5: cannot open source input file "stm32f4xx.h": No such file or directory
compiling infrared.c...
..\..\..\Libraries\STM32F4xx_StdPeriph_Driver\inc\stm32f4xx_gpio.h(32): error:  #5: cannot open source input file "stm32f4xx.h": No such file or directory
compiling stm32f4_discovery.c...
..\..\..\Utilities\STM32F4-Discovery\stm32f4_discovery.h(32): error:  #5: cannot open source input file "stm32f4xx.h": No such file or directory
compiling stm32f4xx_adc.c...
..\..\..\Libraries\STM32F4xx_StdPeriph_Driver\inc\stm32f4xx_adc.h(32): error:  #5: cannot open source input file "stm32f4xx.h": No such file or directory
compiling stm32f4xx_can.c...
..\..\..\Libraries\STM32F4xx_StdPeriph_Driver\inc\stm32f4xx_can.h(32): error:  #5: cannot open source input file "stm32f4xx.h": No such file or directory
compiling stm32f4xx_crc.c...
..\..\..\Libraries\STM32F4xx_StdPeriph_Driver\inc\stm32f4xx_crc.h(32): error:  #5: cannot open source input file "stm32f4xx.h": No such file or directory
compiling stm32f4xx_cryp.c...
..\..\..\Libraries\STM32F4xx_StdPeriph_Driver\inc\stm32f4xx_cryp.h(32): error:  #5: cannot open source input file "stm32f4xx.h": No such file or directory
compiling stm32f4xx_cryp_aes.c...
..\..\..\Libraries\STM32F4xx_StdPeriph_Driver\inc\stm32f4xx_cryp.h(32): error:  #5: cannot open source input file "stm32f4xx.h": No such file or directory
compiling stm32f4xx_cryp_des.c...
..\..\..\Libraries\STM32F4xx_StdPeriph_Driver\inc\stm32f4xx_cryp.h(32): error:  #5: cannot open source input file "stm32f4xx.h": No such file or directory
compiling stm32f4xx_cryp_tdes.c...
..\..\..\Libraries\STM32F4xx_StdPeriph_Driver\inc\stm32f4xx_cryp.h(32): error:  #5: cannot open source input file "stm32f4xx.h": No such file or directory
compiling stm32f4xx_dac.c...
..\..\..\Libraries\STM32F4xx_StdPeriph_Driver\inc\stm32f4xx_dac.h(32): error:  #5: cannot open source input file "stm32f4xx.h": No such file or directory
compiling stm32f4xx_dbgmcu.c...
..\..\..\Libraries\STM32F4xx_StdPeriph_Driver\inc\stm32f4xx_dbgmcu.h(31): error:  #5: cannot open source input file "stm32f4xx.h": No such file or directory
compiling stm32f4xx_dcmi.c...
..\..\..\Libraries\STM32F4xx_StdPeriph_Driver\inc\stm32f4xx_dcmi.h(31): error:  #5: cannot open source input file "stm32f4xx.h": No such file or directory
compiling stm32f4xx_dma.c...
..\..\..\Libraries\STM32F4xx_StdPeriph_Driver\inc\stm32f4xx_dma.h(32): error:  #5: cannot open source input file "stm32f4xx.h": No such file or directory
compiling stm32f4xx_flash.c...
..\..\..\Libraries\STM32F4xx_StdPeriph_Driver\inc\stm32f4xx_flash.h(32): error:  #5: cannot open source input file "stm32f4xx.h": No such file or directory
compiling stm32f4xx_hash.c...
..\..\..\Libraries\STM32F4xx_StdPeriph_Driver\inc\stm32f4xx_hash.h(32): error:  #5: cannot open source input file "stm32f4xx.h": No such file or directory
compiling stm32f4xx_hash_md5.c...
..\..\..\Libraries\STM32F4xx_StdPeriph_Driver\inc\stm32f4xx_hash.h(32): error:  #5: cannot open source input file "stm32f4xx.h": No such file or directory
compiling stm32f4xx_hash_sha1.c...
..\..\..\Libraries\STM32F4xx_StdPeriph_Driver\inc\stm32f4xx_hash.h(32): error:  #5: cannot open source input file "stm32f4xx.h": No such file or directory
compiling stm32f4xx_i2c.c...
..\..\..\Libraries\STM32F4xx_StdPeriph_Driver\inc\stm32f4xx_i2c.h(32): error:  #5: cannot open source input file "stm32f4xx.h": No such file or directory
compiling stm32f4xx_iwdg.c...
..\..\..\Libraries\STM32F4xx_StdPeriph_Driver\inc\stm32f4xx_iwdg.h(32): error:  #5: cannot open source input file "stm32f4xx.h": No such file or directory
compiling stm32f4xx_pwr.c...
..\..\..\Libraries\STM32F4xx_StdPeriph_Driver\inc\stm32f4xx_pwr.h(32): error:  #5: cannot open source input file "stm32f4xx.h": No such file or directory
compiling stm32f4xx_rng.c...
..\..\..\Libraries\STM32F4xx_StdPeriph_Driver\inc\stm32f4xx_rng.h(32): error:  #5: cannot open source input file "stm32f4xx.h": No such file or directory
compiling stm32f4xx_rtc.c...
..\..\..\Libraries\STM32F4xx_StdPeriph_Driver\inc\stm32f4xx_rtc.h(32): error:  #5: cannot open source input file "stm32f4xx.h": No such file or directory
compiling stm32f4xx_sdio.c...
..\..\..\Libraries\STM32F4xx_StdPeriph_Driver\inc\stm32f4xx_sdio.h(32): error:  #5: cannot open source input file "stm32f4xx.h": No such file or directory
compiling stm32f4xx_spi.c...
..\..\..\Libraries\STM32F4xx_StdPeriph_Driver\inc\stm32f4xx_spi.h(32): error:  #5: cannot open source input file "stm32f4xx.h": No such file or directory
compiling stm32f4xx_usart.c...
..\..\..\Libraries\STM32F4xx_StdPeriph_Driver\inc\stm32f4xx_usart.h(32): error:  #5: cannot open source input file "stm32f4xx.h": No such file or directory
compiling stm32f4xx_wwdg.c...
..\..\..\Libraries\STM32F4xx_StdPeriph_Driver\inc\stm32f4xx_wwdg.h(32): error:  #5: cannot open source input file "stm32f4xx.h": No such file or directory
compiling misc.c...
..\..\..\Libraries\STM32F4xx_StdPeriph_Driver\inc\misc.h(32): error:  #5: cannot open source input file "stm32f4xx.h": No such file or directory
compiling stm32f4xx_exti.c...
..\..\..\Libraries\STM32F4xx_StdPeriph_Driver\inc\stm32f4xx_exti.h(32): error:  #5: cannot open source input file "stm32f4xx.h": No such file or directory
compiling stm32f4xx_gpio.c...
..\..\..\Libraries\STM32F4xx_StdPeriph_Driver\inc\stm32f4xx_gpio.h(32): error:  #5: cannot open source input file "stm32f4xx.h": No such file or directory
compiling stm32f4xx_rcc.c...
..\..\..\Libraries\STM32F4xx_StdPeriph_Driver\inc\stm32f4xx_rcc.h(31): error:  #5: cannot open source input file "stm32f4xx.h": No such file or directory
compiling stm32f4xx_syscfg.c...
..\..\..\Libraries\STM32F4xx_StdPeriph_Driver\inc\stm32f4xx_syscfg.h(32): error:  #5: cannot open source input file "stm32f4xx.h": No such file or directory
compiling stm32f4xx_tim.c...
..\..\..\Libraries\STM32F4xx_StdPeriph_Driver\inc\stm32f4xx_tim.h(32): error:  #5: cannot open source input file "stm32f4xx.h": No such file or directory
assembling startup_stm32f4xx.s...
".\TIM_PWM_Output\TIM_PWM_Output.axf" - 43 Errors, 0 Warning(s).
Target not created
Load "C:\\Users\\Administrator\\Desktop\\STG_thedc17-master\\stm32_discovery_arm_gcc\\STM32F4-Discovery_FW_V1.1.0\\Project\\PaperCut\\MDK-ARM\\TIM_PWM_Output\\TIM_PWM_Output.axf" 
Set JLink Project File to "C:\Users\Administrator\Desktop\STG_thedc17-master\stm32_discovery_arm_gcc\STM32F4-Discovery_FW_V1.1.0\Project\PaperCut\MDK-ARM\JLinkSettings.ini"
* JLink Info: Device "STM32F103RC" selected (256 KB flash, 48 KB RAM).
 
JLink info:
------------
DLL: V4.60a, compiled Jan 16 2013 17:15:30
Firmware: J-Link ARM-OB STM32 compiled Aug 22 2012 19:52:04
Hardware: V7.00
S/N : 20090928 
Feature(s) : RDI,FlashDL,FlashBP,JFlash,GDBFull 
 
* JLink Info: Found SWD-DP with ID 0x1BA01477
* JLink Info: Found SWD-DP with ID 0x1BA01477
* JLink Info: TPIU fitted.
* JLink Info: ETM fitted.
* JLink Info: FPUnit: 6 code (BP) slots and 2 literal slots
* JLink Info: Found Cortex-M3 r1p1, Little endian.
ROMTableAddr = 0xE00FF003
 
Target info:
------------
Device: STM32F103RC
VTarget = 3.300V
State of Pins: 
TCK: 0, TDI: 0, TDO: 1, TMS: 0, TRES: 1, TRST: 1
Hardware-Breakpoints: 6
Software-Breakpoints: 8192
Watchpoints:          4
JTAG speed: 2000 kHz
 
Erase Failed!
Load "C:\\Users\\Administrator\\Desktop\\STG_thedc17-master\\stm32_discovery_arm_gcc\\STM32F4-Discovery_FW_V1.1.0\\Project\\PaperCut\\MDK-ARM\\TIM_PWM_Output\\TIM_PWM_Output.axf" 
Set JLink Project File to "C:\Users\Administrator\Desktop\STG_thedc17-master\stm32_discovery_arm_gcc\STM32F4-Discovery_FW_V1.1.0\Project\PaperCut\MDK-ARM\JLinkSettings.ini"
* JLink Info: Device "STM32F103RC" selected (256 KB flash, 48 KB RAM).
 
JLink info:
------------
DLL: V4.60a, compiled Jan 16 2013 17:15:30
Firmware: J-Link ARM-OB STM32 compiled Aug 22 2012 19:52:04
Hardware: V7.00
S/N : 20090928 
Feature(s) : RDI,FlashDL,FlashBP,JFlash,GDBFull 
 
* JLink Info: Found SWD-DP with ID 0x1BA01477
* JLink Info: Found SWD-DP with ID 0x1BA01477
* JLink Info: TPIU fitted.
* JLink Info: ETM fitted.
* JLink Info: FPUnit: 6 code (BP) slots and 2 literal slots
* JLink Info: Found Cortex-M3 r1p1, Little endian.
ROMTableAddr = 0xE00FF003
 
Target info:
------------
Device: STM32F103RC
VTarget = 3.300V
State of Pins: 
TCK: 0, TDI: 0, TDO: 1, TMS: 0, TRES: 1, TRST: 1
Hardware-Breakpoints: 6
Software-Breakpoints: 8192
Watchpoints:          4
JTAG speed: 2000 kHz
 
Erase Failed!
Load "C:\\Users\\Administrator\\Desktop\\STG_thedc17-master\\stm32_discovery_arm_gcc\\STM32F4-Discovery_FW_V1.1.0\\Project\\PaperCut\\MDK-ARM\\TIM_PWM_Output\\TIM_PWM_Output.axf" 
Set JLink Project File to "C:\Users\Administrator\Desktop\STG_thedc17-master\stm32_discovery_arm_gcc\STM32F4-Discovery_FW_V1.1.0\Project\PaperCut\MDK-ARM\JLinkSettings.ini"
* JLink Info: Device "STM32F103RC" selected (256 KB flash, 48 KB RAM).
 
JLink info:
------------
DLL: V4.60a, compiled Jan 16 2013 17:15:30
Firmware: J-Link ARM-OB STM32 compiled Aug 22 2012 19:52:04
Hardware: V7.00
S/N : 20090928 
Feature(s) : RDI,FlashDL,FlashBP,JFlash,GDBFull 
 
* JLink Info: Found SWD-DP with ID 0x1BA01477
* JLink Info: Found SWD-DP with ID 0x1BA01477
* JLink Info: TPIU fitted.
* JLink Info: ETM fitted.
* JLink Info: FPUnit: 6 code (BP) slots and 2 literal slots
* JLink Info: Found Cortex-M3 r1p1, Little endian.
ROMTableAddr = 0xE00FF003
 
Target info:
------------
Device: STM32F103RC
VTarget = 3.300V
State of Pins: 
TCK: 0, TDI: 0, TDO: 1, TMS: 0, TRES: 1, TRST: 1
Hardware-Breakpoints: 6
Software-Breakpoints: 8192
Watchpoints:          4
JTAG speed: 2000 kHz
 
Erase Failed!
Build target 'TIM_PWM_Output'
compiling adc.c...
..\User\adc.h(19): error:  #5: cannot open source input file "stm32f4xx.h": No such file or directory
compiling motor.c...
..\..\..\Libraries\STM32F4xx_StdPeriph_Driver\inc\stm32f4xx_gpio.h(32): error:  #5: cannot open source input file "stm32f4xx.h": No such file or directory
compiling pwm.c...
..\..\..\Utilities\STM32F4-Discovery\stm32f4_discovery.h(32): error:  #5: cannot open source input file "stm32f4xx.h": No such file or directory
compiling strategy.c...
..\User\strategy.h(3): error:  #5: cannot open source input file "stm32f4xx.h": No such file or directory
compiling timer.c...
..\..\..\Libraries\STM32F4xx_StdPeriph_Driver\inc\stm32f4xx_tim.h(32): error:  #5: cannot open source input file "stm32f4xx.h": No such file or directory
compiling usart.c...
..\..\..\Libraries\STM32F4xx_StdPeriph_Driver\inc\stm32f4xx_rcc.h(31): error:  #5: cannot open source input file "stm32f4xx.h": No such file or directory
compiling main.c...
..\..\..\Utilities\STM32F4-Discovery\stm32f4_discovery.h(32): error:  #5: cannot open source input file "stm32f4xx.h": No such file or directory
compiling system_stm32f4xx.c...
..\User\system_stm32f4xx.c(117): error:  #5: cannot open source input file "stm32f4xx.h": No such file or directory
compiling stm32f4xx_it.c...
..\User\stm32f4xx_it.h(27): error:  #5: cannot open source input file "stm32f4xx.h": No such file or directory
compiling adc_dma.c...
..\..\..\Libraries\STM32F4xx_StdPeriph_Driver\inc\stm32f4xx_adc.h(32): error:  #5: cannot open source input file "stm32f4xx.h": No such file or directory
compiling common.c...
..\User\common.h(4): error:  #5: cannot open source input file "stm32f4xx.h": No such file or directory
compiling infrared.c...
..\..\..\Libraries\STM32F4xx_StdPeriph_Driver\inc\stm32f4xx_gpio.h(32): error:  #5: cannot open source input file "stm32f4xx.h": No such file or directory
compiling stm32f4_discovery.c...
..\..\..\Utilities\STM32F4-Discovery\stm32f4_discovery.h(32): error:  #5: cannot open source input file "stm32f4xx.h": No such file or directory
compiling stm32f4xx_adc.c...
..\..\..\Libraries\STM32F4xx_StdPeriph_Driver\inc\stm32f4xx_adc.h(32): error:  #5: cannot open source input file "stm32f4xx.h": No such file or directory
compiling stm32f4xx_can.c...
..\..\..\Libraries\STM32F4xx_StdPeriph_Driver\inc\stm32f4xx_can.h(32): error:  #5: cannot open source input file "stm32f4xx.h": No such file or directory
compiling stm32f4xx_crc.c...
..\..\..\Libraries\STM32F4xx_StdPeriph_Driver\inc\stm32f4xx_crc.h(32): error:  #5: cannot open source input file "stm32f4xx.h": No such file or directory
compiling stm32f4xx_cryp.c...
..\..\..\Libraries\STM32F4xx_StdPeriph_Driver\inc\stm32f4xx_cryp.h(32): error:  #5: cannot open source input file "stm32f4xx.h": No such file or directory
compiling stm32f4xx_cryp_aes.c...
..\..\..\Libraries\STM32F4xx_StdPeriph_Driver\inc\stm32f4xx_cryp.h(32): error:  #5: cannot open source input file "stm32f4xx.h": No such file or directory
compiling stm32f4xx_cryp_des.c...
..\..\..\Libraries\STM32F4xx_StdPeriph_Driver\inc\stm32f4xx_cryp.h(32): error:  #5: cannot open source input file "stm32f4xx.h": No such file or directory
compiling stm32f4xx_cryp_tdes.c...
..\..\..\Libraries\STM32F4xx_StdPeriph_Driver\inc\stm32f4xx_cryp.h(32): error:  #5: cannot open source input file "stm32f4xx.h": No such file or directory
compiling stm32f4xx_dac.c...
..\..\..\Libraries\STM32F4xx_StdPeriph_Driver\inc\stm32f4xx_dac.h(32): error:  #5: cannot open source input file "stm32f4xx.h": No such file or directory
compiling stm32f4xx_dbgmcu.c...
..\..\..\Libraries\STM32F4xx_StdPeriph_Driver\inc\stm32f4xx_dbgmcu.h(31): error:  #5: cannot open source input file "stm32f4xx.h": No such file or directory
compiling stm32f4xx_dcmi.c...
..\..\..\Libraries\STM32F4xx_StdPeriph_Driver\inc\stm32f4xx_dcmi.h(31): error:  #5: cannot open source input file "stm32f4xx.h": No such file or directory
compiling stm32f4xx_dma.c...
..\..\..\Libraries\STM32F4xx_StdPeriph_Driver\inc\stm32f4xx_dma.h(32): error:  #5: cannot open source input file "stm32f4xx.h": No such file or directory
compiling stm32f4xx_flash.c...
..\..\..\Libraries\STM32F4xx_StdPeriph_Driver\inc\stm32f4xx_flash.h(32): error:  #5: cannot open source input file "stm32f4xx.h": No such file or directory
compiling stm32f4xx_hash.c...
..\..\..\Libraries\STM32F4xx_StdPeriph_Driver\inc\stm32f4xx_hash.h(32): error:  #5: cannot open source input file "stm32f4xx.h": No such file or directory
compiling stm32f4xx_hash_md5.c...
..\..\..\Libraries\STM32F4xx_StdPeriph_Driver\inc\stm32f4xx_hash.h(32): error:  #5: cannot open source input file "stm32f4xx.h": No such file or directory
compiling stm32f4xx_hash_sha1.c...
..\..\..\Libraries\STM32F4xx_StdPeriph_Driver\inc\stm32f4xx_hash.h(32): error:  #5: cannot open source input file "stm32f4xx.h": No such file or directory
compiling stm32f4xx_i2c.c...
..\..\..\Libraries\STM32F4xx_StdPeriph_Driver\inc\stm32f4xx_i2c.h(32): error:  #5: cannot open source input file "stm32f4xx.h": No such file or directory
compiling stm32f4xx_iwdg.c...
..\..\..\Libraries\STM32F4xx_StdPeriph_Driver\inc\stm32f4xx_iwdg.h(32): error:  #5: cannot open source input file "stm32f4xx.h": No such file or directory
compiling stm32f4xx_pwr.c...
..\..\..\Libraries\STM32F4xx_StdPeriph_Driver\inc\stm32f4xx_pwr.h(32): error:  #5: cannot open source input file "stm32f4xx.h": No such file or directory
compiling stm32f4xx_rng.c...
..\..\..\Libraries\STM32F4xx_StdPeriph_Driver\inc\stm32f4xx_rng.h(32): error:  #5: cannot open source input file "stm32f4xx.h": No such file or directory
compiling stm32f4xx_rtc.c...
..\..\..\Libraries\STM32F4xx_StdPeriph_Driver\inc\stm32f4xx_rtc.h(32): error:  #5: cannot open source input file "stm32f4xx.h": No such file or directory
compiling stm32f4xx_sdio.c...
..\..\..\Libraries\STM32F4xx_StdPeriph_Driver\inc\stm32f4xx_sdio.h(32): error:  #5: cannot open source input file "stm32f4xx.h": No such file or directory
compiling stm32f4xx_spi.c...
..\..\..\Libraries\STM32F4xx_StdPeriph_Driver\inc\stm32f4xx_spi.h(32): error:  #5: cannot open source input file "stm32f4xx.h": No such file or directory
compiling stm32f4xx_usart.c...
..\..\..\Libraries\STM32F4xx_StdPeriph_Driver\inc\stm32f4xx_usart.h(32): error:  #5: cannot open source input file "stm32f4xx.h": No such file or directory
compiling stm32f4xx_wwdg.c...
..\..\..\Libraries\STM32F4xx_StdPeriph_Driver\inc\stm32f4xx_wwdg.h(32): error:  #5: cannot open source input file "stm32f4xx.h": No such file or directory
compiling misc.c...
..\..\..\Libraries\STM32F4xx_StdPeriph_Driver\inc\misc.h(32): error:  #5: cannot open source input file "stm32f4xx.h": No such file or directory
compiling stm32f4xx_exti.c...
..\..\..\Libraries\STM32F4xx_StdPeriph_Driver\inc\stm32f4xx_exti.h(32): error:  #5: cannot open source input file "stm32f4xx.h": No such file or directory
compiling stm32f4xx_gpio.c...
..\..\..\Libraries\STM32F4xx_StdPeriph_Driver\inc\stm32f4xx_gpio.h(32): error:  #5: cannot open source input file "stm32f4xx.h": No such file or directory
compiling stm32f4xx_rcc.c...
..\..\..\Libraries\STM32F4xx_StdPeriph_Driver\inc\stm32f4xx_rcc.h(31): error:  #5: cannot open source input file "stm32f4xx.h": No such file or directory
compiling stm32f4xx_syscfg.c...
..\..\..\Libraries\STM32F4xx_StdPeriph_Driver\inc\stm32f4xx_syscfg.h(32): error:  #5: cannot open source input file "stm32f4xx.h": No such file or directory
compiling stm32f4xx_tim.c...
..\..\..\Libraries\STM32F4xx_StdPeriph_Driver\inc\stm32f4xx_tim.h(32): error:  #5: cannot open source input file "stm32f4xx.h": No such file or directory
".\TIM_PWM_Output\TIM_PWM_Output.axf" - 43 Errors, 0 Warning(s).
Target not created
Build target 'TIM_PWM_Output'
compiling adc.c...
compiling motor.c...
..\User\pid.h(6): warning:  #1-D: last line of file ends without a newline
..\User\motor.c(60): warning:  #223-D: function "ADC1_CH4_CH5_DMA_Config" declared implicitly
..\User\motor.c(61): warning:  #223-D: function "TIM2_Config" declared implicitly
compiling pwm.c...
compiling strategy.c...
..\User\strategy.c(23): warning:  #1-D: last line of file ends without a newline
compiling timer.c...
..\User\timer.c(64): warning:  #177-D: variable "TIM_OCInitStructure" was declared but never referenced
..\User\timer.c(99): warning:  #177-D: variable "TIM_OCInitStructure" was declared but never referenced
compiling usart.c...
compiling main.c...
..\User\main.c(66): warning:  #223-D: function "pwm1_config" declared implicitly
..\User\main.c(69): warning:  #223-D: function "UART5_Configuration" declared implicitly
..\User\main.c(80): warning:  #223-D: function "motor_config" declared implicitly
..\User\main.c(81): warning:  #223-D: function "motor_wake" declared implicitly
compiling system_stm32f4xx.c...
compiling stm32f4xx_it.c...
..\User\pid.h(6): warning:  #1-D: last line of file ends without a newline
..\User\stm32f4xx_it.c(281): warning:  #223-D: function "motor_setSpeed" declared implicitly
..\User\stm32f4xx_it.c(303): warning:  #223-D: function "motor_setSpeed" declared implicitly
compiling adc_dma.c...
..\User\adc_dma.c(137): warning:  #1-D: last line of file ends without a newline
compiling common.c...
..\User\common.c(14): warning:  #1-D: last line of file ends without a newline
compiling infrared.c...
compiling stm32f4_discovery.c...
compiling stm32f4xx_adc.c...
compiling stm32f4xx_can.c...
compiling stm32f4xx_crc.c...
compiling stm32f4xx_cryp.c...
compiling stm32f4xx_cryp_aes.c...
compiling stm32f4xx_cryp_des.c...
compiling stm32f4xx_cryp_tdes.c...
compiling stm32f4xx_dac.c...
compiling stm32f4xx_dbgmcu.c...
compiling stm32f4xx_dcmi.c...
compiling stm32f4xx_dma.c...
compiling stm32f4xx_flash.c...
compiling stm32f4xx_hash.c...
compiling stm32f4xx_hash_md5.c...
compiling stm32f4xx_hash_sha1.c...
compiling stm32f4xx_i2c.c...
compiling stm32f4xx_iwdg.c...
compiling stm32f4xx_pwr.c...
compiling stm32f4xx_rng.c...
compiling stm32f4xx_rtc.c...
compiling stm32f4xx_sdio.c...
compiling stm32f4xx_spi.c...
compiling stm32f4xx_usart.c...
compiling stm32f4xx_wwdg.c...
compiling misc.c...
compiling stm32f4xx_exti.c...
compiling stm32f4xx_gpio.c...
compiling stm32f4xx_rcc.c...
compiling stm32f4xx_syscfg.c...
compiling stm32f4xx_tim.c...
assembling startup_stm32f4xx.s...
linking...
Program Size: Code=5156 RO-data=424 RW-data=88 ZI-data=1048  
".\TIM_PWM_Output\TIM_PWM_Output.axf" - 0 Errors, 15 Warning(s).
Load "C:\\Users\\Administrator\\Desktop\\STG_thedc17-master\\stm32_discovery_arm_gcc\\STM32F4-Discovery_FW_V1.1.0\\Project\\PaperCut\\MDK-ARM\\TIM_PWM_Output\\TIM_PWM_Output.axf" 
Erase Done.
Programming Done.
Verify OK.
Application running ...
Build target 'TIM_PWM_Output'
compiling adc.c...
compiling motor.c...
..\User\pid.h(6): warning:  #1-D: last line of file ends without a newline
..\User\motor.c(60): warning:  #223-D: function "ADC1_CH4_CH5_DMA_Config" declared implicitly
..\User\motor.c(61): warning:  #223-D: function "TIM2_Config" declared implicitly
compiling pwm.c...
compiling strategy.c...
..\User\strategy.c(23): warning:  #1-D: last line of file ends without a newline
compiling timer.c...
..\User\timer.c(64): warning:  #177-D: variable "TIM_OCInitStructure" was declared but never referenced
..\User\timer.c(99): warning:  #177-D: variable "TIM_OCInitStructure" was declared but never referenced
compiling usart.c...
compiling main.c...
..\User\main.c(66): warning:  #223-D: function "pwm1_config" declared implicitly
..\User\main.c(69): warning:  #223-D: function "UART5_Configuration" declared implicitly
..\User\main.c(80): warning:  #223-D: function "motor_config" declared implicitly
..\User\main.c(81): warning:  #223-D: function "motor_wake" declared implicitly
compiling system_stm32f4xx.c...
compiling stm32f4xx_it.c...
..\User\pid.h(6): warning:  #1-D: last line of file ends without a newline
..\User\stm32f4xx_it.c(281): warning:  #223-D: function "motor_setSpeed" declared implicitly
..\User\stm32f4xx_it.c(303): warning:  #223-D: function "motor_setSpeed" declared implicitly
compiling adc_dma.c...
..\User\adc_dma.c(137): warning:  #1-D: last line of file ends without a newline
compiling common.c...
..\User\common.c(14): warning:  #1-D: last line of file ends without a newline
compiling infrared.c...
compiling stm32f4_discovery.c...
compiling stm32f4xx_adc.c...
compiling stm32f4xx_can.c...
compiling stm32f4xx_crc.c...
compiling stm32f4xx_cryp.c...
compiling stm32f4xx_cryp_aes.c...
compiling stm32f4xx_cryp_des.c...
compiling stm32f4xx_cryp_tdes.c...
compiling stm32f4xx_dac.c...
compiling stm32f4xx_dbgmcu.c...
compiling stm32f4xx_dcmi.c...
compiling stm32f4xx_dma.c...
compiling stm32f4xx_flash.c...
compiling stm32f4xx_hash.c...
compiling stm32f4xx_hash_md5.c...
compiling stm32f4xx_hash_sha1.c...
compiling stm32f4xx_i2c.c...
compiling stm32f4xx_iwdg.c...
compiling stm32f4xx_pwr.c...
compiling stm32f4xx_rng.c...
compiling stm32f4xx_rtc.c...
compiling stm32f4xx_sdio.c...
compiling stm32f4xx_spi.c...
compiling stm32f4xx_usart.c...
compiling stm32f4xx_wwdg.c...
compiling misc.c...
compiling stm32f4xx_exti.c...
compiling stm32f4xx_gpio.c...
compiling stm32f4xx_rcc.c...
compiling stm32f4xx_syscfg.c...
compiling stm32f4xx_tim.c...
linking...
Program Size: Code=5084 RO-data=424 RW-data=88 ZI-data=1048  
".\TIM_PWM_Output\TIM_PWM_Output.axf" - 0 Errors, 15 Warning(s).
Load "C:\\Users\\Administrator\\Desktop\\STG_thedc17-master\\stm32_discovery_arm_gcc\\STM32F4-Discovery_FW_V1.1.0\\Project\\PaperCut\\MDK-ARM\\TIM_PWM_Output\\TIM_PWM_Output.axf" 
Erase Done.
Programming Done.
Verify OK.
Application running ...
Build target 'TIM_PWM_Output'
compiling stm32f4xx_it.c...
..\User\pid.h(6): warning:  #1-D: last line of file ends without a newline
..\User\stm32f4xx_it.c(281): warning:  #223-D: function "motor_setSpeed" declared implicitly
..\User\stm32f4xx_it.c(303): warning:  #223-D: function "motor_setSpeed" declared implicitly
linking...
Program Size: Code=5084 RO-data=424 RW-data=88 ZI-data=1048  
".\TIM_PWM_Output\TIM_PWM_Output.axf" - 0 Errors, 3 Warning(s).
Load "C:\\Users\\Administrator\\Desktop\\STG_thedc17-master\\stm32_discovery_arm_gcc\\STM32F4-Discovery_FW_V1.1.0\\Project\\PaperCut\\MDK-ARM\\TIM_PWM_Output\\TIM_PWM_Output.axf" 
Erase Done.
Programming Done.
Verify OK.
Application running ...
Build target 'TIM_PWM_Output'
compiling stm32f4xx_it.c...
..\User\pid.h(6): warning:  #1-D: last line of file ends without a newline
..\User\stm32f4xx_it.c(290): warning:  #223-D: function "motor_setSpeed" declared implicitly
..\User\stm32f4xx_it.c(312): warning:  #223-D: function "motor_setSpeed" declared implicitly
linking...
Program Size: Code=5260 RO-data=424 RW-data=88 ZI-data=1048  
".\TIM_PWM_Output\TIM_PWM_Output.axf" - 0 Errors, 3 Warning(s).
Load "C:\\Users\\Administrator\\Desktop\\STG_thedc17-master\\stm32_discovery_arm_gcc\\STM32F4-Discovery_FW_V1.1.0\\Project\\PaperCut\\MDK-ARM\\TIM_PWM_Output\\TIM_PWM_Output.axf" 
Erase Done.
Programming Done.
Verify OK.
Application running ...
Build target 'TIM_PWM_Output'
compiling stm32f4xx_it.c...
..\User\pid.h(6): warning:  #1-D: last line of file ends without a newline
..\User\stm32f4xx_it.c(291): warning:  #223-D: function "motor_setSpeed" declared implicitly
..\User\stm32f4xx_it.c(313): warning:  #223-D: function "motor_setSpeed" declared implicitly
linking...
Program Size: Code=5188 RO-data=424 RW-data=88 ZI-data=1048  
".\TIM_PWM_Output\TIM_PWM_Output.axf" - 0 Errors, 3 Warning(s).
Load "C:\\Users\\Administrator\\Desktop\\STG_thedc17-master\\stm32_discovery_arm_gcc\\STM32F4-Discovery_FW_V1.1.0\\Project\\PaperCut\\MDK-ARM\\TIM_PWM_Output\\TIM_PWM_Output.axf" 
Erase Done.
Programming Done.
Verify OK.
Application running ...
Build target 'TIM_PWM_Output'
compiling stm32f4xx_it.c...
..\User\pid.h(6): warning:  #1-D: last line of file ends without a newline
..\User\stm32f4xx_it.c(291): warning:  #223-D: function "motor_setSpeed" declared implicitly
..\User\stm32f4xx_it.c(313): warning:  #223-D: function "motor_setSpeed" declared implicitly
linking...
Program Size: Code=5272 RO-data=424 RW-data=88 ZI-data=1048  
".\TIM_PWM_Output\TIM_PWM_Output.axf" - 0 Errors, 3 Warning(s).
Load "C:\\Users\\Administrator\\Desktop\\STG_thedc17-master\\stm32_discovery_arm_gcc\\STM32F4-Discovery_FW_V1.1.0\\Project\\PaperCut\\MDK-ARM\\TIM_PWM_Output\\TIM_PWM_Output.axf" 
Erase Done.
Programming Done.
Verify OK.
Application running ...
Build target 'TIM_PWM_Output'
compiling stm32f4xx_it.c...
..\User\pid.h(6): warning:  #1-D: last line of file ends without a newline
..\User\stm32f4xx_it.c(292): warning:  #223-D: function "motor_setSpeed" declared implicitly
..\User\stm32f4xx_it.c(314): warning:  #223-D: function "motor_setSpeed" declared implicitly
linking...
Program Size: Code=5296 RO-data=424 RW-data=88 ZI-data=1048  
".\TIM_PWM_Output\TIM_PWM_Output.axf" - 0 Errors, 3 Warning(s).
Load "C:\\Users\\Administrator\\Desktop\\STG_thedc17-master\\stm32_discovery_arm_gcc\\STM32F4-Discovery_FW_V1.1.0\\Project\\PaperCut\\MDK-ARM\\TIM_PWM_Output\\TIM_PWM_Output.axf" 
Erase Done.
Programming Done.
Verify OK.
Application running ...
Build target 'TIM_PWM_Output'
compiling stm32f4xx_it.c...
..\User\pid.h(6): warning:  #1-D: last line of file ends without a newline
..\User\stm32f4xx_it.c(292): warning:  #223-D: function "motor_setSpeed" declared implicitly
..\User\stm32f4xx_it.c(314): warning:  #223-D: function "motor_setSpeed" declared implicitly
linking...
Program Size: Code=5308 RO-data=424 RW-data=88 ZI-data=1048  
".\TIM_PWM_Output\TIM_PWM_Output.axf" - 0 Errors, 3 Warning(s).
Load "C:\\Users\\Administrator\\Desktop\\STG_thedc17-master\\stm32_discovery_arm_gcc\\STM32F4-Discovery_FW_V1.1.0\\Project\\PaperCut\\MDK-ARM\\TIM_PWM_Output\\TIM_PWM_Output.axf" 
Erase Done.
Programming Done.
Verify OK.
Application running ...
Build target 'TIM_PWM_Output'
compiling stm32f4xx_it.c...
..\User\pid.h(6): warning:  #1-D: last line of file ends without a newline
..\User\stm32f4xx_it.c(295): warning:  #223-D: function "motor_setSpeed" declared implicitly
..\User\stm32f4xx_it.c(317): warning:  #223-D: function "motor_setSpeed" declared implicitly
linking...
Program Size: Code=5308 RO-data=424 RW-data=88 ZI-data=1048  
".\TIM_PWM_Output\TIM_PWM_Output.axf" - 0 Errors, 3 Warning(s).
Load "C:\\Users\\Administrator\\Desktop\\STG_thedc17-master\\stm32_discovery_arm_gcc\\STM32F4-Discovery_FW_V1.1.0\\Project\\PaperCut\\MDK-ARM\\TIM_PWM_Output\\TIM_PWM_Output.axf" 
Erase Done.
Programming Done.
Verify OK.
Application running ...
Build target 'TIM_PWM_Output'
compiling stm32f4xx_it.c...
..\User\pid.h(6): warning:  #1-D: last line of file ends without a newline
..\User\stm32f4xx_it.c(293): warning:  #223-D: function "motor_setSpeed" declared implicitly
..\User\stm32f4xx_it.c(315): warning:  #223-D: function "motor_setSpeed" declared implicitly
linking...
Program Size: Code=5292 RO-data=424 RW-data=88 ZI-data=1048  
".\TIM_PWM_Output\TIM_PWM_Output.axf" - 0 Errors, 3 Warning(s).
Load "C:\\Users\\Administrator\\Desktop\\STG_thedc17-master\\stm32_discovery_arm_gcc\\STM32F4-Discovery_FW_V1.1.0\\Project\\PaperCut\\MDK-ARM\\TIM_PWM_Output\\TIM_PWM_Output.axf" 
Erase Done.
Programming Done.
Verify OK.
Application running ...
Build target 'TIM_PWM_Output'
compiling stm32f4xx_it.c...
..\User\pid.h(6): warning:  #1-D: last line of file ends without a newline
..\User\stm32f4xx_it.c(293): warning:  #223-D: function "motor_setSpeed" declared implicitly
..\User\stm32f4xx_it.c(315): warning:  #223-D: function "motor_setSpeed" declared implicitly
linking...
Program Size: Code=5292 RO-data=424 RW-data=88 ZI-data=1048  
".\TIM_PWM_Output\TIM_PWM_Output.axf" - 0 Errors, 3 Warning(s).
Load "C:\\Users\\Administrator\\Desktop\\STG_thedc17-master\\stm32_discovery_arm_gcc\\STM32F4-Discovery_FW_V1.1.0\\Project\\PaperCut\\MDK-ARM\\TIM_PWM_Output\\TIM_PWM_Output.axf" 
Erase Done.
Programming Done.
Verify OK.
Application running ...
Build target 'TIM_PWM_Output'
compiling stm32f4xx_it.c...
..\User\pid.h(6): warning:  #1-D: last line of file ends without a newline
..\User\stm32f4xx_it.c(293): warning:  #223-D: function "motor_setSpeed" declared implicitly
..\User\stm32f4xx_it.c(315): warning:  #223-D: function "motor_setSpeed" declared implicitly
linking...
Program Size: Code=5212 RO-data=424 RW-data=88 ZI-data=1048  
".\TIM_PWM_Output\TIM_PWM_Output.axf" - 0 Errors, 3 Warning(s).
Load "C:\\Users\\Administrator\\Desktop\\STG_thedc17-master\\stm32_discovery_arm_gcc\\STM32F4-Discovery_FW_V1.1.0\\Project\\PaperCut\\MDK-ARM\\TIM_PWM_Output\\TIM_PWM_Output.axf" 
Erase Done.
Programming Done.
Verify OK.
Application running ...
Build target 'TIM_PWM_Output'
compiling strategy.c...
..\User\strategy.c(23): warning:  #1-D: last line of file ends without a newline
compiling stm32f4xx_it.c...
..\User\pid.h(6): warning:  #1-D: last line of file ends without a newline
..\User\stm32f4xx_it.c(293): warning:  #223-D: function "motor_setSpeed" declared implicitly
..\User\stm32f4xx_it.c(315): warning:  #223-D: function "motor_setSpeed" declared implicitly
linking...
Program Size: Code=5212 RO-data=424 RW-data=88 ZI-data=1048  
".\TIM_PWM_Output\TIM_PWM_Output.axf" - 0 Errors, 4 Warning(s).
Load "C:\\Users\\Administrator\\Desktop\\STG_thedc17-master\\stm32_discovery_arm_gcc\\STM32F4-Discovery_FW_V1.1.0\\Project\\PaperCut\\MDK-ARM\\TIM_PWM_Output\\TIM_PWM_Output.axf" 
Erase Done.
Programming Done.
Verify OK.
Application running ...
Build target 'TIM_PWM_Output'
compiling stm32f4xx_it.c...
..\User\pid.h(6): warning:  #1-D: last line of file ends without a newline
..\User\stm32f4xx_it.c(293): warning:  #223-D: function "motor_setSpeed" declared implicitly
..\User\stm32f4xx_it.c(315): warning:  #223-D: function "motor_setSpeed" declared implicitly
linking...
Program Size: Code=5212 RO-data=424 RW-data=88 ZI-data=1048  
".\TIM_PWM_Output\TIM_PWM_Output.axf" - 0 Errors, 3 Warning(s).
Load "C:\\Users\\Administrator\\Desktop\\STG_thedc17-master\\stm32_discovery_arm_gcc\\STM32F4-Discovery_FW_V1.1.0\\Project\\PaperCut\\MDK-ARM\\TIM_PWM_Output\\TIM_PWM_Output.axf" 
Erase Done.
Programming Done.
Verify OK.
Application running ...
Build target 'TIM_PWM_Output'
compiling stm32f4xx_it.c...
..\User\pid.h(6): warning:  #1-D: last line of file ends without a newline
..\User\stm32f4xx_it.c(293): warning:  #223-D: function "motor_setSpeed" declared implicitly
..\User\stm32f4xx_it.c(315): warning:  #223-D: function "motor_setSpeed" declared implicitly
linking...
Program Size: Code=5212 RO-data=424 RW-data=88 ZI-data=1048  
".\TIM_PWM_Output\TIM_PWM_Output.axf" - 0 Errors, 3 Warning(s).
Load "C:\\Users\\Administrator\\Desktop\\STG_thedc17-master\\stm32_discovery_arm_gcc\\STM32F4-Discovery_FW_V1.1.0\\Project\\PaperCut\\MDK-ARM\\TIM_PWM_Output\\TIM_PWM_Output.axf" 
Erase Done.
Programming Done.
Verify OK.
Application running ...
Build target 'TIM_PWM_Output'
compiling stm32f4xx_it.c...
..\User\pid.h(6): warning:  #1-D: last line of file ends without a newline
..\User\stm32f4xx_it.c(293): warning:  #223-D: function "motor_setSpeed" declared implicitly
..\User\stm32f4xx_it.c(315): warning:  #223-D: function "motor_setSpeed" declared implicitly
linking...
Program Size: Code=5216 RO-data=424 RW-data=88 ZI-data=1048  
".\TIM_PWM_Output\TIM_PWM_Output.axf" - 0 Errors, 3 Warning(s).
Load "C:\\Users\\Administrator\\Desktop\\STG_thedc17-master\\stm32_discovery_arm_gcc\\STM32F4-Discovery_FW_V1.1.0\\Project\\PaperCut\\MDK-ARM\\TIM_PWM_Output\\TIM_PWM_Output.axf" 
Erase Done.
Programming Done.
Verify OK.
Application running ...
Build target 'TIM_PWM_Output'
compiling stm32f4xx_it.c...
..\User\pid.h(6): warning:  #1-D: last line of file ends without a newline
..\User\stm32f4xx_it.c(206): error:  #268: declaration may not appear after executable statement in block
..\User\stm32f4xx_it.c(206): error:  #67: expected a "}"
..\User\stm32f4xx_it.c(253): warning:  #223-D: function "motor_setSpeed" declared implicitly
..\User\stm32f4xx_it.c(275): warning:  #223-D: function "motor_setSpeed" declared implicitly
".\TIM_PWM_Output\TIM_PWM_Output.axf" - 2 Errors, 3 Warning(s).
Target not created
Build target 'TIM_PWM_Output'
compiling stm32f4xx_it.c...
..\User\pid.h(6): warning:  #1-D: last line of file ends without a newline
..\User\stm32f4xx_it.c(254): warning:  #223-D: function "motor_setSpeed" declared implicitly
..\User\stm32f4xx_it.c(276): warning:  #223-D: function "motor_setSpeed" declared implicitly
linking...
Program Size: Code=4856 RO-data=424 RW-data=80 ZI-data=1024  
".\TIM_PWM_Output\TIM_PWM_Output.axf" - 0 Errors, 3 Warning(s).
Load "C:\\Users\\Administrator\\Desktop\\STG_thedc17-master\\stm32_discovery_arm_gcc\\STM32F4-Discovery_FW_V1.1.0\\Project\\PaperCut\\MDK-ARM\\TIM_PWM_Output\\TIM_PWM_Output.axf" 
Erase Done.
Programming Done.
Verify OK.
Application running ...
Load "C:\\Users\\Administrator\\Desktop\\STG_thedc17-master\\stm32_discovery_arm_gcc\\STM32F4-Discovery_FW_V1.1.0\\Project\\PaperCut\\MDK-ARM\\TIM_PWM_Output\\TIM_PWM_Output.axf" 
Erase Done.
Programming Done.
Verify OK.
Application running ...
Build target 'TIM_PWM_Output'
compiling stm32f4xx_it.c...
..\User\pid.h(6): warning:  #1-D: last line of file ends without a newline
..\User\stm32f4xx_it.c(293): warning:  #223-D: function "motor_setSpeed" declared implicitly
..\User\stm32f4xx_it.c(315): warning:  #223-D: function "motor_setSpeed" declared implicitly
linking...
Program Size: Code=5212 RO-data=424 RW-data=88 ZI-data=1048  
".\TIM_PWM_Output\TIM_PWM_Output.axf" - 0 Errors, 3 Warning(s).
Load "C:\\Users\\Administrator\\Desktop\\STG_thedc17-master\\stm32_discovery_arm_gcc\\STM32F4-Discovery_FW_V1.1.0\\Project\\PaperCut\\MDK-ARM\\TIM_PWM_Output\\TIM_PWM_Output.axf" 
Erase Done.
Programming Done.
Verify OK.
Application running ...
Build target 'TIM_PWM_Output'
compiling stm32f4xx_it.c...
..\User\pid.h(6): warning:  #1-D: last line of file ends without a newline
..\User\stm32f4xx_it.c(293): warning:  #223-D: function "motor_setSpeed" declared implicitly
..\User\stm32f4xx_it.c(315): warning:  #223-D: function "motor_setSpeed" declared implicitly
linking...
Program Size: Code=5252 RO-data=424 RW-data=88 ZI-data=1048  
".\TIM_PWM_Output\TIM_PWM_Output.axf" - 0 Errors, 3 Warning(s).
Load "C:\\Users\\Administrator\\Desktop\\STG_thedc17-master\\stm32_discovery_arm_gcc\\STM32F4-Discovery_FW_V1.1.0\\Project\\PaperCut\\MDK-ARM\\TIM_PWM_Output\\TIM_PWM_Output.axf" 
Erase Done.
Programming Done.
Verify OK.
Application running ...
Build target 'TIM_PWM_Output'
compiling stm32f4xx_it.c...
..\User\pid.h(6): warning:  #1-D: last line of file ends without a newline
..\User\stm32f4xx_it.c(293): warning:  #223-D: function "motor_setSpeed" declared implicitly
..\User\stm32f4xx_it.c(315): warning:  #223-D: function "motor_setSpeed" declared implicitly
linking...
Program Size: Code=5244 RO-data=424 RW-data=88 ZI-data=1048  
".\TIM_PWM_Output\TIM_PWM_Output.axf" - 0 Errors, 3 Warning(s).
Load "C:\\Users\\Administrator\\Desktop\\STG_thedc17-master\\stm32_discovery_arm_gcc\\STM32F4-Discovery_FW_V1.1.0\\Project\\PaperCut\\MDK-ARM\\TIM_PWM_Output\\TIM_PWM_Output.axf" 
Erase Done.
Programming Done.
Verify OK.
Application running ...
Build target 'TIM_PWM_Output'
compiling stm32f4xx_it.c...
..\User\pid.h(6): warning:  #1-D: last line of file ends without a newline
..\User\stm32f4xx_it.c(293): warning:  #223-D: function "motor_setSpeed" declared implicitly
..\User\stm32f4xx_it.c(315): warning:  #223-D: function "motor_setSpeed" declared implicitly
linking...
Program Size: Code=5208 RO-data=424 RW-data=88 ZI-data=1048  
".\TIM_PWM_Output\TIM_PWM_Output.axf" - 0 Errors, 3 Warning(s).
Load "C:\\Users\\Administrator\\Desktop\\STG_thedc17-master\\stm32_discovery_arm_gcc\\STM32F4-Discovery_FW_V1.1.0\\Project\\PaperCut\\MDK-ARM\\TIM_PWM_Output\\TIM_PWM_Output.axf" 
Erase Done.
Programming Done.
Verify OK.
Application running ...
Load "C:\\Users\\Administrator\\Desktop\\STG_thedc17-master\\stm32_discovery_arm_gcc\\STM32F4-Discovery_FW_V1.1.0\\Project\\PaperCut\\MDK-ARM\\TIM_PWM_Output\\TIM_PWM_Output.axf" 
Erase Done.
Programming Done.
Verify OK.
Application running ...
Build target 'TIM_PWM_Output'
compiling stm32f4xx_it.c...
..\User\pid.h(6): warning:  #1-D: last line of file ends without a newline
..\User\stm32f4xx_it.c(293): warning:  #223-D: function "motor_setSpeed" declared implicitly
..\User\stm32f4xx_it.c(315): warning:  #223-D: function "motor_setSpeed" declared implicitly
linking...
Program Size: Code=5212 RO-data=424 RW-data=88 ZI-data=1048  
".\TIM_PWM_Output\TIM_PWM_Output.axf" - 0 Errors, 3 Warning(s).
Load "C:\\Users\\Administrator\\Desktop\\STG_thedc17-master\\stm32_discovery_arm_gcc\\STM32F4-Discovery_FW_V1.1.0\\Project\\PaperCut\\MDK-ARM\\TIM_PWM_Output\\TIM_PWM_Output.axf" 
Erase Done.
Programming Done.
Verify OK.
Application running ...
Build target 'TIM_PWM_Output'
compiling stm32f4xx_it.c...
..\User\pid.h(6): warning:  #1-D: last line of file ends without a newline
..\User\stm32f4xx_it.c(293): warning:  #223-D: function "motor_setSpeed" declared implicitly
..\User\stm32f4xx_it.c(315): warning:  #223-D: function "motor_setSpeed" declared implicitly
linking...
Program Size: Code=5212 RO-data=424 RW-data=88 ZI-data=1048  
".\TIM_PWM_Output\TIM_PWM_Output.axf" - 0 Errors, 3 Warning(s).
Load "C:\\Users\\Administrator\\Desktop\\STG_thedc17-master\\stm32_discovery_arm_gcc\\STM32F4-Discovery_FW_V1.1.0\\Project\\PaperCut\\MDK-ARM\\TIM_PWM_Output\\TIM_PWM_Output.axf" 
Erase Done.
Programming Done.
Verify OK.
Application running ...
Load "C:\\Users\\Administrator\\Desktop\\STG_thedc17-master\\stm32_discovery_arm_gcc\\STM32F4-Discovery_FW_V1.1.0\\Project\\PaperCut\\MDK-ARM\\TIM_PWM_Output\\TIM_PWM_Output.axf" 
Erase Done.
Programming Done.
Verify OK.
Application running ...
Build target 'TIM_PWM_Output'
compiling stm32f4xx_it.c...
..\User\pid.h(6): warning:  #1-D: last line of file ends without a newline
..\User\stm32f4xx_it.c(294): warning:  #223-D: function "motor_setSpeed" declared implicitly
..\User\stm32f4xx_it.c(316): warning:  #223-D: function "motor_setSpeed" declared implicitly
linking...
Program Size: Code=5280 RO-data=424 RW-data=88 ZI-data=1072  
".\TIM_PWM_Output\TIM_PWM_Output.axf" - 0 Errors, 3 Warning(s).
Load "C:\\Users\\Administrator\\Desktop\\STG_thedc17-master\\stm32_discovery_arm_gcc\\STM32F4-Discovery_FW_V1.1.0\\Project\\PaperCut\\MDK-ARM\\TIM_PWM_Output\\TIM_PWM_Output.axf" 
Erase Done.
Programming Done.
Verify OK.
Application running ...
Build target 'TIM_PWM_Output'
linking...
Program Size: Code=5280 RO-data=424 RW-data=88 ZI-data=1072  
".\TIM_PWM_Output\TIM_PWM_Output.axf" - 0 Errors, 0 Warning(s).
