<html>
<body>
<pre>
<h1>礦ision Build Log</h1>
<h2>Project:</h2>
D:\Save\Documents\电设17\这个表情好魔性\STG_thedc17\stm32_discovery_arm_gcc\STM32F4-Discovery_FW_V1.1.0\Project\PaperCut\MDK-ARM\TIM_PWM_Output.uvproj
Project File Date:  10/31/2015

<h2>Output:</h2>
Rebuild target 'TIM_PWM_Output'
compiling adc.c...
compiling motor.c...
compiling pwm.c...
compiling strategy.c...
..\User\strategy.h(86): warning:  #1-D: last line of file ends without a newline
  #endif
..\User\strategy.c(10): warning:  #1-D: last line of file ends without a newline
  }
..\User\strategy.c: 2 warnings, 0 errors
compiling timer.c...
compiling usart.c...
..\User\strategy.h(86): warning:  #1-D: last line of file ends without a newline
  #endif
..\User\usart.c: 1 warning, 0 errors
compiling main.c...
..\User\strategy.h(86): warning:  #1-D: last line of file ends without a newline
  #endif
..\User\main.c(65): warning:  #223-D: function "pwm1_config" declared implicitly
        pwm1_config(PrescalerValue);
..\User\main.c(73): warning:  #223-D: function "motor_config" declared implicitly
    motor_config();
..\User\main.c(77): warning:  #223-D: function "motor_enable" declared implicitly
                motor_enable();
..\User\main.c(102): warning:  #223-D: function "printf" declared implicitly
    printf("%d\n",ADC3ConvertedVoltage);
..\User\main.c: 5 warnings, 0 errors
compiling system_stm32f4xx.c...
compiling stm32f4xx_it.c...
compiling stm32f4_discovery.c...
compiling stm32f4xx_adc.c...
compiling stm32f4xx_can.c...
compiling stm32f4xx_crc.c...
compiling stm32f4xx_cryp.c...
compiling stm32f4xx_cryp_aes.c...
compiling stm32f4xx_cryp_des.c...
compiling stm32f4xx_cryp_tdes.c...
compiling stm32f4xx_dac.c...
compiling stm32f4xx_dbgmcu.c...
compiling stm32f4xx_dcmi.c...
compiling stm32f4xx_dma.c...
compiling stm32f4xx_flash.c...
compiling stm32f4xx_hash.c...
compiling stm32f4xx_hash_md5.c...
compiling stm32f4xx_hash_sha1.c...
compiling stm32f4xx_i2c.c...
compiling stm32f4xx_iwdg.c...
compiling stm32f4xx_pwr.c...
compiling stm32f4xx_rng.c...
compiling stm32f4xx_rtc.c...
compiling stm32f4xx_sdio.c...
compiling stm32f4xx_spi.c...
compiling stm32f4xx_usart.c...
compiling stm32f4xx_wwdg.c...
compiling misc.c...
compiling stm32f4xx_exti.c...
compiling stm32f4xx_gpio.c...
compiling stm32f4xx_rcc.c...
compiling stm32f4xx_syscfg.c...
compiling stm32f4xx_tim.c...
assembling startup_stm32f4xx.s...
linking...
Program Size: Code=4228 RO-data=424 RW-data=60 ZI-data=1052  
".\TIM_PWM_Output\TIM_PWM_Output.axf" - 0 Error(s), 8 Warning(s).
Load "D:\\Save\\Documents\\电设17\\这个表情好魔性\\STG_thedc17\\stm32_discovery_arm_gcc\\STM32F4-Discovery_FW_V1.1.0\\Project\\PaperCut\\MDK-ARM\\TIM_PWM_Output\\TIM_PWM_Output.axf" 
Set JLink Project File to "D:\Save\Documents\电设17\这个表情好魔性\STG_thedc17\stm32_discovery_arm_gcc\STM32F4-Discovery_FW_V1.1.0\Project\PaperCut\MDK-ARM\JLinkSettings.ini"
* JLink Info: Device "STM32F407VE" selected (512 KB flash, 128 KB RAM).
 
JLink info:
------------
DLL: V4.80g, compiled Feb 13 2014 20:50:02
Firmware: J-Link ARM-OB STM32 compiled Aug 22 2012 19:52:04
Hardware: V7.00
S/N : 20090928 
Feature(s) : RDI,FlashDL,FlashBP,JFlash,GDBFull 
 
* JLink Info: Found SWD-DP with ID 0x2BA01477
* JLink Info: Found SWD-DP with ID 0x2BA01477
* JLink Info: Found Cortex-M4 r0p1, Little endian.
* JLink Info: FPUnit: 6 code (BP) slots and 2 literal slots
* JLink Info: TPIU fitted.
* JLink Info: ETM fitted.
ROMTableAddr = 0xE00FF003
 
Target info:
------------
Device: STM32F407VE
VTarget = 3.300V
State of Pins: 
TCK: 0, TDI: 0, TDO: 1, TMS: 0, TRES: 1, TRST: 1
Hardware-Breakpoints: 6
Software-Breakpoints: 8192
Watchpoints:          4
JTAG speed: 2000 kHz
 
Erase Done.
Programming Done.
Verify OK.
Application running ...
</pre>
</body>
</html>
