<html>
<body>
<pre>
<h1>礦ision Build Log</h1>
<h2>Project:</h2>
D:\Save\Documents\电设17\这个表情好魔性\STG_thedc17\stm32_discovery_arm_gcc\STM32F4-Discovery_FW_V1.1.0\Project\PaperCut\MDK-ARM\TIM_PWM_Output.uvproj
Project File Date:  11/01/2015

<h2>Output:</h2>
Rebuild target 'TIM_PWM_Output'
compiling adc.c...
compiling motor.c...
compiling pwm.c...
compiling strategy.c...
..\User\strategy.h(86): warning:  #1-D: last line of file ends without a newline
  #endif
..\User\strategy.c(10): warning:  #1-D: last line of file ends without a newline
  }
..\User\strategy.c: 2 warnings, 0 errors
compiling timer.c...
compiling usart.c...
..\User\strategy.h(86): warning:  #1-D: last line of file ends without a newline
  #endif
..\User\usart.c: 1 warning, 0 errors
compiling main.c...
..\User\strategy.h(86): warning:  #1-D: last line of file ends without a newline
  #endif
..\MDK-ARM\infrared.h(7): warning:  #1-D: last line of file ends without a newline
  #endif
..\User\main.c: 2 warnings, 0 errors
compiling system_stm32f4xx.c...
compiling stm32f4xx_it.c...
compiling infrared.c...
infrared.h(7): warning:  #1-D: last line of file ends without a newline
  #endif
infrared.c: 1 warning, 0 errors
compiling stm32f4_discovery.c...
compiling stm32f4xx_adc.c...
compiling stm32f4xx_can.c...
compiling stm32f4xx_crc.c...
compiling stm32f4xx_cryp.c...
compiling stm32f4xx_cryp_aes.c...
compiling stm32f4xx_cryp_des.c...
compiling stm32f4xx_cryp_tdes.c...
compiling stm32f4xx_dac.c...
compiling stm32f4xx_dbgmcu.c...
compiling stm32f4xx_dcmi.c...
compiling stm32f4xx_dma.c...
compiling stm32f4xx_flash.c...
compiling stm32f4xx_hash.c...
compiling stm32f4xx_hash_md5.c...
compiling stm32f4xx_hash_sha1.c...
compiling stm32f4xx_i2c.c...
compiling stm32f4xx_iwdg.c...
compiling stm32f4xx_pwr.c...
compiling stm32f4xx_rng.c...
compiling stm32f4xx_rtc.c...
compiling stm32f4xx_sdio.c...
compiling stm32f4xx_spi.c...
compiling stm32f4xx_usart.c...
compiling stm32f4xx_wwdg.c...
compiling misc.c...
compiling stm32f4xx_exti.c...
compiling stm32f4xx_gpio.c...
compiling stm32f4xx_rcc.c...
compiling stm32f4xx_syscfg.c...
compiling stm32f4xx_tim.c...
assembling startup_stm32f4xx.s...
linking...
Program Size: Code=3504 RO-data=424 RW-data=56 ZI-data=1048  
".\TIM_PWM_Output\TIM_PWM_Output.axf" - 0 Error(s), 6 Warning(s).
Load "D:\\Save\\Documents\\电设17\\这个表情好魔性\\STG_thedc17\\stm32_discovery_arm_gcc\\STM32F4-Discovery_FW_V1.1.0\\Project\\PaperCut\\MDK-ARM\\TIM_PWM_Output\\TIM_PWM_Output.axf" 
Erase Done.
Programming Done.
Verify OK.
Application running ...
</pre>
</body>
</html>
