<html>
<body>
<pre>
<h1>µVision Build Log</h1>
<h2>Project:</h2>
C:\Users\gzy\Desktop\STG_thedc17\stm32_discovery_arm_gcc\STM32F4-Discovery_FW_V1.1.0\Project\Peripheral_Examples\ADC_Interleaved_DMAmode2\MDK-ARM\ADC_Interleaved_DMAmode2.uvproj
Project File Date:  11/27/2015

<h2>Output:</h2>
Build target 'ADC_Interleaved_DMAmode2'
compiling main.c...
compiling stm32f4xx_it.c...
compiling system_stm32f4xx.c...
compiling stm32f4_discovery.c...
compiling stm32f4xx_rcc.c...
compiling misc.c...
compiling stm32f4xx_gpio.c...
compiling stm32f4xx_syscfg.c...
compiling stm32f4xx_exti.c...
compiling stm32f4xx_adc.c...
compiling stm32f4xx_dma.c...
assembling startup_stm32f4xx.s...
linking...
Program Size: Code=1332 RO-data=424 RW-data=8 ZI-data=1136  
".\ADC_Interleaved_DMAmode2\ADC_Interleaved_DMAmode2.axf" - 0 Error(s), 0 Warning(s).
</pre>
</body>
</html>
