ARM Linker, 5.03 [Build 76] [MDK-ARM Standard]

==============================================================================

Section Cross References

    adc.o(i.ADC_Config) refers to stm32f4xx_rcc.o(i.RCC_AHB1PeriphClockCmd) for RCC_AHB1PeriphClockCmd
    adc.o(i.ADC_Config) refers to stm32f4xx_rcc.o(i.RCC_APB2PeriphClockCmd) for RCC_APB2PeriphClockCmd
    adc.o(i.ADC_Config) refers to stm32f4xx_gpio.o(i.GPIO_Init) for GPIO_Init
    adc.o(i.ADC_Config) refers to stm32f4xx_adc.o(i.ADC_CommonInit) for ADC_CommonInit
    adc.o(i.ADC_Config) refers to stm32f4xx_adc.o(i.ADC_Init) for ADC_Init
    adc.o(i.ADC_Config) refers to stm32f4xx_adc.o(i.ADC_RegularChannelConfig) for ADC_RegularChannelConfig
    adc.o(i.ADC_Config) refers to stm32f4xx_adc.o(i.ADC_DMARequestAfterLastTransferCmd) for ADC_DMARequestAfterLastTransferCmd
    adc.o(i.ADC_Config) refers to stm32f4xx_adc.o(i.ADC_DMACmd) for ADC_DMACmd
    adc.o(i.ADC_Config) refers to stm32f4xx_adc.o(i.ADC_Cmd) for ADC_Cmd
    adc.o(i.ADC_Config) refers to stm32f4xx_adc.o(i.ADC_SoftwareStartConv) for ADC_SoftwareStartConv
    motor.o(i.get_left_adcVal) refers to adc_dma.o(.data) for ADC1ConvertedValue
    motor.o(i.get_right_adcVal) refers to adc_dma.o(.data) for ADC1ConvertedValue
    motor.o(i.motor_backward) refers to motor.o(i.motor_left_backward) for motor_left_backward
    motor.o(i.motor_backward) refers to motor.o(i.motor_right_backward) for motor_right_backward
    motor.o(i.motor_config) refers to stm32f4xx_rcc.o(i.RCC_AHB1PeriphClockCmd) for RCC_AHB1PeriphClockCmd
    motor.o(i.motor_config) refers to stm32f4xx_gpio.o(i.GPIO_Init) for GPIO_Init
    motor.o(i.motor_config) refers to stm32f4xx_rcc.o(i.RCC_APB1PeriphClockCmd) for RCC_APB1PeriphClockCmd
    motor.o(i.motor_config) refers to stm32f4xx_gpio.o(i.GPIO_PinAFConfig) for GPIO_PinAFConfig
    motor.o(i.motor_config) refers to adc_dma.o(i.ADC1_CH4_CH5_DMA_Config) for ADC1_CH4_CH5_DMA_Config
    motor.o(i.motor_config) refers to timer.o(i.TIM2_Config) for TIM2_Config
    motor.o(i.motor_forward) refers to motor.o(i.motor_left_forward) for motor_left_forward
    motor.o(i.motor_forward) refers to motor.o(i.motor_right_forward) for motor_right_forward
    motor.o(i.motor_left_backward) refers to stm32f4xx_gpio.o(i.GPIO_SetBits) for GPIO_SetBits
    motor.o(i.motor_left_forward) refers to stm32f4xx_gpio.o(i.GPIO_ResetBits) for GPIO_ResetBits
    motor.o(i.motor_right_backward) refers to stm32f4xx_gpio.o(i.GPIO_SetBits) for GPIO_SetBits
    motor.o(i.motor_right_forward) refers to stm32f4xx_gpio.o(i.GPIO_ResetBits) for GPIO_ResetBits
    motor.o(i.motor_sleep) refers to stm32f4xx_gpio.o(i.GPIO_ResetBits) for GPIO_ResetBits
    motor.o(i.motor_turn_left) refers to motor.o(i.motor_left_backward) for motor_left_backward
    motor.o(i.motor_turn_left) refers to motor.o(i.motor_right_forward) for motor_right_forward
    motor.o(i.motor_turn_left) refers to motor.o(i.motor_left_forward) for motor_left_forward
    motor.o(i.motor_turn_right) refers to motor.o(i.motor_left_forward) for motor_left_forward
    motor.o(i.motor_turn_right) refers to motor.o(i.motor_right_backward) for motor_right_backward
    motor.o(i.motor_turn_right) refers to motor.o(i.motor_right_forward) for motor_right_forward
    motor.o(i.motor_wake) refers to stm32f4xx_gpio.o(i.GPIO_SetBits) for GPIO_SetBits
    pwm.o(i.pwm1_config) refers to stm32f4xx_tim.o(i.TIM_TimeBaseInit) for TIM_TimeBaseInit
    pwm.o(i.pwm1_config) refers to stm32f4xx_tim.o(i.TIM_OC1Init) for TIM_OC1Init
    pwm.o(i.pwm1_config) refers to stm32f4xx_tim.o(i.TIM_OC2Init) for TIM_OC2Init
    pwm.o(i.pwm1_config) refers to stm32f4xx_tim.o(i.TIM_OC3Init) for TIM_OC3Init
    pwm.o(i.pwm1_config) refers to stm32f4xx_tim.o(i.TIM_OC3PreloadConfig) for TIM_OC3PreloadConfig
    pwm.o(i.pwm1_config) refers to stm32f4xx_tim.o(i.TIM_ARRPreloadConfig) for TIM_ARRPreloadConfig
    pwm.o(i.pwm1_config) refers to stm32f4xx_tim.o(i.TIM_CtrlPWMOutputs) for TIM_CtrlPWMOutputs
    pwm.o(i.pwm1_config) refers to stm32f4xx_tim.o(i.TIM_Cmd) for TIM_Cmd
    pwm.o(i.pwm1_config) refers to system_stm32f4xx.o(.data) for SystemCoreClock
    pwm.o(i.pwm1_config) refers to pwm.o(.data) for .data
    pwm.o(i.pwm_config) refers to stm32f4xx_tim.o(i.TIM_TimeBaseInit) for TIM_TimeBaseInit
    pwm.o(i.pwm_config) refers to stm32f4xx_tim.o(i.TIM_OC1Init) for TIM_OC1Init
    pwm.o(i.pwm_config) refers to stm32f4xx_tim.o(i.TIM_OC1PreloadConfig) for TIM_OC1PreloadConfig
    pwm.o(i.pwm_config) refers to stm32f4xx_tim.o(i.TIM_ARRPreloadConfig) for TIM_ARRPreloadConfig
    pwm.o(i.pwm_config) refers to stm32f4xx_tim.o(i.TIM_Cmd) for TIM_Cmd
    pwm.o(i.pwm_config) refers to system_stm32f4xx.o(.data) for SystemCoreClock
    pwm.o(i.pwm_config) refers to pwm.o(.data) for .data
    pwm.o(i.pwm_set_DutyCycle1) refers to stm32f4xx_tim.o(i.TIM_SetCompare1) for TIM_SetCompare1
    pwm.o(i.pwm_set_DutyCycle1) refers to pwm.o(.data) for .data
[...]
    Removing stm32f4xx_can.o(i.CAN_DeInit), (44 bytes).
    Removing stm32f4xx_can.o(i.CAN_FIFORelease), (22 bytes).
    Removing stm32f4xx_can.o(i.CAN_FilterInit), (196 bytes).
    Removing stm32f4xx_can.o(i.CAN_GetFlagStatus), (52 bytes).
    Removing stm32f4xx_can.o(i.CAN_GetITStatus), (168 bytes).
    Removing stm32f4xx_can.o(i.CAN_GetLSBTransmitErrorCounter), (8 bytes).
    Removing stm32f4xx_can.o(i.CAN_GetLastErrorCode), (10 bytes).
    Removing stm32f4xx_can.o(i.CAN_GetReceiveErrorCounter), (6 bytes).
    Removing stm32f4xx_can.o(i.CAN_ITConfig), (16 bytes).
    Removing stm32f4xx_can.o(i.CAN_Init), (232 bytes).
    Removing stm32f4xx_can.o(i.CAN_MessagePending), (22 bytes).
    Removing stm32f4xx_can.o(i.CAN_OperatingModeRequest), (140 bytes).
    Removing stm32f4xx_can.o(i.CAN_Receive), (126 bytes).
    Removing stm32f4xx_can.o(i.CAN_SlaveStartBank), (44 bytes).
    Removing stm32f4xx_can.o(i.CAN_Sleep), (30 bytes).
    Removing stm32f4xx_can.o(i.CAN_StructInit), (32 bytes).
    Removing stm32f4xx_can.o(i.CAN_TTComModeCmd), (90 bytes).
    Removing stm32f4xx_can.o(i.CAN_Transmit), (152 bytes).
    Removing stm32f4xx_can.o(i.CAN_TransmitStatus), (108 bytes).
    Removing stm32f4xx_can.o(i.CAN_WakeUp), (42 bytes).
    Removing stm32f4xx_can.o(i.CheckITStatus), (12 bytes).
    Removing stm32f4xx_crc.o(.emb_text), (8 bytes).
    Removing stm32f4xx_crc.o(i.CRC_CalcBlockCRC), (28 bytes).
    Removing stm32f4xx_crc.o(i.CRC_CalcCRC), (12 bytes).
    Removing stm32f4xx_crc.o(i.CRC_GetCRC), (12 bytes).
    Removing stm32f4xx_crc.o(i.CRC_GetIDRegister), (12 bytes).
    Removing stm32f4xx_crc.o(i.CRC_ResetDR), (12 bytes).
    Removing stm32f4xx_crc.o(i.CRC_SetIDRegister), (12 bytes).
    Removing stm32f4xx_cryp.o(.emb_text), (8 bytes).
    Removing stm32f4xx_cryp.o(i.CRYP_Cmd), (28 bytes).
    Removing stm32f4xx_cryp.o(i.CRYP_DMACmd), (28 bytes).
    Removing stm32f4xx_cryp.o(i.CRYP_DataIn), (12 bytes).
    Removing stm32f4xx_cryp.o(i.CRYP_DataOut), (12 bytes).
    Removing stm32f4xx_cryp.o(i.CRYP_DeInit), (22 bytes).
    Removing stm32f4xx_cryp.o(i.CRYP_FIFOFlush), (16 bytes).
    Removing stm32f4xx_cryp.o(i.CRYP_GetFlagStatus), (28 bytes).
    Removing stm32f4xx_cryp.o(i.CRYP_GetITStatus), (20 bytes).
    Removing stm32f4xx_cryp.o(i.CRYP_ITConfig), (28 bytes).
    Removing stm32f4xx_cryp.o(i.CRYP_IVInit), (24 bytes).
    Removing stm32f4xx_cryp.o(i.CRYP_IVStructInit), (12 bytes).
    Removing stm32f4xx_cryp.o(i.CRYP_Init), (96 bytes).
    Removing stm32f4xx_cryp.o(i.CRYP_KeyInit), (40 bytes).
    Removing stm32f4xx_cryp.o(i.CRYP_KeyStructInit), (20 bytes).
    Removing stm32f4xx_cryp.o(i.CRYP_RestoreContext), (68 bytes).
    Removing stm32f4xx_cryp.o(i.CRYP_SaveContext), (148 bytes).
    Removing stm32f4xx_cryp.o(i.CRYP_StructInit), (12 bytes).
    Removing stm32f4xx_cryp_aes.o(.emb_text), (8 bytes).
    Removing stm32f4xx_cryp_aes.o(i.CRYP_AES_CBC), (446 bytes).
    Removing stm32f4xx_cryp_aes.o(i.CRYP_AES_CTR), (390 bytes).
    Removing stm32f4xx_cryp_aes.o(i.CRYP_AES_ECB), (412 bytes).
    Removing stm32f4xx_cryp_des.o(.emb_text), (8 bytes).
    Removing stm32f4xx_cryp_des.o(i.CRYP_DES_CBC), (224 bytes).
    Removing stm32f4xx_cryp_des.o(i.CRYP_DES_ECB), (202 bytes).
    Removing stm32f4xx_cryp_tdes.o(.emb_text), (8 bytes).
    Removing stm32f4xx_cryp_tdes.o(i.CRYP_TDES_CBC), (248 bytes).
    Removing stm32f4xx_cryp_tdes.o(i.CRYP_TDES_ECB), (224 bytes).
    Removing stm32f4xx_dac.o(.emb_text), (8 bytes).
    Removing stm32f4xx_dac.o(i.DAC_ClearFlag), (12 bytes).
    Removing stm32f4xx_dac.o(i.DAC_ClearITPendingBit), (12 bytes).
    Removing stm32f4xx_dac.o(i.DAC_Cmd), (24 bytes).
    Removing stm32f4xx_dac.o(i.DAC_DMACmd), (24 bytes).
    Removing stm32f4xx_dac.o(i.DAC_DeInit), (24 bytes).
    Removing stm32f4xx_dac.o(i.DAC_DualSoftwareTriggerCmd), (28 bytes).
    Removing stm32f4xx_dac.o(i.DAC_GetDataOutputValue), (24 bytes).
    Removing stm32f4xx_dac.o(i.DAC_GetFlagStatus), (24 bytes).
    Removing stm32f4xx_dac.o(i.DAC_GetITStatus), (36 bytes).
    Removing stm32f4xx_dac.o(i.DAC_ITConfig), (24 bytes).
    Removing stm32f4xx_dac.o(i.DAC_Init), (40 bytes).
    Removing stm32f4xx_dac.o(i.DAC_SetChannel1Data), (20 bytes).
    Removing stm32f4xx_dac.o(i.DAC_SetChannel2Data), (20 bytes).
    Removing stm32f4xx_dac.o(i.DAC_SetDualChannelData), (28 bytes).
    Removing stm32f4xx_dac.o(i.DAC_SoftwareTriggerCmd), (28 bytes).
    Removing stm32f4xx_dac.o(i.DAC_StructInit), (12 bytes).
    Removing stm32f4xx_dac.o(i.DAC_WaveGenerationCmd), (24 bytes).
    Removing stm32f4xx_dbgmcu.o(.emb_text), (8 bytes).
    Removing stm32f4xx_dbgmcu.o(i.DBGMCU_APB1PeriphConfig), (24 bytes).
    Removing stm32f4xx_dbgmcu.o(i.DBGMCU_APB2PeriphConfig), (24 bytes).
    Removing stm32f4xx_dbgmcu.o(i.DBGMCU_Config), (24 bytes).
    Removing stm32f4xx_dbgmcu.o(i.DBGMCU_GetDEVID), (16 bytes).
    Removing stm32f4xx_dbgmcu.o(i.DBGMCU_GetREVID), (12 bytes).
    Removing stm32f4xx_dcmi.o(.emb_text), (8 bytes).
    Removing stm32f4xx_dcmi.o(i.DCMI_CROPCmd), (28 bytes).
    Removing stm32f4xx_dcmi.o(i.DCMI_CROPConfig), (24 bytes).
    Removing stm32f4xx_dcmi.o(i.DCMI_CaptureCmd), (28 bytes).
    Removing stm32f4xx_dcmi.o(i.DCMI_ClearFlag), (12 bytes).
    Removing stm32f4xx_dcmi.o(i.DCMI_ClearITPendingBit), (12 bytes).
    Removing stm32f4xx_dcmi.o(i.DCMI_Cmd), (28 bytes).
    Removing stm32f4xx_dcmi.o(i.DCMI_DeInit), (28 bytes).
    Removing stm32f4xx_dcmi.o(i.DCMI_GetFlagStatus), (40 bytes).
    Removing stm32f4xx_dcmi.o(i.DCMI_GetITStatus), (20 bytes).
    Removing stm32f4xx_dcmi.o(i.DCMI_ITConfig), (28 bytes).
    Removing stm32f4xx_dcmi.o(i.DCMI_Init), (60 bytes).
    Removing stm32f4xx_dcmi.o(i.DCMI_JPEGCmd), (28 bytes).
    Removing stm32f4xx_dcmi.o(i.DCMI_ReadData), (12 bytes).
    Removing stm32f4xx_dcmi.o(i.DCMI_SetEmbeddedSynchroCodes), (20 bytes).
    Removing stm32f4xx_dcmi.o(i.DCMI_StructInit), (18 bytes).
    Removing stm32f4xx_dma.o(.emb_text), (8 bytes).
    Removing stm32f4xx_dma.o(i.DMA_ClearFlag), (44 bytes).
    Removing stm32f4xx_dma.o(i.DMA_ClearITPendingBit), (44 bytes).
    Removing stm32f4xx_dma.o(i.DMA_DeInit), (292 bytes).
    Removing stm32f4xx_dma.o(i.DMA_DoubleBufferModeCmd), (20 bytes).
    Removing stm32f4xx_dma.o(i.DMA_DoubleBufferModeConfig), (22 bytes).
    Removing stm32f4xx_dma.o(i.DMA_FlowControllerConfig), (20 bytes).
    Removing stm32f4xx_dma.o(i.DMA_GetCmdStatus), (14 bytes).
    Removing stm32f4xx_dma.o(i.DMA_GetCurrDataCounter), (6 bytes).
    Removing stm32f4xx_dma.o(i.DMA_GetCurrentMemoryTarget), (14 bytes).
    Removing stm32f4xx_dma.o(i.DMA_GetFIFOStatus), (8 bytes).
    Removing stm32f4xx_dma.o(i.DMA_GetFlagStatus), (52 bytes).
    Removing stm32f4xx_dma.o(i.DMA_GetITStatus), (84 bytes).
    Removing stm32f4xx_dma.o(i.DMA_ITConfig), (52 bytes).
    Removing stm32f4xx_dma.o(i.DMA_MemoryTargetConfig), (10 bytes).
    Removing stm32f4xx_dma.o(i.DMA_PeriphIncOffsetSizeConfig), (20 bytes).
    Removing stm32f4xx_dma.o(i.DMA_SetCurrDataCounter), (4 bytes).
    Removing stm32f4xx_dma.o(i.DMA_StructInit), (34 bytes).
    Removing stm32f4xx_flash.o(.emb_text), (8 bytes).
    Removing stm32f4xx_flash.o(i.FLASH_ClearFlag), (12 bytes).
    Removing stm32f4xx_flash.o(i.FLASH_DataCacheCmd), (28 bytes).
    Removing stm32f4xx_flash.o(i.FLASH_DataCacheReset), (16 bytes).
    Removing stm32f4xx_flash.o(i.FLASH_EraseAllSectors), (92 bytes).
    Removing stm32f4xx_flash.o(i.FLASH_EraseSector), (108 bytes).
    Removing stm32f4xx_flash.o(i.FLASH_GetFlagStatus), (20 bytes).
    Removing stm32f4xx_flash.o(i.FLASH_GetStatus), (52 bytes).
    Removing stm32f4xx_flash.o(i.FLASH_ITConfig), (24 bytes).
    Removing stm32f4xx_flash.o(i.FLASH_InstructionCacheCmd), (28 bytes).
    Removing stm32f4xx_flash.o(i.FLASH_InstructionCacheReset), (16 bytes).
    Removing stm32f4xx_flash.o(i.FLASH_Lock), (16 bytes).
    Removing stm32f4xx_flash.o(i.FLASH_OB_BORConfig), (24 bytes).
    Removing stm32f4xx_flash.o(i.FLASH_OB_GetBOR), (16 bytes).
    Removing stm32f4xx_flash.o(i.FLASH_OB_GetRDP), (20 bytes).
    Removing stm32f4xx_flash.o(i.FLASH_OB_GetUser), (16 bytes).
    Removing stm32f4xx_flash.o(i.FLASH_OB_GetWRP), (12 bytes).
    Removing stm32f4xx_flash.o(i.FLASH_OB_Launch), (20 bytes).
    Removing stm32f4xx_flash.o(i.FLASH_OB_Lock), (16 bytes).
    Removing stm32f4xx_flash.o(i.FLASH_OB_RDPConfig), (24 bytes).
    Removing stm32f4xx_flash.o(i.FLASH_OB_Unlock), (36 bytes).
    Removing stm32f4xx_flash.o(i.FLASH_OB_UserConfig), (40 bytes).
    Removing stm32f4xx_flash.o(i.FLASH_OB_WRPConfig), (36 bytes).
    Removing stm32f4xx_flash.o(i.FLASH_PrefetchBufferCmd), (28 bytes).
    Removing stm32f4xx_flash.o(i.FLASH_ProgramByte), (56 bytes).
    Removing stm32f4xx_flash.o(i.FLASH_ProgramDoubleWord), (64 bytes).
    Removing stm32f4xx_flash.o(i.FLASH_ProgramHalfWord), (60 bytes).
    Removing stm32f4xx_flash.o(i.FLASH_ProgramWord), (60 bytes).
    Removing stm32f4xx_flash.o(i.FLASH_SetLatency), (12 bytes).
    Removing stm32f4xx_flash.o(i.FLASH_Unlock), (36 bytes).
    Removing stm32f4xx_flash.o(i.FLASH_WaitForLastOperation), (30 bytes).
    Removing stm32f4xx_hash.o(.emb_text), (8 bytes).
    Removing stm32f4xx_hash.o(i.HASH_ClearFlag), (12 bytes).
    Removing stm32f4xx_hash.o(i.HASH_ClearITPendingBit), (16 bytes).
    Removing stm32f4xx_hash.o(i.HASH_DMACmd), (28 bytes).
    Removing stm32f4xx_hash.o(i.HASH_DataIn), (12 bytes).
    Removing stm32f4xx_hash.o(i.HASH_DeInit), (22 bytes).
    Removing stm32f4xx_hash.o(i.HASH_GetDigest), (44 bytes).
    Removing stm32f4xx_hash.o(i.HASH_GetFlagStatus), (32 bytes).
    Removing stm32f4xx_hash.o(i.HASH_GetITStatus), (28 bytes).
    Removing stm32f4xx_hash.o(i.HASH_GetInFIFOWordsNbr), (16 bytes).
    Removing stm32f4xx_hash.o(i.HASH_ITConfig), (28 bytes).
    Removing stm32f4xx_hash.o(i.HASH_Init), (68 bytes).
    Removing stm32f4xx_hash.o(i.HASH_Reset), (16 bytes).
    Removing stm32f4xx_hash.o(i.HASH_RestoreContext), (64 bytes).
    Removing stm32f4xx_hash.o(i.HASH_SaveContext), (56 bytes).
    Removing stm32f4xx_hash.o(i.HASH_SetLastWordValidBitsNbr), (24 bytes).
    Removing stm32f4xx_hash.o(i.HASH_StartDigest), (16 bytes).
    Removing stm32f4xx_hash.o(i.HASH_StructInit), (12 bytes).
    Removing stm32f4xx_hash_md5.o(.emb_text), (8 bytes).
    Removing stm32f4xx_hash_md5.o(i.HASH_MD5), (158 bytes).
    Removing stm32f4xx_hash_md5.o(i.HMAC_MD5), (320 bytes).
    Removing stm32f4xx_hash_sha1.o(.emb_text), (8 bytes).
    Removing stm32f4xx_hash_sha1.o(i.HASH_SHA1), (164 bytes).
    Removing stm32f4xx_hash_sha1.o(i.HMAC_SHA1), (326 bytes).
    Removing stm32f4xx_i2c.o(.emb_text), (8 bytes).
    Removing stm32f4xx_i2c.o(i.I2C_ARPCmd), (20 bytes).
    Removing stm32f4xx_i2c.o(i.I2C_AcknowledgeConfig), (20 bytes).
    Removing stm32f4xx_i2c.o(i.I2C_CalculatePEC), (20 bytes).
    Removing stm32f4xx_i2c.o(i.I2C_CheckEvent), (24 bytes).
    Removing stm32f4xx_i2c.o(i.I2C_ClearFlag), (6 bytes).
    Removing stm32f4xx_i2c.o(i.I2C_ClearITPendingBit), (6 bytes).
    Removing stm32f4xx_i2c.o(i.I2C_Cmd), (20 bytes).
    Removing stm32f4xx_i2c.o(i.I2C_DMACmd), (20 bytes).
    Removing stm32f4xx_i2c.o(i.I2C_DMALastTransferCmd), (20 bytes).
    Removing stm32f4xx_i2c.o(i.I2C_DeInit), (68 bytes).
    Removing stm32f4xx_i2c.o(i.I2C_DualAddressCmd), (20 bytes).
    Removing stm32f4xx_i2c.o(i.I2C_FastModeDutyCycleConfig), (22 bytes).
    Removing stm32f4xx_i2c.o(i.I2C_GeneralCallCmd), (20 bytes).
    Removing stm32f4xx_i2c.o(i.I2C_GenerateSTART), (20 bytes).
    Removing stm32f4xx_i2c.o(i.I2C_GenerateSTOP), (20 bytes).
    Removing stm32f4xx_i2c.o(i.I2C_GetFlagStatus), (42 bytes).
    Removing stm32f4xx_i2c.o(i.I2C_GetITStatus), (36 bytes).
    Removing stm32f4xx_i2c.o(i.I2C_GetLastEvent), (14 bytes).
    Removing stm32f4xx_i2c.o(i.I2C_GetPEC), (6 bytes).
    Removing stm32f4xx_i2c.o(i.I2C_ITConfig), (16 bytes).
    Removing stm32f4xx_i2c.o(i.I2C_Init), (180 bytes).
    Removing stm32f4xx_i2c.o(i.I2C_NACKPositionConfig), (22 bytes).
    Removing stm32f4xx_i2c.o(i.I2C_OwnAddress2Config), (16 bytes).
    Removing stm32f4xx_i2c.o(i.I2C_PECPositionConfig), (22 bytes).
    Removing stm32f4xx_i2c.o(i.I2C_ReadRegister), (10 bytes).
    Removing stm32f4xx_i2c.o(i.I2C_ReceiveData), (6 bytes).
    Removing stm32f4xx_i2c.o(i.I2C_SMBusAlertConfig), (22 bytes).
    Removing stm32f4xx_i2c.o(i.I2C_Send7bitAddress), (16 bytes).
    Removing stm32f4xx_i2c.o(i.I2C_SendData), (4 bytes).
    Removing stm32f4xx_i2c.o(i.I2C_SoftwareResetCmd), (20 bytes).
    Removing stm32f4xx_i2c.o(i.I2C_StretchClockCmd), (20 bytes).
    Removing stm32f4xx_i2c.o(i.I2C_StructInit), (28 bytes).
    Removing stm32f4xx_i2c.o(i.I2C_TransmitPEC), (20 bytes).
    Removing stm32f4xx_iwdg.o(.emb_text), (8 bytes).
    Removing stm32f4xx_iwdg.o(i.IWDG_Enable), (16 bytes).
    Removing stm32f4xx_iwdg.o(i.IWDG_GetFlagStatus), (20 bytes).
    Removing stm32f4xx_iwdg.o(i.IWDG_ReloadCounter), (16 bytes).
    Removing stm32f4xx_iwdg.o(i.IWDG_SetPrescaler), (12 bytes).
    Removing stm32f4xx_iwdg.o(i.IWDG_SetReload), (12 bytes).
    Removing stm32f4xx_iwdg.o(i.IWDG_WriteAccessCmd), (12 bytes).
    Removing stm32f4xx_pwr.o(.emb_text), (8 bytes).
    Removing stm32f4xx_pwr.o(i.PWR_BackupAccessCmd), (12 bytes).
    Removing stm32f4xx_pwr.o(i.PWR_BackupRegulatorCmd), (12 bytes).
    Removing stm32f4xx_pwr.o(i.PWR_ClearFlag), (16 bytes).
    Removing stm32f4xx_pwr.o(i.PWR_DeInit), (24 bytes).
    Removing stm32f4xx_pwr.o(i.PWR_EnterSTANDBYMode), (40 bytes).
    Removing stm32f4xx_pwr.o(i.PWR_EnterSTOPMode), (52 bytes).
    Removing stm32f4xx_pwr.o(i.PWR_FlashPowerDownCmd), (12 bytes).
    Removing stm32f4xx_pwr.o(i.PWR_GetFlagStatus), (20 bytes).
    Removing stm32f4xx_pwr.o(i.PWR_MainRegulatorModeConfig), (28 bytes).
    Removing stm32f4xx_pwr.o(i.PWR_PVDCmd), (12 bytes).
    Removing stm32f4xx_pwr.o(i.PWR_PVDLevelConfig), (20 bytes).
    Removing stm32f4xx_pwr.o(i.PWR_WakeUpPinCmd), (12 bytes).
    Removing stm32f4xx_rng.o(.emb_text), (8 bytes).
    Removing stm32f4xx_rng.o(i.RNG_ClearFlag), (16 bytes).
    Removing stm32f4xx_rng.o(i.RNG_ClearITPendingBit), (16 bytes).
    Removing stm32f4xx_rng.o(i.RNG_Cmd), (28 bytes).
    Removing stm32f4xx_rng.o(i.RNG_DeInit), (22 bytes).
    Removing stm32f4xx_rng.o(i.RNG_GetFlagStatus), (20 bytes).
    Removing stm32f4xx_rng.o(i.RNG_GetITStatus), (20 bytes).
    Removing stm32f4xx_rng.o(i.RNG_GetRandomNumber), (12 bytes).
    Removing stm32f4xx_rng.o(i.RNG_ITConfig), (28 bytes).
    Removing stm32f4xx_rtc.o(.emb_text), (8 bytes).
    Removing stm32f4xx_rtc.o(i.RTC_AlarmCmd), (84 bytes).
    Removing stm32f4xx_rtc.o(i.RTC_AlarmStructInit), (20 bytes).
    Removing stm32f4xx_rtc.o(i.RTC_AlarmSubSecondConfig), (44 bytes).
    Removing stm32f4xx_rtc.o(i.RTC_Bcd2ToByte), (18 bytes).
    Removing stm32f4xx_rtc.o(i.RTC_BypassShadowCmd), (44 bytes).
    Removing stm32f4xx_rtc.o(i.RTC_ByteToBcd2), (24 bytes).
    Removing stm32f4xx_rtc.o(i.RTC_CalibOutputCmd), (44 bytes).
    Removing stm32f4xx_rtc.o(i.RTC_CalibOutputConfig), (40 bytes).
    Removing stm32f4xx_rtc.o(i.RTC_ClearFlag), (28 bytes).
    Removing stm32f4xx_rtc.o(i.RTC_ClearITPendingBit), (28 bytes).
    Removing stm32f4xx_rtc.o(i.RTC_CoarseCalibCmd), (60 bytes).
    Removing stm32f4xx_rtc.o(i.RTC_CoarseCalibConfig), (52 bytes).
    Removing stm32f4xx_rtc.o(i.RTC_DateStructInit), (14 bytes).
    Removing stm32f4xx_rtc.o(i.RTC_DayLightSavingConfig), (44 bytes).
    Removing stm32f4xx_rtc.o(i.RTC_DeInit), (152 bytes).
    Removing stm32f4xx_rtc.o(i.RTC_EnterInitMode), (60 bytes).
    Removing stm32f4xx_rtc.o(i.RTC_ExitInitMode), (16 bytes).
    Removing stm32f4xx_rtc.o(i.RTC_GetAlarm), (108 bytes).
    Removing stm32f4xx_rtc.o(i.RTC_GetAlarmSubSecond), (28 bytes).
    Removing stm32f4xx_rtc.o(i.RTC_GetDate), (72 bytes).
    Removing stm32f4xx_rtc.o(i.RTC_GetFlagStatus), (28 bytes).
    Removing stm32f4xx_rtc.o(i.RTC_GetITStatus), (56 bytes).
    Removing stm32f4xx_rtc.o(i.RTC_GetStoreOperation), (16 bytes).
    Removing stm32f4xx_rtc.o(i.RTC_GetSubSecond), (16 bytes).
    Removing stm32f4xx_rtc.o(i.RTC_GetTime), (76 bytes).
    Removing stm32f4xx_rtc.o(i.RTC_GetTimeStamp), (136 bytes).
    Removing stm32f4xx_rtc.o(i.RTC_GetTimeStampSubSecond), (12 bytes).
    Removing stm32f4xx_rtc.o(i.RTC_GetWakeUpCounter), (12 bytes).
    Removing stm32f4xx_rtc.o(i.RTC_ITConfig), (64 bytes).
    Removing stm32f4xx_rtc.o(i.RTC_Init), (80 bytes).
    Removing stm32f4xx_rtc.o(i.RTC_OutputConfig), (44 bytes).
    Removing stm32f4xx_rtc.o(i.RTC_OutputTypeConfig), (24 bytes).
    Removing stm32f4xx_rtc.o(i.RTC_ReadBackupRegister), (20 bytes).
    Removing stm32f4xx_rtc.o(i.RTC_RefClockCmd), (60 bytes).
    Removing stm32f4xx_rtc.o(i.RTC_SetAlarm), (164 bytes).
    Removing stm32f4xx_rtc.o(i.RTC_SetDate), (144 bytes).
    Removing stm32f4xx_rtc.o(i.RTC_SetTime), (152 bytes).
    Removing stm32f4xx_rtc.o(i.RTC_SetWakeUpCounter), (28 bytes).
    Removing stm32f4xx_rtc.o(i.RTC_SmoothCalibConfig), (76 bytes).
    Removing stm32f4xx_rtc.o(i.RTC_StructInit), (14 bytes).
    Removing stm32f4xx_rtc.o(i.RTC_SynchroShiftConfig), (88 bytes).
    Removing stm32f4xx_rtc.o(i.RTC_TamperCmd), (24 bytes).
    Removing stm32f4xx_rtc.o(i.RTC_TamperFilterConfig), (24 bytes).
    Removing stm32f4xx_rtc.o(i.RTC_TamperPinSelection), (24 bytes).
    Removing stm32f4xx_rtc.o(i.RTC_TamperPinsPrechargeDuration), (24 bytes).
    Removing stm32f4xx_rtc.o(i.RTC_TamperPullUpCmd), (28 bytes).
    Removing stm32f4xx_rtc.o(i.RTC_TamperSamplingFreqConfig), (24 bytes).
    Removing stm32f4xx_rtc.o(i.RTC_TamperTriggerConfig), (28 bytes).
    Removing stm32f4xx_rtc.o(i.RTC_TimeStampCmd), (48 bytes).
    Removing stm32f4xx_rtc.o(i.RTC_TimeStampOnTamperDetectionCmd), (28 bytes).
    Removing stm32f4xx_rtc.o(i.RTC_TimeStampPinSelection), (24 bytes).
    Removing stm32f4xx_rtc.o(i.RTC_TimeStructInit), (12 bytes).
    Removing stm32f4xx_rtc.o(i.RTC_WaitForSynchro), (76 bytes).
    Removing stm32f4xx_rtc.o(i.RTC_WakeUpClockConfig), (40 bytes).
    Removing stm32f4xx_rtc.o(i.RTC_WakeUpCmd), (88 bytes).
    Removing stm32f4xx_rtc.o(i.RTC_WriteBackupRegister), (20 bytes).
    Removing stm32f4xx_rtc.o(i.RTC_WriteProtectionCmd), (24 bytes).
    Removing stm32f4xx_sdio.o(.emb_text), (8 bytes).
    Removing stm32f4xx_sdio.o(i.SDIO_CEATAITCmd), (16 bytes).
    Removing stm32f4xx_sdio.o(i.SDIO_ClearFlag), (12 bytes).
    Removing stm32f4xx_sdio.o(i.SDIO_ClearITPendingBit), (12 bytes).
    Removing stm32f4xx_sdio.o(i.SDIO_ClockCmd), (12 bytes).
    Removing stm32f4xx_sdio.o(i.SDIO_CmdStructInit), (14 bytes).
    Removing stm32f4xx_sdio.o(i.SDIO_CommandCompletionCmd), (12 bytes).
    Removing stm32f4xx_sdio.o(i.SDIO_DMACmd), (12 bytes).
    Removing stm32f4xx_sdio.o(i.SDIO_DataConfig), (48 bytes).
    Removing stm32f4xx_sdio.o(i.SDIO_DataStructInit), (20 bytes).
    Removing stm32f4xx_sdio.o(i.SDIO_DeInit), (24 bytes).
    Removing stm32f4xx_sdio.o(i.SDIO_GetCommandResponse), (12 bytes).
    Removing stm32f4xx_sdio.o(i.SDIO_GetDataCounter), (12 bytes).
    Removing stm32f4xx_sdio.o(i.SDIO_GetFIFOCount), (12 bytes).
    Removing stm32f4xx_sdio.o(i.SDIO_GetFlagStatus), (20 bytes).
    Removing stm32f4xx_sdio.o(i.SDIO_GetITStatus), (20 bytes).
    Removing stm32f4xx_sdio.o(i.SDIO_GetPowerState), (16 bytes).
    Removing stm32f4xx_sdio.o(i.SDIO_GetResponse), (16 bytes).
    Removing stm32f4xx_sdio.o(i.SDIO_ITConfig), (24 bytes).
    Removing stm32f4xx_sdio.o(i.SDIO_Init), (44 bytes).
    Removing stm32f4xx_sdio.o(i.SDIO_ReadData), (12 bytes).
    Removing stm32f4xx_sdio.o(i.SDIO_SendCEATACmd), (12 bytes).
    Removing stm32f4xx_sdio.o(i.SDIO_SendCommand), (40 bytes).
    Removing stm32f4xx_sdio.o(i.SDIO_SendSDIOSuspendCmd), (12 bytes).
    Removing stm32f4xx_sdio.o(i.SDIO_SetPowerState), (12 bytes).
    Removing stm32f4xx_sdio.o(i.SDIO_SetSDIOOperation), (12 bytes).
    Removing stm32f4xx_sdio.o(i.SDIO_SetSDIOReadWaitMode), (12 bytes).
    Removing stm32f4xx_sdio.o(i.SDIO_StartSDIOReadWait), (12 bytes).
    Removing stm32f4xx_sdio.o(i.SDIO_StopSDIOReadWait), (12 bytes).
    Removing stm32f4xx_sdio.o(i.SDIO_StructInit), (16 bytes).
    Removing stm32f4xx_sdio.o(i.SDIO_WriteData), (12 bytes).
    Removing stm32f4xx_spi.o(.emb_text), (8 bytes).
    Removing stm32f4xx_spi.o(i.I2S_Cmd), (20 bytes).
    Removing stm32f4xx_spi.o(i.I2S_FullDuplexConfig), (58 bytes).
    Removing stm32f4xx_spi.o(i.I2S_Init), (200 bytes).
    Removing stm32f4xx_spi.o(i.I2S_StructInit), (18 bytes).
    Removing stm32f4xx_spi.o(i.SPI_BiDirectionalLineConfig), (22 bytes).
    Removing stm32f4xx_spi.o(i.SPI_CalculateCRC), (20 bytes).
    Removing stm32f4xx_spi.o(i.SPI_Cmd), (20 bytes).
    Removing stm32f4xx_spi.o(i.SPI_DataSizeConfig), (16 bytes).
    Removing stm32f4xx_spi.o(i.SPI_GetCRC), (12 bytes).
    Removing stm32f4xx_spi.o(i.SPI_GetCRCPolynomial), (4 bytes).
    Removing stm32f4xx_spi.o(i.SPI_I2S_ClearFlag), (6 bytes).
    Removing stm32f4xx_spi.o(i.SPI_I2S_ClearITPendingBit), (14 bytes).
    Removing stm32f4xx_spi.o(i.SPI_I2S_DMACmd), (16 bytes).
    Removing stm32f4xx_spi.o(i.SPI_I2S_DeInit), (84 bytes).
    Removing stm32f4xx_spi.o(i.SPI_I2S_GetFlagStatus), (14 bytes).
    Removing stm32f4xx_spi.o(i.SPI_I2S_GetITStatus), (42 bytes).
    Removing stm32f4xx_spi.o(i.SPI_I2S_ITConfig), (24 bytes).
    Removing stm32f4xx_spi.o(i.SPI_I2S_ReceiveData), (4 bytes).
    Removing stm32f4xx_spi.o(i.SPI_I2S_SendData), (4 bytes).
    Removing stm32f4xx_spi.o(i.SPI_Init), (56 bytes).
    Removing stm32f4xx_spi.o(i.SPI_NSSInternalSoftwareConfig), (24 bytes).
    Removing stm32f4xx_spi.o(i.SPI_SSOutputCmd), (20 bytes).
    Removing stm32f4xx_spi.o(i.SPI_StructInit), (24 bytes).
    Removing stm32f4xx_spi.o(i.SPI_TIModeCmd), (20 bytes).
    Removing stm32f4xx_spi.o(i.SPI_TransmitCRC), (10 bytes).
    Removing stm32f4xx_usart.o(.emb_text), (8 bytes).
    Removing stm32f4xx_usart.o(i.USART_ClearFlag), (6 bytes).
    Removing stm32f4xx_usart.o(i.USART_ClearITPendingBit), (12 bytes).
    Removing stm32f4xx_usart.o(i.USART_ClockInit), (28 bytes).
    Removing stm32f4xx_usart.o(i.USART_ClockStructInit), (12 bytes).
    Removing stm32f4xx_usart.o(i.USART_DMACmd), (16 bytes).
    Removing stm32f4xx_usart.o(i.USART_DeInit), (140 bytes).
    Removing stm32f4xx_usart.o(i.USART_GetITStatus), (62 bytes).
    Removing stm32f4xx_usart.o(i.USART_HalfDuplexCmd), (20 bytes).
    Removing stm32f4xx_usart.o(i.USART_IrDACmd), (20 bytes).
    Removing stm32f4xx_usart.o(i.USART_IrDAConfig), (16 bytes).
    Removing stm32f4xx_usart.o(i.USART_LINBreakDetectLengthConfig), (16 bytes).
    Removing stm32f4xx_usart.o(i.USART_LINCmd), (20 bytes).
    Removing stm32f4xx_usart.o(i.USART_OneBitMethodCmd), (20 bytes).
    Removing stm32f4xx_usart.o(i.USART_OverSampling8Cmd), (20 bytes).
    Removing stm32f4xx_usart.o(i.USART_ReceiverWakeUpCmd), (20 bytes).
    Removing stm32f4xx_usart.o(i.USART_SendBreak), (10 bytes).
    Removing stm32f4xx_usart.o(i.USART_SendData), (8 bytes).
    Removing stm32f4xx_usart.o(i.USART_SetAddress), (16 bytes).
    Removing stm32f4xx_usart.o(i.USART_SetGuardTime), (16 bytes).
    Removing stm32f4xx_usart.o(i.USART_SetPrescaler), (16 bytes).
    Removing stm32f4xx_usart.o(i.USART_SmartCardCmd), (20 bytes).
    Removing stm32f4xx_usart.o(i.USART_SmartCardNACKCmd), (20 bytes).
    Removing stm32f4xx_usart.o(i.USART_StructInit), (22 bytes).
    Removing stm32f4xx_usart.o(i.USART_WakeUpConfig), (16 bytes).
    Removing stm32f4xx_wwdg.o(.emb_text), (8 bytes).
    Removing stm32f4xx_wwdg.o(i.WWDG_ClearFlag), (12 bytes).
    Removing stm32f4xx_wwdg.o(i.WWDG_DeInit), (24 bytes).
    Removing stm32f4xx_wwdg.o(i.WWDG_Enable), (16 bytes).
    Removing stm32f4xx_wwdg.o(i.WWDG_EnableIT), (12 bytes).
    Removing stm32f4xx_wwdg.o(i.WWDG_GetFlagStatus), (20 bytes).
    Removing stm32f4xx_wwdg.o(i.WWDG_SetCounter), (16 bytes).
    Removing stm32f4xx_wwdg.o(i.WWDG_SetPrescaler), (20 bytes).
    Removing stm32f4xx_wwdg.o(i.WWDG_SetWindowValue), (28 bytes).
    Removing misc.o(.emb_text), (8 bytes).
    Removing misc.o(i.NVIC_SetVectorTable), (20 bytes).
    Removing misc.o(i.NVIC_SystemLPConfig), (24 bytes).
    Removing misc.o(i.SysTick_CLKSourceConfig), (24 bytes).
    Removing stm32f4xx_exti.o(.emb_text), (8 bytes).
    Removing stm32f4xx_exti.o(i.EXTI_ClearFlag), (12 bytes).
    Removing stm32f4xx_exti.o(i.EXTI_ClearITPendingBit), (12 bytes).
    Removing stm32f4xx_exti.o(i.EXTI_DeInit), (36 bytes).
    Removing stm32f4xx_exti.o(i.EXTI_GenerateSWInterrupt), (16 bytes).
    Removing stm32f4xx_exti.o(i.EXTI_GetFlagStatus), (20 bytes).
    Removing stm32f4xx_exti.o(i.EXTI_GetITStatus), (32 bytes).
    Removing stm32f4xx_exti.o(i.EXTI_StructInit), (14 bytes).
    Removing stm32f4xx_gpio.o(.emb_text), (8 bytes).
    Removing stm32f4xx_gpio.o(i.GPIO_DeInit), (228 bytes).
    Removing stm32f4xx_gpio.o(i.GPIO_PinLockConfig), (24 bytes).
    Removing stm32f4xx_gpio.o(i.GPIO_ReadInputData), (6 bytes).
    Removing stm32f4xx_gpio.o(i.GPIO_ReadInputDataBit), (14 bytes).
    Removing stm32f4xx_gpio.o(i.GPIO_ReadOutputData), (6 bytes).
    Removing stm32f4xx_gpio.o(i.GPIO_ReadOutputDataBit), (14 bytes).
    Removing stm32f4xx_gpio.o(i.GPIO_StructInit), (18 bytes).
    Removing stm32f4xx_gpio.o(i.GPIO_ToggleBits), (8 bytes).
    Removing stm32f4xx_gpio.o(i.GPIO_Write), (4 bytes).
    Removing stm32f4xx_gpio.o(i.GPIO_WriteBit), (10 bytes).
    Removing stm32f4xx_rcc.o(.emb_text), (8 bytes).
    Removing stm32f4xx_rcc.o(i.RCC_AHB1PeriphClockLPModeCmd), (24 bytes).
    Removing stm32f4xx_rcc.o(i.RCC_AHB1PeriphResetCmd), (24 bytes).
    Removing stm32f4xx_rcc.o(i.RCC_AHB2PeriphClockCmd), (24 bytes).
    Removing stm32f4xx_rcc.o(i.RCC_AHB2PeriphClockLPModeCmd), (24 bytes).
    Removing stm32f4xx_rcc.o(i.RCC_AHB2PeriphResetCmd), (24 bytes).
    Removing stm32f4xx_rcc.o(i.RCC_AHB3PeriphClockCmd), (24 bytes).
    Removing stm32f4xx_rcc.o(i.RCC_AHB3PeriphClockLPModeCmd), (24 bytes).
    Removing stm32f4xx_rcc.o(i.RCC_AHB3PeriphResetCmd), (24 bytes).
    Removing stm32f4xx_rcc.o(i.RCC_APB1PeriphClockLPModeCmd), (24 bytes).
    Removing stm32f4xx_rcc.o(i.RCC_APB1PeriphResetCmd), (24 bytes).
    Removing stm32f4xx_rcc.o(i.RCC_APB2PeriphClockLPModeCmd), (24 bytes).
    Removing stm32f4xx_rcc.o(i.RCC_APB2PeriphResetCmd), (24 bytes).
    Removing stm32f4xx_rcc.o(i.RCC_AdjustHSICalibrationValue), (20 bytes).
    Removing stm32f4xx_rcc.o(i.RCC_BackupResetCmd), (12 bytes).
    Removing stm32f4xx_rcc.o(i.RCC_ClearFlag), (16 bytes).
    Removing stm32f4xx_rcc.o(i.RCC_ClearITPendingBit), (12 bytes).
    Removing stm32f4xx_rcc.o(i.RCC_ClockSecuritySystemCmd), (12 bytes).
    Removing stm32f4xx_rcc.o(i.RCC_DeInit), (60 bytes).
    Removing stm32f4xx_rcc.o(i.RCC_GetFlagStatus), (52 bytes).
    Removing stm32f4xx_rcc.o(i.RCC_GetITStatus), (20 bytes).
    Removing stm32f4xx_rcc.o(i.RCC_GetSYSCLKSource), (16 bytes).
    Removing stm32f4xx_rcc.o(i.RCC_HCLKConfig), (20 bytes).
    Removing stm32f4xx_rcc.o(i.RCC_HSEConfig), (16 bytes).
    Removing stm32f4xx_rcc.o(i.RCC_HSICmd), (12 bytes).
    Removing stm32f4xx_rcc.o(i.RCC_I2SCLKConfig), (12 bytes).
    Removing stm32f4xx_rcc.o(i.RCC_ITConfig), (24 bytes).
    Removing stm32f4xx_rcc.o(i.RCC_LSEConfig), (28 bytes).
    Removing stm32f4xx_rcc.o(i.RCC_LSICmd), (12 bytes).
    Removing stm32f4xx_rcc.o(i.RCC_MCO1Config), (20 bytes).
    Removing stm32f4xx_rcc.o(i.RCC_MCO2Config), (20 bytes).
    Removing stm32f4xx_rcc.o(i.RCC_PCLK1Config), (20 bytes).
    Removing stm32f4xx_rcc.o(i.RCC_PCLK2Config), (20 bytes).
    Removing stm32f4xx_rcc.o(i.RCC_PLLCmd), (12 bytes).
    Removing stm32f4xx_rcc.o(i.RCC_PLLConfig), (40 bytes).
    Removing stm32f4xx_rcc.o(i.RCC_PLLI2SCmd), (12 bytes).
    Removing stm32f4xx_rcc.o(i.RCC_PLLI2SConfig), (16 bytes).
    Removing stm32f4xx_rcc.o(i.RCC_RTCCLKCmd), (12 bytes).
    Removing stm32f4xx_rcc.o(i.RCC_RTCCLKConfig), (48 bytes).
    Removing stm32f4xx_rcc.o(i.RCC_SYSCLKConfig), (20 bytes).
    Removing stm32f4xx_rcc.o(i.RCC_WaitForHSEStartUp), (44 bytes).
    Removing stm32f4xx_syscfg.o(.emb_text), (8 bytes).
    Removing stm32f4xx_syscfg.o(i.SYSCFG_CompensationCellCmd), (12 bytes).
    Removing stm32f4xx_syscfg.o(i.SYSCFG_DeInit), (24 bytes).
    Removing stm32f4xx_syscfg.o(i.SYSCFG_ETH_MediaInterfaceConfig), (12 bytes).
    Removing stm32f4xx_syscfg.o(i.SYSCFG_GetCompensationCellStatus), (20 bytes).
    Removing stm32f4xx_syscfg.o(i.SYSCFG_MemoryRemapConfig), (12 bytes).
    Removing stm32f4xx_tim.o(.emb_text), (8 bytes).
    Removing stm32f4xx_tim.o(i.TI1_Config), (46 bytes).
    Removing stm32f4xx_tim.o(i.TI2_Config), (54 bytes).
    Removing stm32f4xx_tim.o(i.TIM_BDTRConfig), (34 bytes).
    Removing stm32f4xx_tim.o(i.TIM_BDTRStructInit), (18 bytes).
    Removing stm32f4xx_tim.o(i.TIM_CCPreloadControl), (20 bytes).
    Removing stm32f4xx_tim.o(i.TIM_CCxCmd), (22 bytes).
    Removing stm32f4xx_tim.o(i.TIM_CCxNCmd), (22 bytes).
    Removing stm32f4xx_tim.o(i.TIM_ClearFlag), (6 bytes).
    Removing stm32f4xx_tim.o(i.TIM_ClearOC1Ref), (12 bytes).
    Removing stm32f4xx_tim.o(i.TIM_ClearOC2Ref), (20 bytes).
    Removing stm32f4xx_tim.o(i.TIM_ClearOC3Ref), (12 bytes).
    Removing stm32f4xx_tim.o(i.TIM_ClearOC4Ref), (20 bytes).
    Removing stm32f4xx_tim.o(i.TIM_CounterModeConfig), (12 bytes).
    Removing stm32f4xx_tim.o(i.TIM_DMACmd), (16 bytes).
    Removing stm32f4xx_tim.o(i.TIM_DMAConfig), (8 bytes).
    Removing stm32f4xx_tim.o(i.TIM_DeInit), (336 bytes).
    Removing stm32f4xx_tim.o(i.TIM_ETRClockMode1Config), (18 bytes).
    Removing stm32f4xx_tim.o(i.TIM_ETRClockMode2Config), (18 bytes).
    Removing stm32f4xx_tim.o(i.TIM_ETRConfig), (24 bytes).
    Removing stm32f4xx_tim.o(i.TIM_EncoderInterfaceConfig), (50 bytes).
    Removing stm32f4xx_tim.o(i.TIM_ForcedOC1Config), (12 bytes).
    Removing stm32f4xx_tim.o(i.TIM_ForcedOC2Config), (20 bytes).
    Removing stm32f4xx_tim.o(i.TIM_ForcedOC3Config), (12 bytes).
    Removing stm32f4xx_tim.o(i.TIM_ForcedOC4Config), (20 bytes).
    Removing stm32f4xx_tim.o(i.TIM_GenerateEvent), (4 bytes).
    Removing stm32f4xx_tim.o(i.TIM_GetCapture1), (4 bytes).
    Removing stm32f4xx_tim.o(i.TIM_GetCapture2), (4 bytes).
    Removing stm32f4xx_tim.o(i.TIM_GetCapture3), (4 bytes).
    Removing stm32f4xx_tim.o(i.TIM_GetCapture4), (4 bytes).
    Removing stm32f4xx_tim.o(i.TIM_GetCounter), (4 bytes).
    Removing stm32f4xx_tim.o(i.TIM_GetFlagStatus), (14 bytes).
    Removing stm32f4xx_tim.o(i.TIM_GetPrescaler), (4 bytes).
    Removing stm32f4xx_tim.o(i.TIM_ICInit), (172 bytes).
    Removing stm32f4xx_tim.o(i.TIM_ICStructInit), (16 bytes).
    Removing stm32f4xx_tim.o(i.TIM_ITRxExternalClockConfig), (18 bytes).
    Removing stm32f4xx_tim.o(i.TIM_InternalClockConfig), (10 bytes).
    Removing stm32f4xx_tim.o(i.TIM_OC1FastConfig), (12 bytes).
    Removing stm32f4xx_tim.o(i.TIM_OC1NPolarityConfig), (12 bytes).
    Removing stm32f4xx_tim.o(i.TIM_OC1PolarityConfig), (12 bytes).
    Removing stm32f4xx_tim.o(i.TIM_OC1PreloadConfig), (12 bytes).
    Removing stm32f4xx_tim.o(i.TIM_OC2FastConfig), (20 bytes).
    Removing stm32f4xx_tim.o(i.TIM_OC2NPolarityConfig), (20 bytes).
    Removing stm32f4xx_tim.o(i.TIM_OC2PolarityConfig), (20 bytes).
    Removing stm32f4xx_tim.o(i.TIM_OC2PreloadConfig), (20 bytes).
    Removing stm32f4xx_tim.o(i.TIM_OC3FastConfig), (12 bytes).
    Removing stm32f4xx_tim.o(i.TIM_OC3NPolarityConfig), (20 bytes).
    Removing stm32f4xx_tim.o(i.TIM_OC3PolarityConfig), (20 bytes).
    Removing stm32f4xx_tim.o(i.TIM_OC4FastConfig), (20 bytes).
    Removing stm32f4xx_tim.o(i.TIM_OC4Init), (96 bytes).
    Removing stm32f4xx_tim.o(i.TIM_OC4PolarityConfig), (20 bytes).
    Removing stm32f4xx_tim.o(i.TIM_OC4PreloadConfig), (20 bytes).
    Removing stm32f4xx_tim.o(i.TIM_OCStructInit), (20 bytes).
    Removing stm32f4xx_tim.o(i.TIM_PWMIConfig), (108 bytes).
    Removing stm32f4xx_tim.o(i.TIM_PrescalerConfig), (6 bytes).
    Removing stm32f4xx_tim.o(i.TIM_RemapConfig), (6 bytes).
    Removing stm32f4xx_tim.o(i.TIM_SelectCCDMA), (20 bytes).
    Removing stm32f4xx_tim.o(i.TIM_SelectCOM), (20 bytes).
    Removing stm32f4xx_tim.o(i.TIM_SelectHallSensor), (20 bytes).
    Removing stm32f4xx_tim.o(i.TIM_SelectInputTrigger), (12 bytes).
    Removing stm32f4xx_tim.o(i.TIM_SelectMasterSlaveMode), (16 bytes).
    Removing stm32f4xx_tim.o(i.TIM_SelectOCxM), (74 bytes).
    Removing stm32f4xx_tim.o(i.TIM_SelectOnePulseMode), (16 bytes).
    Removing stm32f4xx_tim.o(i.TIM_SelectOutputTrigger), (16 bytes).
    Removing stm32f4xx_tim.o(i.TIM_SelectSlaveMode), (16 bytes).
    Removing stm32f4xx_tim.o(i.TIM_SetAutoreload), (4 bytes).
    Removing stm32f4xx_tim.o(i.TIM_SetClockDivision), (16 bytes).
    Removing stm32f4xx_tim.o(i.TIM_SetCompare1), (4 bytes).
    Removing stm32f4xx_tim.o(i.TIM_SetCompare2), (4 bytes).
    Removing stm32f4xx_tim.o(i.TIM_SetCompare3), (4 bytes).
    Removing stm32f4xx_tim.o(i.TIM_SetCompare4), (4 bytes).
    Removing stm32f4xx_tim.o(i.TIM_SetCounter), (4 bytes).
    Removing stm32f4xx_tim.o(i.TIM_SetIC1Prescaler), (16 bytes).
    Removing stm32f4xx_tim.o(i.TIM_SetIC2Prescaler), (24 bytes).
    Removing stm32f4xx_tim.o(i.TIM_SetIC3Prescaler), (16 bytes).
    Removing stm32f4xx_tim.o(i.TIM_SetIC4Prescaler), (24 bytes).
    Removing stm32f4xx_tim.o(i.TIM_TIxExternalClockConfig), (46 bytes).
    Removing stm32f4xx_tim.o(i.TIM_TimeBaseStructInit), (18 bytes).
    Removing stm32f4xx_tim.o(i.TIM_UpdateDisableConfig), (20 bytes).
    Removing stm32f4xx_tim.o(i.TIM_UpdateRequestConfig), (20 bytes).
    Removing startup_stm32f4xx.o(HEAP), (512 bytes).

617 unused section(s) (total 21197 bytes) removed from the image.

==============================================================================

Image Symbol Table

    Local Symbols

    Symbol Name                              Value     Ov Type        Size  Object(Section)

    ../clib/microlib/init/entry.s            0x00000000   Number         0  entry9b.o ABSOLUTE
    ../clib/microlib/init/entry.s            0x00000000   Number         0  entry9a.o ABSOLUTE
    ../clib/microlib/init/entry.s            0x00000000   Number         0  entry8b.o ABSOLUTE
    ../clib/microlib/init/entry.s            0x00000000   Number         0  entry2.o ABSOLUTE
    ../clib/microlib/init/entry.s            0x00000000   Number         0  entry10a.o ABSOLUTE
    ../clib/microlib/init/entry.s            0x00000000   Number         0  entry8a.o ABSOLUTE
    ../clib/microlib/init/entry.s            0x00000000   Number         0  entry10b.o ABSOLUTE
    ../clib/microlib/init/entry.s            0x00000000   Number         0  entry7b.o ABSOLUTE
    ../clib/microlib/init/entry.s            0x00000000   Number         0  entry7a.o ABSOLUTE
    ../clib/microlib/init/entry.s            0x00000000   Number         0  entry11a.o ABSOLUTE
    ../clib/microlib/init/entry.s            0x00000000   Number         0  entry5.o ABSOLUTE
    ../clib/microlib/init/entry.s            0x00000000   Number         0  entry11b.o ABSOLUTE
    ../clib/microlib/init/entry.s            0x00000000   Number         0  entry.o ABSOLUTE
    ../clib/microlib/string/memcpy.c         0x00000000   Number         0  memcpya.o ABSOLUTE
    ../clib/microlib/string/memcpy.c         0x00000000   Number         0  memcpyb.o ABSOLUTE
    ../clib/microlib/stubs.s                 0x00000000   Number         0  useno.o ABSOLUTE
    ..\..\..\Libraries\CMSIS\ST\STM32F4xx\Source\Templates\arm\startup_stm32f4xx.s 0x00000000   Number         0  startup_stm32f4xx.o ABSOLUTE
    ..\..\..\Libraries\STM32F4xx_StdPeriph_Driver\src\misc.c 0x00000000   Number         0  misc.o ABSOLUTE
    ..\..\..\Libraries\STM32F4xx_StdPeriph_Driver\src\stm32f4xx_adc.c 0x00000000   Number         0  stm32f4xx_adc.o ABSOLUTE
    ..\..\..\Libraries\STM32F4xx_StdPeriph_Driver\src\stm32f4xx_can.c 0x00000000   Number         0  stm32f4xx_can.o ABSOLUTE
    ..\..\..\Libraries\STM32F4xx_StdPeriph_Driver\src\stm32f4xx_crc.c 0x00000000   Number         0  stm32f4xx_crc.o ABSOLUTE
    ..\..\..\Libraries\STM32F4xx_StdPeriph_Driver\src\stm32f4xx_cryp.c 0x00000000   Number         0  stm32f4xx_cryp.o ABSOLUTE
    ..\..\..\Libraries\STM32F4xx_StdPeriph_Driver\src\stm32f4xx_cryp_aes.c 0x00000000   Number         0  stm32f4xx_cryp_aes.o ABSOLUTE
    ..\..\..\Libraries\STM32F4xx_StdPeriph_Driver\src\stm32f4xx_cryp_des.c 0x00000000   Number         0  stm32f4xx_cryp_des.o ABSOLUTE
    ..\..\..\Libraries\STM32F4xx_StdPeriph_Driver\src\stm32f4xx_cryp_tdes.c 0x00000000   Number         0  stm32f4xx_cryp_tdes.o ABSOLUTE
    ..\..\..\Libraries\STM32F4xx_StdPeriph_Driver\src\stm32f4xx_dac.c 0x00000000   Number         0  stm32f4xx_dac.o ABSOLUTE
    ..\..\..\Libraries\STM32F4xx_StdPeriph_Driver\src\stm32f4xx_dbgmcu.c 0x00000000   Number         0  stm32f4xx_dbgmcu.o ABSOLUTE
    ..\..\..\Libraries\STM32F4xx_StdPeriph_Driver\src\stm32f4xx_dcmi.c 0x00000000   Number         0  stm32f4xx_dcmi.o ABSOLUTE
    ..\..\..\Libraries\STM32F4xx_StdPeriph_Driver\src\stm32f4xx_dma.c 0x00000000   Number         0  stm32f4xx_dma.o ABSOLUTE
    ..\..\..\Libraries\STM32F4xx_StdPeriph_Driver\src\stm32f4xx_exti.c 0x00000000   Number         0  stm32f4xx_exti.o ABSOLUTE
    ..\..\..\Libraries\STM32F4xx_StdPeriph_Driver\src\stm32f4xx_flash.c 0x00000000   Number         0  stm32f4xx_flash.o ABSOLUTE
    ..\..\..\Libraries\STM32F4xx_StdPeriph_Driver\src\stm32f4xx_gpio.c 0x00000000   Number         0  stm32f4xx_gpio.o ABSOLUTE
    ..\..\..\Libraries\STM32F4xx_StdPeriph_Driver\src\stm32f4xx_hash.c 0x00000000   Number         0  stm32f4xx_hash.o ABSOLUTE
    ..\..\..\Libraries\STM32F4xx_StdPeriph_Driver\src\stm32f4xx_hash_md5.c 0x00000000   Number         0  stm32f4xx_hash_md5.o ABSOLUTE
    ..\..\..\Libraries\STM32F4xx_StdPeriph_Driver\src\stm32f4xx_hash_sha1.c 0x00000000   Number         0  stm32f4xx_hash_sha1.o ABSOLUTE
    ..\..\..\Libraries\STM32F4xx_StdPeriph_Driver\src\stm32f4xx_i2c.c 0x00000000   Number         0  stm32f4xx_i2c.o ABSOLUTE
    ..\..\..\Libraries\STM32F4xx_StdPeriph_Driver\src\stm32f4xx_iwdg.c 0x00000000   Number         0  stm32f4xx_iwdg.o ABSOLUTE
    ..\..\..\Libraries\STM32F4xx_StdPeriph_Driver\src\stm32f4xx_pwr.c 0x00000000   Number         0  stm32f4xx_pwr.o ABSOLUTE
    ..\..\..\Libraries\STM32F4xx_StdPeriph_Driver\src\stm32f4xx_rcc.c 0x00000000   Number         0  stm32f4xx_rcc.o ABSOLUTE
    ..\..\..\Libraries\STM32F4xx_StdPeriph_Driver\src\stm32f4xx_rng.c 0x00000000   Number         0  stm32f4xx_rng.o ABSOLUTE
    ..\..\..\Libraries\STM32F4xx_StdPeriph_Driver\src\stm32f4xx_rtc.c 0x00000000   Number         0  stm32f4xx_rtc.o ABSOLUTE
    ..\..\..\Libraries\STM32F4xx_StdPeriph_Driver\src\stm32f4xx_sdio.c 0x00000000   Number         0  stm32f4xx_sdio.o ABSOLUTE
    ..\..\..\Libraries\STM32F4xx_StdPeriph_Driver\src\stm32f4xx_spi.c 0x00000000   Number         0  stm32f4xx_spi.o ABSOLUTE
    ..\..\..\Libraries\STM32F4xx_StdPeriph_Driver\src\stm32f4xx_syscfg.c 0x00000000   Number         0  stm32f4xx_syscfg.o ABSOLUTE
    ..\..\..\Libraries\STM32F4xx_StdPeriph_Driver\src\stm32f4xx_tim.c 0x00000000   Number         0  stm32f4xx_tim.o ABSOLUTE
    ..\..\..\Libraries\STM32F4xx_StdPeriph_Driver\src\stm32f4xx_usart.c 0x00000000   Number         0  stm32f4xx_usart.o ABSOLUTE
    ..\..\..\Libraries\STM32F4xx_StdPeriph_Driver\src\stm32f4xx_wwdg.c 0x00000000   Number         0  stm32f4xx_wwdg.o ABSOLUTE
    ..\..\..\Utilities\STM32F4-Discovery\stm32f4_discovery.c 0x00000000   Number         0  stm32f4_discovery.o ABSOLUTE
    ..\User\adc.c                            0x00000000   Number         0  adc.o ABSOLUTE
    ..\User\adc_dma.c                        0x00000000   Number         0  adc_dma.o ABSOLUTE
    ..\User\common.c                         0x00000000   Number         0  common.o ABSOLUTE
    ..\User\infrared.c                       0x00000000   Number         0  infrared.o ABSOLUTE
    ..\User\main.c                           0x00000000   Number         0  main.o ABSOLUTE
    ..\User\motor.c                          0x00000000   Number         0  motor.o ABSOLUTE
    ..\User\pwm.c                            0x00000000   Number         0  pwm.o ABSOLUTE
    ..\User\stm32f4xx_it.c                   0x00000000   Number         0  stm32f4xx_it.o ABSOLUTE
    ..\User\strategy.c                       0x00000000   Number         0  strategy.o ABSOLUTE
    ..\User\system_stm32f4xx.c               0x00000000   Number         0  system_stm32f4xx.o ABSOLUTE
    ..\User\timer.c                          0x00000000   Number         0  timer.o ABSOLUTE
    ..\User\usart.c                          0x00000000   Number         0  usart.o ABSOLUTE
    ..\\..\\..\\Libraries\\STM32F4xx_StdPeriph_Driver\\src\\misc.c 0x00000000   Number         0  misc.o ABSOLUTE
    ..\\..\\..\\Libraries\\STM32F4xx_StdPeriph_Driver\\src\\stm32f4xx_adc.c 0x00000000   Number         0  stm32f4xx_adc.o ABSOLUTE
    ..\\..\\..\\Libraries\\STM32F4xx_StdPeriph_Driver\\src\\stm32f4xx_can.c 0x00000000   Number         0  stm32f4xx_can.o ABSOLUTE
    ..\\..\\..\\Libraries\\STM32F4xx_StdPeriph_Driver\\src\\stm32f4xx_crc.c 0x00000000   Number         0  stm32f4xx_crc.o ABSOLUTE
    ..\\..\\..\\Libraries\\STM32F4xx_StdPeriph_Driver\\src\\stm32f4xx_cryp.c 0x00000000   Number         0  stm32f4xx_cryp.o ABSOLUTE
    ..\\..\\..\\Libraries\\STM32F4xx_StdPeriph_Driver\\src\\stm32f4xx_cryp_aes.c 0x00000000   Number         0  stm32f4xx_cryp_aes.o ABSOLUTE
    ..\\..\\..\\Libraries\\STM32F4xx_StdPeriph_Driver\\src\\stm32f4xx_cryp_des.c 0x00000000   Number         0  stm32f4xx_cryp_des.o ABSOLUTE
    ..\\..\\..\\Libraries\\STM32F4xx_StdPeriph_Driver\\src\\stm32f4xx_cryp_tdes.c 0x00000000   Number         0  stm32f4xx_cryp_tdes.o ABSOLUTE
    ..\\..\\..\\Libraries\\STM32F4xx_StdPeriph_Driver\\src\\stm32f4xx_dac.c 0x00000000   Number         0  stm32f4xx_dac.o ABSOLUTE
    ..\\..\\..\\Libraries\\STM32F4xx_StdPeriph_Driver\\src\\stm32f4xx_dbgmcu.c 0x00000000   Number         0  stm32f4xx_dbgmcu.o ABSOLUTE
    ..\\..\\..\\Libraries\\STM32F4xx_StdPeriph_Driver\\src\\stm32f4xx_dcmi.c 0x00000000   Number         0  stm32f4xx_dcmi.o ABSOLUTE
    ..\\..\\..\\Libraries\\STM32F4xx_StdPeriph_Driver\\src\\stm32f4xx_dma.c 0x00000000   Number         0  stm32f4xx_dma.o ABSOLUTE
    ..\\..\\..\\Libraries\\STM32F4xx_StdPeriph_Driver\\src\\stm32f4xx_exti.c 0x00000000   Number         0  stm32f4xx_exti.o ABSOLUTE
    ..\\..\\..\\Libraries\\STM32F4xx_StdPeriph_Driver\\src\\stm32f4xx_flash.c 0x00000000   Number         0  stm32f4xx_flash.o ABSOLUTE
    ..\\..\\..\\Libraries\\STM32F4xx_StdPeriph_Driver\\src\\stm32f4xx_gpio.c 0x00000000   Number         0  stm32f4xx_gpio.o ABSOLUTE
    ..\\..\\..\\Libraries\\STM32F4xx_StdPeriph_Driver\\src\\stm32f4xx_hash.c 0x00000000   Number         0  stm32f4xx_hash.o ABSOLUTE
    ..\\..\\..\\Libraries\\STM32F4xx_StdPeriph_Driver\\src\\stm32f4xx_hash_md5.c 0x00000000   Number         0  stm32f4xx_hash_md5.o ABSOLUTE
    ..\\..\\..\\Libraries\\STM32F4xx_StdPeriph_Driver\\src\\stm32f4xx_hash_sha1.c 0x00000000   Number         0  stm32f4xx_hash_sha1.o ABSOLUTE
    ..\\..\\..\\Libraries\\STM32F4xx_StdPeriph_Driver\\src\\stm32f4xx_i2c.c 0x00000000   Number         0  stm32f4xx_i2c.o ABSOLUTE
    ..\\..\\..\\Libraries\\STM32F4xx_StdPeriph_Driver\\src\\stm32f4xx_iwdg.c 0x00000000   Number         0  stm32f4xx_iwdg.o ABSOLUTE
    ..\\..\\..\\Libraries\\STM32F4xx_StdPeriph_Driver\\src\\stm32f4xx_pwr.c 0x00000000   Number         0  stm32f4xx_pwr.o ABSOLUTE
    ..\\..\\..\\Libraries\\STM32F4xx_StdPeriph_Driver\\src\\stm32f4xx_rcc.c 0x00000000   Number         0  stm32f4xx_rcc.o ABSOLUTE
    ..\\..\\..\\Libraries\\STM32F4xx_StdPeriph_Driver\\src\\stm32f4xx_rng.c 0x00000000   Number         0  stm32f4xx_rng.o ABSOLUTE
    ..\\..\\..\\Libraries\\STM32F4xx_StdPeriph_Driver\\src\\stm32f4xx_rtc.c 0x00000000   Number         0  stm32f4xx_rtc.o ABSOLUTE
    ..\\..\\..\\Libraries\\STM32F4xx_StdPeriph_Driver\\src\\stm32f4xx_sdio.c 0x00000000   Number         0  stm32f4xx_sdio.o ABSOLUTE
    ..\\..\\..\\Libraries\\STM32F4xx_StdPeriph_Driver\\src\\stm32f4xx_spi.c 0x00000000   Number         0  stm32f4xx_spi.o ABSOLUTE
    ..\\..\\..\\Libraries\\STM32F4xx_StdPeriph_Driver\\src\\stm32f4xx_syscfg.c 0x00000000   Number         0  stm32f4xx_syscfg.o ABSOLUTE
    ..\\..\\..\\Libraries\\STM32F4xx_StdPeriph_Driver\\src\\stm32f4xx_tim.c 0x00000000   Number         0  stm32f4xx_tim.o ABSOLUTE
    ..\\..\\..\\Libraries\\STM32F4xx_StdPeriph_Driver\\src\\stm32f4xx_usart.c 0x00000000   Number         0  stm32f4xx_usart.o ABSOLUTE
    ..\\..\\..\\Libraries\\STM32F4xx_StdPeriph_Driver\\src\\stm32f4xx_wwdg.c 0x00000000   Number         0  stm32f4xx_wwdg.o ABSOLUTE
    ..\\..\\..\\Utilities\\STM32F4-Discovery\\stm32f4_discovery.c 0x00000000   Number         0  stm32f4_discovery.o ABSOLUTE
    ..\\User\\adc.c                          0x00000000   Number         0  adc.o ABSOLUTE
    ..\\User\\adc_dma.c                      0x00000000   Number         0  adc_dma.o ABSOLUTE
    ..\\User\\common.c                       0x00000000   Number         0  common.o ABSOLUTE
    ..\\User\\infrared.c                     0x00000000   Number         0  infrared.o ABSOLUTE
    ..\\User\\main.c                         0x00000000   Number         0  main.o ABSOLUTE
    ..\\User\\motor.c                        0x00000000   Number         0  motor.o ABSOLUTE
    ..\\User\\pwm.c                          0x00000000   Number         0  pwm.o ABSOLUTE
    ..\\User\\stm32f4xx_it.c                 0x00000000   Number         0  stm32f4xx_it.o ABSOLUTE
    ..\\User\\strategy.c                     0x00000000   Number         0  strategy.o ABSOLUTE
    ..\\User\\system_stm32f4xx.c             0x00000000   Number         0  system_stm32f4xx.o ABSOLUTE
    ..\\User\\timer.c                        0x00000000   Number         0  timer.o ABSOLUTE
    ..\\User\\usart.c                        0x00000000   Number         0  usart.o ABSOLUTE
    dc.s                                     0x00000000   Number         0  dc.o ABSOLUTE
    handlers.s                               0x00000000   Number         0  handlers.o ABSOLUTE
    init.s                                   0x00000000   Number         0  init.o ABSOLUTE
    RESET                                    0x08000000   Section      392  startup_stm32f4xx.o(RESET)
    .ARM.Collect$$$$00000000                 0x08000188   Section        0  entry.o(.ARM.Collect$$$$00000000)
    .ARM.Collect$$$$00000001                 0x08000188   Section        4  entry2.o(.ARM.Collect$$$$00000001)
    .ARM.Collect$$$$00000004                 0x0800018c   Section        4  entry5.o(.ARM.Collect$$$$00000004)
    .ARM.Collect$$$$00000008                 0x08000190   Section        0  entry7b.o(.ARM.Collect$$$$00000008)
    .ARM.Collect$$$$0000000A                 0x08000190   Section        0  entry8b.o(.ARM.Collect$$$$0000000A)
    .ARM.Collect$$$$0000000B                 0x08000190   Section        8  entry9a.o(.ARM.Collect$$$$0000000B)
    .ARM.Collect$$$$0000000D                 0x08000198   Section        0  entry10a.o(.ARM.Collect$$$$0000000D)
    .ARM.Collect$$$$0000000F                 0x08000198   Section        0  entry11a.o(.ARM.Collect$$$$0000000F)
    .ARM.Collect$$$$00002712                 0x08000198   Section        4  entry2.o(.ARM.Collect$$$$00002712)
    __lit__00000000                          0x08000198   Data           4  entry2.o(.ARM.Collect$$$$00002712)
    .text                                    0x0800019c   Section       36  startup_stm32f4xx.o(.text)
    $v0                                      0x0800019c   Number         0  startup_stm32f4xx.o(.text)
    .text                                    0x080001c0   Section        0  memcpya.o(.text)
    .text                                    0x080001e4   Section       36  init.o(.text)
    i.ADC1_CH4_CH5_DMA_Config                0x08000208   Section        0  adc_dma.o(i.ADC1_CH4_CH5_DMA_Config)
    i.ADC3_CH12_DMA_Config                   0x080002e8   Section        0  adc_dma.o(i.ADC3_CH12_DMA_Config)
    i.ADC_Cmd                                0x080003bc   Section        0  stm32f4xx_adc.o(i.ADC_Cmd)
    i.ADC_CommonInit                         0x080003d0   Section        0  stm32f4xx_adc.o(i.ADC_CommonInit)
    i.ADC_DMACmd                             0x080003f8   Section        0  stm32f4xx_adc.o(i.ADC_DMACmd)
    i.ADC_DMARequestAfterLastTransferCmd     0x0800040c   Section        0  stm32f4xx_adc.o(i.ADC_DMARequestAfterLastTransferCmd)
    i.ADC_Init                               0x08000420   Section        0  stm32f4xx_adc.o(i.ADC_Init)
    i.ADC_RegularChannelConfig               0x0800046c   Section        0  stm32f4xx_adc.o(i.ADC_RegularChannelConfig)
    i.ADC_SoftwareStartConv                  0x080004e0   Section        0  stm32f4xx_adc.o(i.ADC_SoftwareStartConv)
    i.BusFault_Handler                       0x080004ea   Section        0  stm32f4xx_it.o(i.BusFault_Handler)
    i.DMA_Cmd                                0x080004ec   Section        0  stm32f4xx_dma.o(i.DMA_Cmd)
    i.DMA_Init                               0x08000500   Section        0  stm32f4xx_dma.o(i.DMA_Init)
    i.DebugMon_Handler                       0x08000554   Section        0  stm32f4xx_it.o(i.DebugMon_Handler)
    i.Delay                                  0x08000556   Section        0  common.o(i.Delay)
    i.EXTI9_5_IRQHandler                     0x08000566   Section        0  stm32f4xx_it.o(i.EXTI9_5_IRQHandler)
    i.EXTI_Init                              0x08000568   Section        0  stm32f4xx_exti.o(i.EXTI_Init)
    i.GPIO_Init                              0x080005d8   Section        0  stm32f4xx_gpio.o(i.GPIO_Init)
    i.GPIO_PinAFConfig                       0x0800067a   Section        0  stm32f4xx_gpio.o(i.GPIO_PinAFConfig)
    i.GPIO_ResetBits                         0x0800069a   Section        0  stm32f4xx_gpio.o(i.GPIO_ResetBits)
    i.GPIO_SetBits                           0x0800069e   Section        0  stm32f4xx_gpio.o(i.GPIO_SetBits)
    i.HardFault_Handler                      0x080006a2   Section        0  stm32f4xx_it.o(i.HardFault_Handler)
    i.Infrared_GPIO_Config                   0x080006a4   Section        0  infrared.o(i.Infrared_GPIO_Config)
    i.MemManage_Handler                      0x08000708   Section        0  stm32f4xx_it.o(i.MemManage_Handler)
    i.NMI_Handler                            0x0800070a   Section        0  stm32f4xx_it.o(i.NMI_Handler)
    i.NVIC_Config                            0x0800070c   Section        0  infrared.o(i.NVIC_Config)
    i.NVIC_Init                              0x08000734   Section        0  misc.o(i.NVIC_Init)
    i.NVIC_PriorityGroupConfig               0x08000798   Section        0  misc.o(i.NVIC_PriorityGroupConfig)
    i.PendSV_Handler                         0x080007ac   Section        0  stm32f4xx_it.o(i.PendSV_Handler)
    i.RCC_AHB1PeriphClockCmd                 0x080007b0   Section        0  stm32f4xx_rcc.o(i.RCC_AHB1PeriphClockCmd)
    i.RCC_APB1PeriphClockCmd                 0x080007c8   Section        0  stm32f4xx_rcc.o(i.RCC_APB1PeriphClockCmd)
    i.RCC_APB2PeriphClockCmd                 0x080007e0   Section        0  stm32f4xx_rcc.o(i.RCC_APB2PeriphClockCmd)
    i.RCC_GetClocksFreq                      0x080007f8   Section        0  stm32f4xx_rcc.o(i.RCC_GetClocksFreq)
    i.SVC_Handler                            0x08000888   Section        0  stm32f4xx_it.o(i.SVC_Handler)
    i.SYSCFG_EXTILineConfig                  0x0800088c   Section        0  stm32f4xx_syscfg.o(i.SYSCFG_EXTILineConfig)
    i.SetSysClock                            0x080008b4   Section        0  system_stm32f4xx.o(i.SetSysClock)
    SetSysClock                              0x080008b5   Thumb Code   162  system_stm32f4xx.o(i.SetSysClock)
    i.SysTick_Handler                        0x08000968   Section        0  stm32f4xx_it.o(i.SysTick_Handler)
    i.SystemInit                             0x0800096c   Section        0  system_stm32f4xx.o(i.SystemInit)
    i.TIM1_TIM3_Config                       0x080009bc   Section        0  timer.o(i.TIM1_TIM3_Config)
    i.TIM2_Config                            0x08000aac   Section        0  timer.o(i.TIM2_Config)
    i.TIM2_IRQHandler                        0x08000b1c   Section        0  stm32f4xx_it.o(i.TIM2_IRQHandler)
    i.TIM5_IRQHandler                        0x08000be4   Section        0  stm32f4xx_it.o(i.TIM5_IRQHandler)
    i.TIM_ARRPreloadConfig                   0x08000c00   Section        0  stm32f4xx_tim.o(i.TIM_ARRPreloadConfig)
    i.TIM_ClearITPendingBit                  0x08000c14   Section        0  stm32f4xx_tim.o(i.TIM_ClearITPendingBit)
    i.TIM_Cmd                                0x08000c1a   Section        0  stm32f4xx_tim.o(i.TIM_Cmd)
    i.TIM_CtrlPWMOutputs                     0x08000c2e   Section        0  stm32f4xx_tim.o(i.TIM_CtrlPWMOutputs)
    i.TIM_GetITStatus                        0x08000c44   Section        0  stm32f4xx_tim.o(i.TIM_GetITStatus)
    i.TIM_ITConfig                           0x08000c5c   Section        0  stm32f4xx_tim.o(i.TIM_ITConfig)
    i.TIM_OC1Init                            0x08000c6c   Section        0  stm32f4xx_tim.o(i.TIM_OC1Init)
    i.TIM_OC2Init                            0x08000ccc   Section        0  stm32f4xx_tim.o(i.TIM_OC2Init)
    i.TIM_OC3Init                            0x08000d4c   Section        0  stm32f4xx_tim.o(i.TIM_OC3Init)
    i.TIM_OC3PreloadConfig                   0x08000dc8   Section        0  stm32f4xx_tim.o(i.TIM_OC3PreloadConfig)
    i.TIM_TimeBaseInit                       0x08000dd4   Section        0  stm32f4xx_tim.o(i.TIM_TimeBaseInit)
    i.UART5_Configuration                    0x08000e50   Section        0  usart.o(i.UART5_Configuration)
    i.UART5_IRQHandler                       0x08000f28   Section        0  stm32f4xx_it.o(i.UART5_IRQHandler)
    i.USART2_Configuration                   0x08000f2c   Section        0  usart.o(i.USART2_Configuration)
    i.USART2_IRQHandler                      0x08000fe0   Section        0  stm32f4xx_it.o(i.USART2_IRQHandler)
    i.USART_Cmd                              0x08001080   Section        0  stm32f4xx_usart.o(i.USART_Cmd)
    i.USART_GetFlagStatus                    0x08001094   Section        0  stm32f4xx_usart.o(i.USART_GetFlagStatus)
    i.USART_ITConfig                         0x080010a2   Section        0  stm32f4xx_usart.o(i.USART_ITConfig)
    i.USART_Init                             0x080010d4   Section        0  stm32f4xx_usart.o(i.USART_Init)
    i.USART_ReceiveData                      0x0800118c   Section        0  stm32f4xx_usart.o(i.USART_ReceiveData)
    i.UsageFault_Handler                     0x08001194   Section        0  stm32f4xx_it.o(i.UsageFault_Handler)
    i.__scatterload_copy                     0x08001196   Section       14  handlers.o(i.__scatterload_copy)
    i.__scatterload_null                     0x080011a4   Section        2  handlers.o(i.__scatterload_null)
    i.__scatterload_zeroinit                 0x080011a6   Section       14  handlers.o(i.__scatterload_zeroinit)
    i.main                                   0x080011b4   Section        0  main.o(i.main)
    i.motor_backward                         0x08001204   Section        0  motor.o(i.motor_backward)
    i.motor_config                           0x08001214   Section        0  motor.o(i.motor_config)
    i.motor_forward                          0x08001310   Section        0  motor.o(i.motor_forward)
    i.motor_left_backward                    0x08001320   Section        0  motor.o(i.motor_left_backward)
    i.motor_left_forward                     0x0800132c   Section        0  motor.o(i.motor_left_forward)
    i.motor_right_backward                   0x08001338   Section        0  motor.o(i.motor_right_backward)
    i.motor_right_forward                    0x08001348   Section        0  motor.o(i.motor_right_forward)
    i.motor_setSpeed                         0x08001358   Section        0  motor.o(i.motor_setSpeed)
    i.motor_turn_left                        0x08001364   Section        0  motor.o(i.motor_turn_left)
    i.motor_turn_right                       0x080013a4   Section        0  motor.o(i.motor_turn_right)
    i.motor_wake                             0x080013e4   Section        0  motor.o(i.motor_wake)
    i.parseReceivedPack                      0x08001404   Section        0  strategy.o(i.parseReceivedPack)
    i.pwm1_config                            0x08001420   Section        0  pwm.o(i.pwm1_config)
    .data                                    0x20000000   Section        8  pwm.o(.data)
    .data                                    0x20000008   Section        1  strategy.o(.data)
    .data                                    0x20000009   Section        1  strategy.o(.data)
    .data                                    0x2000000a   Section        4  strategy.o(.data)
    .data                                    0x2000000e   Section        2  main.o(.data)
    .data                                    0x20000010   Section       20  system_stm32f4xx.o(.data)
    .data                                    0x20000024   Section       16  stm32f4xx_it.o(.data)
    counter                                  0x20000024   Data           1  stm32f4xx_it.o(.data)
    if_turn_l                                0x20000025   Data           1  stm32f4xx_it.o(.data)
    if_turn_r                                0x20000026   Data           1  stm32f4xx_it.o(.data)
    if_backward                              0x20000027   Data           1  stm32f4xx_it.o(.data)
    counter_l                                0x20000028   Data           4  stm32f4xx_it.o(.data)
    counter_r                                0x2000002c   Data           4  stm32f4xx_it.o(.data)
    counter_b                                0x20000030   Data           4  stm32f4xx_it.o(.data)
    .data                                    0x20000034   Section        6  adc_dma.o(.data)
    .data                                    0x2000003a   Section       16  stm32f4xx_rcc.o(.data)
    APBAHBPrescTable                         0x2000003a   Data          16  stm32f4xx_rcc.o(.data)
    .bss                                     0x2000004c   Section       23  strategy.o(.bss)
    STACK                                    0x20000068   Section     1024  startup_stm32f4xx.o(STACK)

    Global Symbols

    Symbol Name                              Value     Ov Type        Size  Object(Section)

    BuildAttributes$$THM_ISAv4$E$P$D$K$B$S$7EM$VFPi3$EXTD16$VFPS$VFMA$PE$A:L22UL41UL21$X:L11$S22US41US21$IEEE1$IW$USESV6$~STKCKD$USESV7$~SHL$OSPACE$EBA8$MICROLIB$REQ8$PRES8$EABIv2 0x00000000   Number         0  anon$$obj.o ABSOLUTE
    __ARM_use_no_argv                        0x00000000   Number         0  main.o ABSOLUTE
    __use_no_errno                           0x00000000   Number         0  useno.o ABSOLUTE
    __use_no_exception_handling              0x00000000   Number         0  useno.o ABSOLUTE
    __use_no_fp                              0x00000000   Number         0  useno.o ABSOLUTE
    __use_no_heap                            0x00000000   Number         0  useno.o ABSOLUTE
    __use_no_heap_region                     0x00000000   Number         0  useno.o ABSOLUTE
    __use_no_semihosting                     0x00000000   Number         0  useno.o ABSOLUTE
    __use_no_semihosting_swi                 0x00000000   Number         0  useno.o ABSOLUTE
    __use_no_signal_handling                 0x00000000   Number         0  useno.o ABSOLUTE
    __cpp_initialize__aeabi_                  - Undefined Weak Reference
    __cxa_finalize                            - Undefined Weak Reference
    __decompress                              - Undefined Weak Reference
    _clock_init                               - Undefined Weak Reference
    _microlib_exit                            - Undefined Weak Reference
    __Vectors_Size                           0x00000188   Number         0  startup_stm32f4xx.o ABSOLUTE
    __Vectors                                0x08000000   Data           4  startup_stm32f4xx.o(RESET)
    __Vectors_End                            0x08000188   Data           0  startup_stm32f4xx.o(RESET)
    __main                                   0x08000189   Thumb Code     0  entry.o(.ARM.Collect$$$$00000000)
    _main_stk                                0x08000189   Thumb Code     0  entry2.o(.ARM.Collect$$$$00000001)
    _main_scatterload                        0x0800018d   Thumb Code     0  entry5.o(.ARM.Collect$$$$00000004)
    __main_after_scatterload                 0x08000191   Thumb Code     0  entry5.o(.ARM.Collect$$$$00000004)
    _main_clock                              0x08000191   Thumb Code     0  entry7b.o(.ARM.Collect$$$$00000008)
    _main_cpp_init                           0x08000191   Thumb Code     0  entry8b.o(.ARM.Collect$$$$0000000A)
    _main_init                               0x08000191   Thumb Code     0  entry9a.o(.ARM.Collect$$$$0000000B)
    __rt_final_cpp                           0x08000199   Thumb Code     0  entry10a.o(.ARM.Collect$$$$0000000D)
    __rt_final_exit                          0x08000199   Thumb Code     0  entry11a.o(.ARM.Collect$$$$0000000F)
    Reset_Handler                            0x0800019d   Thumb Code     8  startup_stm32f4xx.o(.text)
    ADC_IRQHandler                           0x080001b7   Thumb Code     0  startup_stm32f4xx.o(.text)
    CAN1_RX0_IRQHandler                      0x080001b7   Thumb Code     0  startup_stm32f4xx.o(.text)
    CAN1_RX1_IRQHandler                      0x080001b7   Thumb Code     0  startup_stm32f4xx.o(.text)
    CAN1_SCE_IRQHandler                      0x080001b7   Thumb Code     0  startup_stm32f4xx.o(.text)
    CAN1_TX_IRQHandler                       0x080001b7   Thumb Code     0  startup_stm32f4xx.o(.text)
    CAN2_RX0_IRQHandler                      0x080001b7   Thumb Code     0  startup_stm32f4xx.o(.text)
    CAN2_RX1_IRQHandler                      0x080001b7   Thumb Code     0  startup_stm32f4xx.o(.text)
    CAN2_SCE_IRQHandler                      0x080001b7   Thumb Code     0  startup_stm32f4xx.o(.text)
    CAN2_TX_IRQHandler                       0x080001b7   Thumb Code     0  startup_stm32f4xx.o(.text)
    CRYP_IRQHandler                          0x080001b7   Thumb Code     0  startup_stm32f4xx.o(.text)
    DCMI_IRQHandler                          0x080001b7   Thumb Code     0  startup_stm32f4xx.o(.text)
    DMA1_Stream0_IRQHandler                  0x080001b7   Thumb Code     0  startup_stm32f4xx.o(.text)
    DMA1_Stream1_IRQHandler                  0x080001b7   Thumb Code     0  startup_stm32f4xx.o(.text)
    DMA1_Stream2_IRQHandler                  0x080001b7   Thumb Code     0  startup_stm32f4xx.o(.text)
    DMA1_Stream3_IRQHandler                  0x080001b7   Thumb Code     0  startup_stm32f4xx.o(.text)
    DMA1_Stream4_IRQHandler                  0x080001b7   Thumb Code     0  startup_stm32f4xx.o(.text)
    DMA1_Stream5_IRQHandler                  0x080001b7   Thumb Code     0  startup_stm32f4xx.o(.text)
    DMA1_Stream6_IRQHandler                  0x080001b7   Thumb Code     0  startup_stm32f4xx.o(.text)
    DMA1_Stream7_IRQHandler                  0x080001b7   Thumb Code     0  startup_stm32f4xx.o(.text)
    DMA2_Stream0_IRQHandler                  0x080001b7   Thumb Code     0  startup_stm32f4xx.o(.text)
    DMA2_Stream1_IRQHandler                  0x080001b7   Thumb Code     0  startup_stm32f4xx.o(.text)
    DMA2_Stream2_IRQHandler                  0x080001b7   Thumb Code     0  startup_stm32f4xx.o(.text)
    DMA2_Stream3_IRQHandler                  0x080001b7   Thumb Code     0  startup_stm32f4xx.o(.text)
    DMA2_Stream4_IRQHandler                  0x080001b7   Thumb Code     0  startup_stm32f4xx.o(.text)
    DMA2_Stream5_IRQHandler                  0x080001b7   Thumb Code     0  startup_stm32f4xx.o(.text)
    DMA2_Stream6_IRQHandler                  0x080001b7   Thumb Code     0  startup_stm32f4xx.o(.text)
    DMA2_Stream7_IRQHandler                  0x080001b7   Thumb Code     0  startup_stm32f4xx.o(.text)
    ETH_IRQHandler                           0x080001b7   Thumb Code     0  startup_stm32f4xx.o(.text)
    ETH_WKUP_IRQHandler                      0x080001b7   Thumb Code     0  startup_stm32f4xx.o(.text)
    EXTI0_IRQHandler                         0x080001b7   Thumb Code     0  startup_stm32f4xx.o(.text)
    EXTI15_10_IRQHandler                     0x080001b7   Thumb Code     0  startup_stm32f4xx.o(.text)
    EXTI1_IRQHandler                         0x080001b7   Thumb Code     0  startup_stm32f4xx.o(.text)
    EXTI2_IRQHandler                         0x080001b7   Thumb Code     0  startup_stm32f4xx.o(.text)
    EXTI3_IRQHandler                         0x080001b7   Thumb Code     0  startup_stm32f4xx.o(.text)
    EXTI4_IRQHandler                         0x080001b7   Thumb Code     0  startup_stm32f4xx.o(.text)
    FLASH_IRQHandler                         0x080001b7   Thumb Code     0  startup_stm32f4xx.o(.text)
    FPU_IRQHandler                           0x080001b7   Thumb Code     0  startup_stm32f4xx.o(.text)
    FSMC_IRQHandler                          0x080001b7   Thumb Code     0  startup_stm32f4xx.o(.text)
    HASH_RNG_IRQHandler                      0x080001b7   Thumb Code     0  startup_stm32f4xx.o(.text)
    I2C1_ER_IRQHandler                       0x080001b7   Thumb Code     0  startup_stm32f4xx.o(.text)
    I2C1_EV_IRQHandler                       0x080001b7   Thumb Code     0  startup_stm32f4xx.o(.text)
    I2C2_ER_IRQHandler                       0x080001b7   Thumb Code     0  startup_stm32f4xx.o(.text)
    I2C2_EV_IRQHandler                       0x080001b7   Thumb Code     0  startup_stm32f4xx.o(.text)
    I2C3_ER_IRQHandler                       0x080001b7   Thumb Code     0  startup_stm32f4xx.o(.text)
    I2C3_EV_IRQHandler                       0x080001b7   Thumb Code     0  startup_stm32f4xx.o(.text)
    OTG_FS_IRQHandler                        0x080001b7   Thumb Code     0  startup_stm32f4xx.o(.text)
    OTG_FS_WKUP_IRQHandler                   0x080001b7   Thumb Code     0  startup_stm32f4xx.o(.text)
    OTG_HS_EP1_IN_IRQHandler                 0x080001b7   Thumb Code     0  startup_stm32f4xx.o(.text)
    OTG_HS_EP1_OUT_IRQHandler                0x080001b7   Thumb Code     0  startup_stm32f4xx.o(.text)
    OTG_HS_IRQHandler                        0x080001b7   Thumb Code     0  startup_stm32f4xx.o(.text)
    OTG_HS_WKUP_IRQHandler                   0x080001b7   Thumb Code     0  startup_stm32f4xx.o(.text)
    PVD_IRQHandler                           0x080001b7   Thumb Code     0  startup_stm32f4xx.o(.text)
    RCC_IRQHandler                           0x080001b7   Thumb Code     0  startup_stm32f4xx.o(.text)
    RTC_Alarm_IRQHandler                     0x080001b7   Thumb Code     0  startup_stm32f4xx.o(.text)
    RTC_WKUP_IRQHandler                      0x080001b7   Thumb Code     0  startup_stm32f4xx.o(.text)
    SDIO_IRQHandler                          0x080001b7   Thumb Code     0  startup_stm32f4xx.o(.text)
    SPI1_IRQHandler                          0x080001b7   Thumb Code     0  startup_stm32f4xx.o(.text)
    SPI2_IRQHandler                          0x080001b7   Thumb Code     0  startup_stm32f4xx.o(.text)
    SPI3_IRQHandler                          0x080001b7   Thumb Code     0  startup_stm32f4xx.o(.text)
    TAMP_STAMP_IRQHandler                    0x080001b7   Thumb Code     0  startup_stm32f4xx.o(.text)
    TIM1_BRK_TIM9_IRQHandler                 0x080001b7   Thumb Code     0  startup_stm32f4xx.o(.text)
    TIM1_CC_IRQHandler                       0x080001b7   Thumb Code     0  startup_stm32f4xx.o(.text)
    TIM1_TRG_COM_TIM11_IRQHandler            0x080001b7   Thumb Code     0  startup_stm32f4xx.o(.text)
    TIM1_UP_TIM10_IRQHandler                 0x080001b7   Thumb Code     0  startup_stm32f4xx.o(.text)
    TIM3_IRQHandler                          0x080001b7   Thumb Code     0  startup_stm32f4xx.o(.text)
    TIM4_IRQHandler                          0x080001b7   Thumb Code     0  startup_stm32f4xx.o(.text)
    TIM6_DAC_IRQHandler                      0x080001b7   Thumb Code     0  startup_stm32f4xx.o(.text)
    TIM7_IRQHandler                          0x080001b7   Thumb Code     0  startup_stm32f4xx.o(.text)
    TIM8_BRK_TIM12_IRQHandler                0x080001b7   Thumb Code     0  startup_stm32f4xx.o(.text)
    TIM8_CC_IRQHandler                       0x080001b7   Thumb Code     0  startup_stm32f4xx.o(.text)
    TIM8_TRG_COM_TIM14_IRQHandler            0x080001b7   Thumb Code     0  startup_stm32f4xx.o(.text)
    TIM8_UP_TIM13_IRQHandler                 0x080001b7   Thumb Code     0  startup_stm32f4xx.o(.text)
    UART4_IRQHandler                         0x080001b7   Thumb Code     0  startup_stm32f4xx.o(.text)
    USART1_IRQHandler                        0x080001b7   Thumb Code     0  startup_stm32f4xx.o(.text)
    USART3_IRQHandler                        0x080001b7   Thumb Code     0  startup_stm32f4xx.o(.text)
    USART6_IRQHandler                        0x080001b7   Thumb Code     0  startup_stm32f4xx.o(.text)
    WWDG_IRQHandler                          0x080001b7   Thumb Code     0  startup_stm32f4xx.o(.text)
    __aeabi_memcpy                           0x080001c1   Thumb Code    36  memcpya.o(.text)
    __aeabi_memcpy4                          0x080001c1   Thumb Code     0  memcpya.o(.text)
    __aeabi_memcpy8                          0x080001c1   Thumb Code     0  memcpya.o(.text)
    __scatterload                            0x080001e5   Thumb Code    28  init.o(.text)
    __scatterload_rt2                        0x080001e5   Thumb Code     0  init.o(.text)
    ADC1_CH4_CH5_DMA_Config                  0x08000209   Thumb Code   202  adc_dma.o(i.ADC1_CH4_CH5_DMA_Config)
    ADC3_CH12_DMA_Config                     0x080002e9   Thumb Code   190  adc_dma.o(i.ADC3_CH12_DMA_Config)
    ADC_Cmd                                  0x080003bd   Thumb Code    20  stm32f4xx_adc.o(i.ADC_Cmd)
    ADC_CommonInit                           0x080003d1   Thumb Code    30  stm32f4xx_adc.o(i.ADC_CommonInit)
    ADC_DMACmd                               0x080003f9   Thumb Code    20  stm32f4xx_adc.o(i.ADC_DMACmd)
    ADC_DMARequestAfterLastTransferCmd       0x0800040d   Thumb Code    20  stm32f4xx_adc.o(i.ADC_DMARequestAfterLastTransferCmd)
    ADC_Init                                 0x08000421   Thumb Code    66  stm32f4xx_adc.o(i.ADC_Init)
    ADC_RegularChannelConfig                 0x0800046d   Thumb Code   116  stm32f4xx_adc.o(i.ADC_RegularChannelConfig)
    ADC_SoftwareStartConv                    0x080004e1   Thumb Code    10  stm32f4xx_adc.o(i.ADC_SoftwareStartConv)
    BusFault_Handler                         0x080004eb   Thumb Code     2  stm32f4xx_it.o(i.BusFault_Handler)
    DMA_Cmd                                  0x080004ed   Thumb Code    20  stm32f4xx_dma.o(i.DMA_Cmd)
    DMA_Init                                 0x08000501   Thumb Code    80  stm32f4xx_dma.o(i.DMA_Init)
    DebugMon_Handler                         0x08000555   Thumb Code     2  stm32f4xx_it.o(i.DebugMon_Handler)
    Delay                                    0x08000557   Thumb Code    16  common.o(i.Delay)
    EXTI9_5_IRQHandler                       0x08000567   Thumb Code     2  stm32f4xx_it.o(i.EXTI9_5_IRQHandler)
    EXTI_Init                                0x08000569   Thumb Code   108  stm32f4xx_exti.o(i.EXTI_Init)
    GPIO_Init                                0x080005d9   Thumb Code   162  stm32f4xx_gpio.o(i.GPIO_Init)
    GPIO_PinAFConfig                         0x0800067b   Thumb Code    32  stm32f4xx_gpio.o(i.GPIO_PinAFConfig)
    GPIO_ResetBits                           0x0800069b   Thumb Code     4  stm32f4xx_gpio.o(i.GPIO_ResetBits)
    GPIO_SetBits                             0x0800069f   Thumb Code     4  stm32f4xx_gpio.o(i.GPIO_SetBits)
    HardFault_Handler                        0x080006a3   Thumb Code     2  stm32f4xx_it.o(i.HardFault_Handler)
    Infrared_GPIO_Config                     0x080006a5   Thumb Code    94  infrared.o(i.Infrared_GPIO_Config)
    MemManage_Handler                        0x08000709   Thumb Code     2  stm32f4xx_it.o(i.MemManage_Handler)
    NMI_Handler                              0x0800070b   Thumb Code     2  stm32f4xx_it.o(i.NMI_Handler)
    NVIC_Config                              0x0800070d   Thumb Code    40  infrared.o(i.NVIC_Config)
    NVIC_Init                                0x08000735   Thumb Code    92  misc.o(i.NVIC_Init)
    NVIC_PriorityGroupConfig                 0x08000799   Thumb Code    10  misc.o(i.NVIC_PriorityGroupConfig)
    PendSV_Handler                           0x080007ad   Thumb Code     2  stm32f4xx_it.o(i.PendSV_Handler)
    RCC_AHB1PeriphClockCmd                   0x080007b1   Thumb Code    18  stm32f4xx_rcc.o(i.RCC_AHB1PeriphClockCmd)
    RCC_APB1PeriphClockCmd                   0x080007c9   Thumb Code    18  stm32f4xx_rcc.o(i.RCC_APB1PeriphClockCmd)
    RCC_APB2PeriphClockCmd                   0x080007e1   Thumb Code    18  stm32f4xx_rcc.o(i.RCC_APB2PeriphClockCmd)
    RCC_GetClocksFreq                        0x080007f9   Thumb Code   132  stm32f4xx_rcc.o(i.RCC_GetClocksFreq)
    SVC_Handler                              0x08000889   Thumb Code     2  stm32f4xx_it.o(i.SVC_Handler)
    SYSCFG_EXTILineConfig                    0x0800088d   Thumb Code    34  stm32f4xx_syscfg.o(i.SYSCFG_EXTILineConfig)
    SysTick_Handler                          0x08000969   Thumb Code     2  stm32f4xx_it.o(i.SysTick_Handler)
    SystemInit                               0x0800096d   Thumb Code    62  system_stm32f4xx.o(i.SystemInit)
    TIM1_TIM3_Config                         0x080009bd   Thumb Code   224  timer.o(i.TIM1_TIM3_Config)
    TIM2_Config                              0x08000aad   Thumb Code   102  timer.o(i.TIM2_Config)
    TIM2_IRQHandler                          0x08000b1d   Thumb Code   188  stm32f4xx_it.o(i.TIM2_IRQHandler)
    TIM5_IRQHandler                          0x08000be5   Thumb Code    20  stm32f4xx_it.o(i.TIM5_IRQHandler)
    TIM_ARRPreloadConfig                     0x08000c01   Thumb Code    20  stm32f4xx_tim.o(i.TIM_ARRPreloadConfig)
    TIM_ClearITPendingBit                    0x08000c15   Thumb Code     6  stm32f4xx_tim.o(i.TIM_ClearITPendingBit)
    TIM_Cmd                                  0x08000c1b   Thumb Code    20  stm32f4xx_tim.o(i.TIM_Cmd)
    TIM_CtrlPWMOutputs                       0x08000c2f   Thumb Code    22  stm32f4xx_tim.o(i.TIM_CtrlPWMOutputs)
    TIM_GetITStatus                          0x08000c45   Thumb Code    24  stm32f4xx_tim.o(i.TIM_GetITStatus)
    TIM_ITConfig                             0x08000c5d   Thumb Code    16  stm32f4xx_tim.o(i.TIM_ITConfig)
    TIM_OC1Init                              0x08000c6d   Thumb Code    88  stm32f4xx_tim.o(i.TIM_OC1Init)
    TIM_OC2Init                              0x08000ccd   Thumb Code   120  stm32f4xx_tim.o(i.TIM_OC2Init)
    TIM_OC3Init                              0x08000d4d   Thumb Code   116  stm32f4xx_tim.o(i.TIM_OC3Init)
    TIM_OC3PreloadConfig                     0x08000dc9   Thumb Code    12  stm32f4xx_tim.o(i.TIM_OC3PreloadConfig)
    TIM_TimeBaseInit                         0x08000dd5   Thumb Code    96  stm32f4xx_tim.o(i.TIM_TimeBaseInit)
    UART5_Configuration                      0x08000e51   Thumb Code   202  usart.o(i.UART5_Configuration)
    UART5_IRQHandler                         0x08000f29   Thumb Code     2  stm32f4xx_it.o(i.UART5_IRQHandler)
    USART2_Configuration                     0x08000f2d   Thumb Code   172  usart.o(i.USART2_Configuration)
    USART2_IRQHandler                        0x08000fe1   Thumb Code   144  stm32f4xx_it.o(i.USART2_IRQHandler)
    USART_Cmd                                0x08001081   Thumb Code    20  stm32f4xx_usart.o(i.USART_Cmd)
    USART_GetFlagStatus                      0x08001095   Thumb Code    14  stm32f4xx_usart.o(i.USART_GetFlagStatus)
    USART_ITConfig                           0x080010a3   Thumb Code    48  stm32f4xx_usart.o(i.USART_ITConfig)
    USART_Init                               0x080010d5   Thumb Code   174  stm32f4xx_usart.o(i.USART_Init)
    USART_ReceiveData                        0x0800118d   Thumb Code     8  stm32f4xx_usart.o(i.USART_ReceiveData)
    UsageFault_Handler                       0x08001195   Thumb Code     2  stm32f4xx_it.o(i.UsageFault_Handler)
    __scatterload_copy                       0x08001197   Thumb Code    14  handlers.o(i.__scatterload_copy)
    __scatterload_null                       0x080011a5   Thumb Code     2  handlers.o(i.__scatterload_null)
    __scatterload_zeroinit                   0x080011a7   Thumb Code    14  handlers.o(i.__scatterload_zeroinit)
    main                                     0x080011b5   Thumb Code    68  main.o(i.main)
    motor_backward                           0x08001205   Thumb Code    14  motor.o(i.motor_backward)
    motor_config                             0x08001215   Thumb Code   234  motor.o(i.motor_config)
    motor_forward                            0x08001311   Thumb Code    14  motor.o(i.motor_forward)
    motor_left_backward                      0x08001321   Thumb Code     8  motor.o(i.motor_left_backward)
    motor_left_forward                       0x0800132d   Thumb Code     8  motor.o(i.motor_left_forward)
    motor_right_backward                     0x08001339   Thumb Code    10  motor.o(i.motor_right_backward)
    motor_right_forward                      0x08001349   Thumb Code    10  motor.o(i.motor_right_forward)
    motor_setSpeed                           0x08001359   Thumb Code     8  motor.o(i.motor_setSpeed)
    motor_turn_left                          0x08001365   Thumb Code    58  motor.o(i.motor_turn_left)
    motor_turn_right                         0x080013a5   Thumb Code    60  motor.o(i.motor_turn_right)
    motor_wake                               0x080013e5   Thumb Code    22  motor.o(i.motor_wake)
    parseReceivedPack                        0x08001405   Thumb Code    20  strategy.o(i.parseReceivedPack)
    pwm1_config                              0x08001421   Thumb Code   158  pwm.o(i.pwm1_config)
    Region$$Table$$Base                      0x080014d4   Number         0  anon$$obj.o(Region$$Table)
    Region$$Table$$Limit                     0x080014f4   Number         0  anon$$obj.o(Region$$Table)
    CCR1_Val                                 0x20000000   Data           2  pwm.o(.data)
    period                                   0x20000002   Data           2  pwm.o(.data)
    CCR2_Val                                 0x20000004   Data           2  pwm.o(.data)
    CCR3_Val                                 0x20000006   Data           2  pwm.o(.data)
    isFinished                               0x20000008   Data           1  strategy.o(.data)
    toBeReceive                              0x20000009   Data           1  strategy.o(.data)
    isParsed                                 0x2000000a   Data           1  strategy.o(.data)
    SendAI                                   0x2000000b   Data           3  strategy.o(.data)
    PrescalerValue                           0x2000000e   Data           2  main.o(.data)
    SystemCoreClock                          0x20000010   Data           4  system_stm32f4xx.o(.data)
    AHBPrescTable                            0x20000014   Data          16  system_stm32f4xx.o(.data)
    ADC3ConvertedValue                       0x20000034   Data           2  adc_dma.o(.data)
    ADC1ConvertedValue                       0x20000036   Data           4  adc_dma.o(.data)
    ReceiveAI                                0x2000004c   Data          23  strategy.o(.bss)
    __initial_sp                             0x20000468   Data           0  startup_stm32f4xx.o(STACK)



==============================================================================

Memory Map of the image

  Image Entry point : 0x08000189

  Load Region LR_IROM1 (Base: 0x08000000, Size: 0x00001540, Max: 0x00080000, ABSOLUTE)

    Execution Region ER_IROM1 (Base: 0x08000000, Size: 0x000014f4, Max: 0x00080000, ABSOLUTE)

    Base Addr    Size         Type   Attr      Idx    E Section Name        Object

    0x08000000   0x00000188   Data   RO         4470    RESET               startup_stm32f4xx.o
    0x08000188   0x00000000   Code   RO         4475  * .ARM.Collect$$$$00000000  mc_w.l(entry.o)
    0x08000188   0x00000004   Code   RO         4482    .ARM.Collect$$$$00000001  mc_w.l(entry2.o)
    0x0800018c   0x00000004   Code   RO         4485    .ARM.Collect$$$$00000004  mc_w.l(entry5.o)
    0x08000190   0x00000000   Code   RO         4487    .ARM.Collect$$$$00000008  mc_w.l(entry7b.o)
    0x08000190   0x00000000   Code   RO         4489    .ARM.Collect$$$$0000000A  mc_w.l(entry8b.o)
    0x08000190   0x00000008   Code   RO         4490    .ARM.Collect$$$$0000000B  mc_w.l(entry9a.o)
    0x08000198   0x00000000   Code   RO         4492    .ARM.Collect$$$$0000000D  mc_w.l(entry10a.o)
    0x08000198   0x00000000   Code   RO         4494    .ARM.Collect$$$$0000000F  mc_w.l(entry11a.o)
    0x08000198   0x00000004   Code   RO         4483    .ARM.Collect$$$$00002712  mc_w.l(entry2.o)
    0x0800019c   0x00000024   Code   RO         4471    .text               startup_stm32f4xx.o
    0x080001c0   0x00000024   Code   RO         4478    .text               mc_w.l(memcpya.o)
    0x080001e4   0x00000024   Code   RO         4496    .text               mc_w.l(init.o)
    0x08000208   0x000000e0   Code   RO          612    i.ADC1_CH4_CH5_DMA_Config  adc_dma.o
    0x080002e8   0x000000d4   Code   RO          613    i.ADC3_CH12_DMA_Config  adc_dma.o
    0x080003bc   0x00000014   Code   RO          733    i.ADC_Cmd           stm32f4xx_adc.o
    0x080003d0   0x00000028   Code   RO          734    i.ADC_CommonInit    stm32f4xx_adc.o
    0x080003f8   0x00000014   Code   RO          737    i.ADC_DMACmd        stm32f4xx_adc.o
    0x0800040c   0x00000014   Code   RO          738    i.ADC_DMARequestAfterLastTransferCmd  stm32f4xx_adc.o
    0x08000420   0x0000004c   Code   RO          753    i.ADC_Init          stm32f4xx_adc.o
    0x0800046c   0x00000074   Code   RO          758    i.ADC_RegularChannelConfig  stm32f4xx_adc.o
    0x080004e0   0x0000000a   Code   RO          760    i.ADC_SoftwareStartConv  stm32f4xx_adc.o
    0x080004ea   0x00000002   Code   RO          516    i.BusFault_Handler  stm32f4xx_it.o
    0x080004ec   0x00000014   Code   RO         1608    i.DMA_Cmd           stm32f4xx_dma.o
    0x08000500   0x00000054   Code   RO         1620    i.DMA_Init          stm32f4xx_dma.o
    0x08000554   0x00000002   Code   RO          517    i.DebugMon_Handler  stm32f4xx_it.o
    0x08000556   0x00000010   Code   RO          638    i.Delay             common.o
    0x08000566   0x00000002   Code   RO          518    i.EXTI9_5_IRQHandler  stm32f4xx_it.o
    0x08000568   0x00000070   Code   RO         3458    i.EXTI_Init         stm32f4xx_exti.o
    0x080005d8   0x000000a2   Code   RO         3511    i.GPIO_Init         stm32f4xx_gpio.o
    0x0800067a   0x00000020   Code   RO         3512    i.GPIO_PinAFConfig  stm32f4xx_gpio.o
    0x0800069a   0x00000004   Code   RO         3518    i.GPIO_ResetBits    stm32f4xx_gpio.o
    0x0800069e   0x00000004   Code   RO         3519    i.GPIO_SetBits      stm32f4xx_gpio.o
    0x080006a2   0x00000002   Code   RO          519    i.HardFault_Handler  stm32f4xx_it.o
    0x080006a4   0x00000064   Code   RO          654    i.Infrared_GPIO_Config  infrared.o
    0x08000708   0x00000002   Code   RO          520    i.MemManage_Handler  stm32f4xx_it.o
    0x0800070a   0x00000002   Code   RO          521    i.NMI_Handler       stm32f4xx_it.o
    0x0800070c   0x00000028   Code   RO          655    i.NVIC_Config       infrared.o
    0x08000734   0x00000064   Code   RO         3412    i.NVIC_Init         misc.o
    0x08000798   0x00000014   Code   RO         3413    i.NVIC_PriorityGroupConfig  misc.o
    0x080007ac   0x00000002   Code   RO          522    i.PendSV_Handler    stm32f4xx_it.o
    0x080007ae   0x00000002   PAD
    0x080007b0   0x00000018   Code   RO         3604    i.RCC_AHB1PeriphClockCmd  stm32f4xx_rcc.o
    0x080007c8   0x00000018   Code   RO         3613    i.RCC_APB1PeriphClockCmd  stm32f4xx_rcc.o
    0x080007e0   0x00000018   Code   RO         3616    i.RCC_APB2PeriphClockCmd  stm32f4xx_rcc.o
    0x080007f8   0x00000090   Code   RO         3625    i.RCC_GetClocksFreq  stm32f4xx_rcc.o
    0x08000888   0x00000002   Code   RO          523    i.SVC_Handler       stm32f4xx_it.o
    0x0800088a   0x00000002   PAD
    0x0800088c   0x00000028   Code   RO         3883    i.SYSCFG_EXTILineConfig  stm32f4xx_syscfg.o
    0x080008b4   0x000000b4   Code   RO          483    i.SetSysClock       system_stm32f4xx.o
    0x08000968   0x00000002   Code   RO          524    i.SysTick_Handler   stm32f4xx_it.o
    0x0800096a   0x00000002   PAD
    0x0800096c   0x00000050   Code   RO          485    i.SystemInit        system_stm32f4xx.o
    0x080009bc   0x000000f0   Code   RO          340    i.TIM1_TIM3_Config  timer.o
    0x08000aac   0x00000070   Code   RO          341    i.TIM2_Config       timer.o
    0x08000b1c   0x000000c8   Code   RO          525    i.TIM2_IRQHandler   stm32f4xx_it.o
    0x08000be4   0x0000001c   Code   RO          526    i.TIM5_IRQHandler   stm32f4xx_it.o
    0x08000c00   0x00000014   Code   RO         3928    i.TIM_ARRPreloadConfig  stm32f4xx_tim.o
    0x08000c14   0x00000006   Code   RO         3935    i.TIM_ClearITPendingBit  stm32f4xx_tim.o
    0x08000c1a   0x00000014   Code   RO         3940    i.TIM_Cmd           stm32f4xx_tim.o
    0x08000c2e   0x00000016   Code   RO         3942    i.TIM_CtrlPWMOutputs  stm32f4xx_tim.o
    0x08000c44   0x00000018   Code   RO         3961    i.TIM_GetITStatus   stm32f4xx_tim.o
    0x08000c5c   0x00000010   Code   RO         3965    i.TIM_ITConfig      stm32f4xx_tim.o
    0x08000c6c   0x00000060   Code   RO         3969    i.TIM_OC1Init       stm32f4xx_tim.o
    0x08000ccc   0x00000080   Code   RO         3974    i.TIM_OC2Init       stm32f4xx_tim.o
    0x08000d4c   0x0000007c   Code   RO         3979    i.TIM_OC3Init       stm32f4xx_tim.o
    0x08000dc8   0x0000000c   Code   RO         3982    i.TIM_OC3PreloadConfig  stm32f4xx_tim.o
    0x08000dd4   0x0000007c   Code   RO         4012    i.TIM_TimeBaseInit  stm32f4xx_tim.o
    0x08000e50   0x000000d8   Code   RO          368    i.UART5_Configuration  usart.o
    0x08000f28   0x00000002   Code   RO          527    i.UART5_IRQHandler  stm32f4xx_it.o
    0x08000f2a   0x00000002   PAD
    0x08000f2c   0x000000b4   Code   RO          369    i.USART2_Configuration  usart.o
    0x08000fe0   0x000000a0   Code   RO          528    i.USART2_IRQHandler  stm32f4xx_it.o
    0x08001080   0x00000014   Code   RO         3174    i.USART_Cmd         stm32f4xx_usart.o
    0x08001094   0x0000000e   Code   RO         3177    i.USART_GetFlagStatus  stm32f4xx_usart.o
    0x080010a2   0x00000030   Code   RO         3180    i.USART_ITConfig    stm32f4xx_usart.o
    0x080010d2   0x00000002   PAD
    0x080010d4   0x000000b8   Code   RO         3181    i.USART_Init        stm32f4xx_usart.o
    0x0800118c   0x00000008   Code   RO         3188    i.USART_ReceiveData  stm32f4xx_usart.o
    0x08001194   0x00000002   Code   RO          529    i.UsageFault_Handler  stm32f4xx_it.o
    0x08001196   0x0000000e   Code   RO         4500    i.__scatterload_copy  mc_w.l(handlers.o)
    0x080011a4   0x00000002   Code   RO         4501    i.__scatterload_null  mc_w.l(handlers.o)
    0x080011a6   0x0000000e   Code   RO         4502    i.__scatterload_zeroinit  mc_w.l(handlers.o)
    0x080011b4   0x00000050   Code   RO          451    i.main              main.o
    0x08001204   0x0000000e   Code   RO          130    i.motor_backward    motor.o
    0x08001212   0x00000002   PAD
    0x08001214   0x000000fc   Code   RO          132    i.motor_config      motor.o
    0x08001310   0x0000000e   Code   RO          133    i.motor_forward     motor.o
    0x0800131e   0x00000002   PAD
    0x08001320   0x0000000c   Code   RO          134    i.motor_left_backward  motor.o
    0x0800132c   0x0000000c   Code   RO          135    i.motor_left_forward  motor.o
    0x08001338   0x00000010   Code   RO          136    i.motor_right_backward  motor.o
    0x08001348   0x00000010   Code   RO          137    i.motor_right_forward  motor.o
    0x08001358   0x0000000c   Code   RO          141    i.motor_setSpeed    motor.o
    0x08001364   0x00000040   Code   RO          143    i.motor_turn_left   motor.o
    0x080013a4   0x00000040   Code   RO          144    i.motor_turn_right  motor.o
    0x080013e4   0x00000020   Code   RO          145    i.motor_wake        motor.o
    0x08001404   0x0000001c   Code   RO          308    i.parseReceivedPack  strategy.o
    0x08001420   0x000000b4   Code   RO          262    i.pwm1_config       pwm.o
    0x080014d4   0x00000020   Data   RO         4498    Region$$Table       anon$$obj.o


    Execution Region RW_IRAM1 (Base: 0x20000000, Size: 0x00000468, Max: 0x00020000, ABSOLUTE)

    Base Addr    Size         Type   Attr      Idx    E Section Name        Object

    0x20000000   0x00000008   Data   RW          266    .data               pwm.o
    0x20000008   0x00000001   Data   RW          311    .data               strategy.o
    0x20000009   0x00000001   Data   RW          312    .data               strategy.o
    0x2000000a   0x00000004   Data   RW          313    .data               strategy.o
    0x2000000e   0x00000002   Data   RW          452    .data               main.o
    0x20000010   0x00000014   Data   RW          486    .data               system_stm32f4xx.o
    0x20000024   0x00000010   Data   RW          530    .data               stm32f4xx_it.o
    0x20000034   0x00000006   Data   RW          614    .data               adc_dma.o
    0x2000003a   0x00000010   Data   RW         3648    .data               stm32f4xx_rcc.o
    0x2000004a   0x00000002   PAD
    0x2000004c   0x00000017   Zero   RW          310    .bss                strategy.o
    0x20000063   0x00000005   PAD
    0x20000068   0x00000400   Zero   RW         4468    STACK               startup_stm32f4xx.o


==============================================================================

Image component sizes


      Code (inc. data)   RO Data    RW Data    ZI Data      Debug   Object Name

         0          0          0          0          0     325368   adc.o
       436         44          0          6          0       2370   adc_dma.o
        16          0          0          0          0        532   common.o
       140          6          0          0          0       1229   infrared.o
        80         12          0          2          0        856   main.o
       120         18          0          0          0       1835   misc.o
       508         62          0          0          0       6840   motor.o
       180         22          0          8          0       1138   pwm.o
        36          8        392          0       1024        976   startup_stm32f4xx.o
       302         20          0          0          0       6171   stm32f4xx_adc.o
       104          4          0          0          0       2685   stm32f4xx_dma.o
       112          4          0          0          0       1244   stm32f4xx_exti.o
       202          0          0          0          0       3287   stm32f4xx_gpio.o
       410         36          0         16          0       7878   stm32f4xx_it.o
       216         30          0         16          0       4975   stm32f4xx_rcc.o
        40          6          0          0          0        728   stm32f4xx_syscfg.o
       592         52          0          0          0       9558   stm32f4xx_tim.o
       274         10          0          0          0       4520   stm32f4xx_usart.o
        28          8          0          6         23       2484   strategy.o
       260         36          0         20          0       2033   system_stm32f4xx.o
       352         26          0          0          0       1389   timer.o
       396         22          0          0          0       1577   usart.o

    ----------------------------------------------------------------------
      4818        426        424         76       1052     389673   Object Totals
         0          0         32          0          0          0   (incl. Generated)
        14          0          0          2          5          0   (incl. Padding)

    ----------------------------------------------------------------------

      Code (inc. data)   RO Data    RW Data    ZI Data      Debug   Library Member Name

         0          0          0          0          0          0   entry.o
         0          0          0          0          0          0   entry10a.o
         0          0          0          0          0          0   entry11a.o
         8          4          0          0          0          0   entry2.o
         4          0          0          0          0          0   entry5.o
         0          0          0          0          0          0   entry7b.o
         0          0          0          0          0          0   entry8b.o
         8          4          0          0          0          0   entry9a.o
        30          0          0          0          0          0   handlers.o
        36          8          0          0          0         68   init.o
        36          0          0          0          0         68   memcpya.o

    ----------------------------------------------------------------------
       122         16          0          0          0        136   Library Totals
         0          0          0          0          0          0   (incl. Padding)

    ----------------------------------------------------------------------

      Code (inc. data)   RO Data    RW Data    ZI Data      Debug   Library Name

       122         16          0          0          0        136   mc_w.l

    ----------------------------------------------------------------------
       122         16          0          0          0        136   Library Totals

    ----------------------------------------------------------------------

==============================================================================


      Code (inc. data)   RO Data    RW Data    ZI Data      Debug   

      4940        442        424         76       1052     383009   Grand Totals
      4940        442        424         76       1052     383009   ELF Image Totals
      4940        442        424         76          0          0   ROM Totals

==============================================================================

    Total RO  Size (Code + RO Data)                 5364 (   5.24kB)
    Total RW  Size (RW Data + ZI Data)              1128 (   1.10kB)
    Total ROM Size (Code + RO Data + RW Data)       5440 (   5.31kB)

==============================================================================

